[INBOUND]{"id":1,"src":"c1","dest":"n2","body":{"type":"init","node_id":"n2","node_ids":["n1","n2","n3","n4","n5"],"msg_id":1}}
Current callback ids: []
[INIT_OK] {"src":"n2","dest":"c1","body":{"type":"init_ok","in_reply_to":1,"msg_id":0}}
[INBOUND]{"id":14,"src":"c6","dest":"n2","body":{"type":"topology","topology":{"n1":["n4","n2"],"n2":["n5","n3","n1"],"n3":["n2"],"n4":["n1","n5"],"n5":["n2","n4"]},"msg_id":1}}
Current callback ids: []
[TOPOLOGY_OK] {"src":"n2","dest":"c6","body":{"type":"topology_ok","in_reply_to":1,"msg_id":0}}
[INBOUND]{"id":22,"src":"n1","dest":"n2","body":{"type":"broadcast","message":"0","msg_id":0}}
Current callback ids: []
BEGIN GOSSIP
[BROADCAST_OK] {"src":"n2","dest":"n1","body":{"type":"broadcast_ok","in_reply_to":0,"msg_id":0}}
Neighbors: [n3; n5]
Sending gossip broadcast from n2 to n3: {"src":"n2","dest":"n3","body":{"type":"broadcast","message":"0","msg_id":0}}
Sending gossip broadcast from n2 to n5: {"src":"n2","dest":"n5","body":{"type":"broadcast","message":"0","msg_id":1}}
[BROADCAST] {"src":"n2","dest":"n3","body":{"type":"broadcast","message":"0","msg_id":0}}
[BROADCAST] {"src":"n2","dest":"n5","body":{"type":"broadcast","message":"0","msg_id":1}}
[INBOUND]{"id":29,"src":"n3","dest":"n2","body":{"type":"broadcast_ok","in_reply_to":0,"msg_id":0}}
Current callback ids: [1; 0]
Invoking RPC callback: 
inbound_msg: {"id":29,"src":"n3","dest":"n2","body":{"type":"broadcast_ok","in_reply_to":0,"msg_id":0}}
[INBOUND]{"id":31,"src":"n5","dest":"n2","body":{"type":"broadcast_ok","in_reply_to":1,"msg_id":1}}
[INBOUND]{"id":32,"src":"n5","dest":"n2","body":{"type":"broadcast","message":"0","msg_id":0}}
[INBOUND]{"id":33,"src":"c11","dest":"n2","body":{"type":"broadcast","message":1,"msg_id":1}}
[INBOUND]{"id":36,"src":"n3","dest":"n2","body":{"type":"broadcast","message":"2","msg_id":0}}
[INBOUND]{"id":43,"src":"n3","dest":"n2","body":{"type":"broadcast","message":"4","msg_id":1}}
[INBOUND]{"id":46,"src":"n3","dest":"n2","body":{"type":"broadcast","message":"5","msg_id":2}}
[INBOUND]{"id":51,"src":"n1","dest":"n2","body":{"type":"broadcast","message":"0","msg_id":2}}
Sending gossip broadcast from n2 to n3: {"src":"n2","dest":"n3","body":{"type":"broadcast","message":"0","msg_id":2}}
Sending gossip broadcast from n2 to n5: {"src":"n2","dest":"n5","body":{"type":"broadcast","message":"0","msg_id":3}}
[BROADCAST] {"src":"n2","dest":"n3","body":{"type":"broadcast","message":"0","msg_id":2}}
[BROADCAST] {"src":"n2","dest":"n5","body":{"type":"broadcast","message":"0","msg_id":3}}
[INBOUND]{"id":57,"src":"n5","dest":"n2","body":{"type":"broadcast_ok","in_reply_to":3,"msg_id":3}}
[INBOUND]{"id":58,"src":"n5","dest":"n2","body":{"type":"broadcast","message":"0","msg_id":1}}
[INBOUND]{"id":61,"src":"n5","dest":"n2","body":{"type":"broadcast","message":"6","msg_id":2}}
[INBOUND]{"id":63,"src":"n3","dest":"n2","body":{"type":"broadcast","message":"2","msg_id":3}}
[INBOUND]{"id":73,"src":"n3","dest":"n2","body":{"type":"broadcast","message":"4","msg_id":4}}
[INBOUND]{"id":74,"src":"n3","dest":"n2","body":{"type":"broadcast","message":"5","msg_id":5}}
[INBOUND]{"id":79,"src":"n5","dest":"n2","body":{"type":"broadcast","message":"8","msg_id":4}}
[INBOUND]{"id":81,"src":"n5","dest":"n2","body":{"type":"broadcast","message":"0","msg_id":6}}
[INBOUND]{"id":84,"src":"n5","dest":"n2","body":{"type":"broadcast","message":"9","msg_id":7}}
[INBOUND]{"id":88,"src":"n5","dest":"n2","body":{"type":"broadcast","message":"10","msg_id":9}}
[INBOUND]{"id":90,"src":"n5","dest":"n2","body":{"type":"broadcast","message":"6","msg_id":11}}
[INBOUND]{"id":93,"src":"n5","dest":"n2","body":{"type":"broadcast","message":"8","msg_id":13}}
[INBOUND]{"id":95,"src":"n5","dest":"n2","body":{"type":"broadcast","message":"0","msg_id":15}}
[INBOUND]{"id":96,"src":"n5","dest":"n2","body":{"type":"broadcast","message":"9","msg_id":16}}
[INBOUND]{"id":98,"src":"n5","dest":"n2","body":{"type":"broadcast","message":"10","msg_id":18}}
[INBOUND]{"id":100,"src":"n5","dest":"n2","body":{"type":"broadcast","message":"6","msg_id":20}}
[INBOUND]{"id":102,"src":"c15","dest":"n2","body":{"type":"read","msg_id":1}}
[INBOUND]{"id":107,"src":"c15","dest":"n2","body":{"type":"read","msg_id":2}}
[INBOUND]{"id":112,"src":"c15","dest":"n2","body":{"type":"broadcast","message":15,"msg_id":3}}
[INBOUND]{"id":117,"src":"c23","dest":"n2","body":{"type":"read","msg_id":1}}
