[INBOUND]{"id":2,"src":"c2","dest":"n3","body":{"type":"init","node_id":"n3","node_ids":["n1","n2","n3","n4","n5"],"msg_id":1}}
Current callback ids: []
[INIT_OK] {"src":"n3","dest":"c2","body":{"type":"init_ok","in_reply_to":1,"msg_id":0}}
[INBOUND]{"id":13,"src":"c7","dest":"n3","body":{"type":"topology","topology":{"n1":["n4","n2"],"n2":["n5","n3","n1"],"n3":["n2"],"n4":["n1","n5"],"n5":["n2","n4"]},"msg_id":1}}
Current callback ids: []
[TOPOLOGY_OK] {"src":"n3","dest":"c7","body":{"type":"topology_ok","in_reply_to":1,"msg_id":0}}
[INBOUND]{"id":26,"src":"n2","dest":"n3","body":{"type":"broadcast","message":"0","msg_id":0}}
Current callback ids: []
BEGIN GOSSIP
[BROADCAST_OK] {"src":"n3","dest":"n2","body":{"type":"broadcast_ok","in_reply_to":0,"msg_id":0}}
Neighbors: []
END GOSSIP
[INBOUND]{"id":34,"src":"c12","dest":"n3","body":{"type":"broadcast","message":2,"msg_id":1}}
Current callback ids: []
BEGIN GOSSIP
[BROADCAST_OK] {"src":"n3","dest":"c12","body":{"type":"broadcast_ok","in_reply_to":1,"msg_id":1}}
Neighbors: [n2]
Sending gossip broadcast from n3 to n2: {"src":"n3","dest":"n2","body":{"type":"broadcast","message":"2","msg_id":0}}
[BROADCAST] {"src":"n3","dest":"n2","body":{"type":"broadcast","message":"2","msg_id":0}}
[INBOUND]{"id":41,"src":"c12","dest":"n3","body":{"type":"broadcast","message":4,"msg_id":2}}
Current callback ids: [0]
BEGIN GOSSIP
[BROADCAST_OK] {"src":"n3","dest":"c12","body":{"type":"broadcast_ok","in_reply_to":2,"msg_id":2}}
Neighbors: [n2]
Sending gossip broadcast from n3 to n2: {"src":"n3","dest":"n2","body":{"type":"broadcast","message":"4","msg_id":1}}
[BROADCAST] {"src":"n3","dest":"n2","body":{"type":"broadcast","message":"4","msg_id":1}}
[INBOUND]{"id":44,"src":"c12","dest":"n3","body":{"type":"broadcast","message":5,"msg_id":3}}
Current callback ids: [1; 0]
BEGIN GOSSIP
[BROADCAST_OK] {"src":"n3","dest":"c12","body":{"type":"broadcast_ok","in_reply_to":3,"msg_id":3}}
Neighbors: [n2]
Sending gossip broadcast from n3 to n2: {"src":"n3","dest":"n2","body":{"type":"broadcast","message":"5","msg_id":2}}
[BROADCAST] {"src":"n3","dest":"n2","body":{"type":"broadcast","message":"5","msg_id":2}}
[INBOUND]{"id":47,"src":"c12","dest":"n3","body":{"type":"read","msg_id":4}}
Current callback ids: [1; 0; 2]
[READ_OK] {"src":"n3","dest":"c12","body":{"type":"read_ok","messages":["0","2","4","5"],"in_reply_to":4,"msg_id":3}}
[INBOUND]{"id":54,"src":"n2","dest":"n3","body":{"type":"broadcast","message":"0","msg_id":2}}
Current callback ids: [1; 0; 2]
Invoking RPC callback: 
inbound_msg: {"id":54,"src":"n2","dest":"n3","body":{"type":"broadcast","message":"0","msg_id":2}}
Sending gossip broadcast from n3 to n2: {"src":"n3","dest":"n2","body":{"type":"broadcast","message":"2","msg_id":3}}
[BROADCAST] {"src":"n3","dest":"n2","body":{"type":"broadcast","message":"2","msg_id":3}}
[INBOUND]{"id":64,"src":"c12","dest":"n3","body":{"type":"broadcast","message":7,"msg_id":5}}
Sending gossip broadcast from n3 to n2: {"src":"n3","dest":"n2","body":{"type":"broadcast","message":"4","msg_id":4}}
[BROADCAST] {"src":"n3","dest":"n2","body":{"type":"broadcast","message":"4","msg_id":4}}
Sending gossip broadcast from n3 to n2: {"src":"n3","dest":"n2","body":{"type":"broadcast","message":"5","msg_id":5}}
[BROADCAST] {"src":"n3","dest":"n2","body":{"type":"broadcast","message":"5","msg_id":5}}
[INBOUND]{"id":105,"src":"c17","dest":"n3","body":{"type":"broadcast","message":12,"msg_id":1}}
[INBOUND]{"id":110,"src":"c19","dest":"n3","body":{"type":"broadcast","message":14,"msg_id":1}}
[INBOUND]{"id":115,"src":"c21","dest":"n3","body":{"type":"read","msg_id":1}}
[INBOUND]{"id":120,"src":"c21","dest":"n3","body":{"type":"read","msg_id":2}}
