[INBOUND]{"id":0,"src":"c0","dest":"n4","body":{"type":"init","node_id":"n4","node_ids":["n1","n2","n3","n4","n5"],"msg_id":1}}
Current callback ids: []
[INIT_OK] {"src":"n4","dest":"c0","body":{"type":"init_ok","in_reply_to":1,"msg_id":0}}
[INBOUND]{"id":12,"src":"c8","dest":"n4","body":{"type":"topology","topology":{"n1":["n4","n2"],"n2":["n5","n3","n1"],"n3":["n2"],"n4":["n1","n5"],"n5":["n2","n4"]},"msg_id":1}}
Current callback ids: []
[TOPOLOGY_OK] {"src":"n4","dest":"c8","body":{"type":"topology_ok","in_reply_to":1,"msg_id":0}}
[INBOUND]{"id":23,"src":"n1","dest":"n4","body":{"type":"broadcast","message":"0","msg_id":1}}
Current callback ids: []
BEGIN GOSSIP
[BROADCAST_OK] {"src":"n4","dest":"n1","body":{"type":"broadcast_ok","in_reply_to":1,"msg_id":1}}
Neighbors: [n5]
Sending gossip broadcast from n4 to n5: {"src":"n4","dest":"n5","body":{"type":"broadcast","message":"0","msg_id":0}}
[BROADCAST] {"src":"n4","dest":"n5","body":{"type":"broadcast","message":"0","msg_id":0}}
[INBOUND]{"id":30,"src":"n5","dest":"n4","body":{"type":"broadcast_ok","in_reply_to":0,"msg_id":0}}
Current callback ids: [0]
Invoking RPC callback: 
inbound_msg: {"id":30,"src":"n5","dest":"n4","body":{"type":"broadcast_ok","in_reply_to":0,"msg_id":0}}
[INBOUND]{"id":37,"src":"c13","dest":"n4","body":{"type":"broadcast","message":3,"msg_id":1}}
[INBOUND]{"id":52,"src":"n1","dest":"n4","body":{"type":"broadcast","message":"0","msg_id":3}}
Sending gossip broadcast from n4 to n5: {"src":"n4","dest":"n5","body":{"type":"broadcast","message":"0","msg_id":1}}
[BROADCAST] {"src":"n4","dest":"n5","body":{"type":"broadcast","message":"0","msg_id":1}}
[INBOUND]{"id":56,"src":"n5","dest":"n4","body":{"type":"broadcast_ok","in_reply_to":1,"msg_id":1}}
[INBOUND]{"id":62,"src":"n5","dest":"n4","body":{"type":"broadcast","message":"6","msg_id":3}}
[INBOUND]{"id":80,"src":"n5","dest":"n4","body":{"type":"broadcast","message":"8","msg_id":5}}
[INBOUND]{"id":85,"src":"n5","dest":"n4","body":{"type":"broadcast","message":"9","msg_id":8}}
[INBOUND]{"id":89,"src":"n5","dest":"n4","body":{"type":"broadcast","message":"10","msg_id":10}}
[INBOUND]{"id":91,"src":"n5","dest":"n4","body":{"type":"broadcast","message":"6","msg_id":12}}
[INBOUND]{"id":94,"src":"n5","dest":"n4","body":{"type":"broadcast","message":"8","msg_id":14}}
[INBOUND]{"id":97,"src":"n5","dest":"n4","body":{"type":"broadcast","message":"9","msg_id":17}}
[INBOUND]{"id":99,"src":"n5","dest":"n4","body":{"type":"broadcast","message":"10","msg_id":19}}
[INBOUND]{"id":101,"src":"n5","dest":"n4","body":{"type":"broadcast","message":"6","msg_id":21}}
[INBOUND]{"id":103,"src":"c16","dest":"n4","body":{"type":"read","msg_id":1}}
[INBOUND]{"id":108,"src":"c16","dest":"n4","body":{"type":"broadcast","message":13,"msg_id":2}}
[INBOUND]{"id":113,"src":"c20","dest":"n4","body":{"type":"broadcast","message":16,"msg_id":1}}
[INBOUND]{"id":119,"src":"c24","dest":"n4","body":{"type":"read","msg_id":1}}
