[INBOUND]{"id":3,"src":"c3","dest":"n5","body":{"type":"init","node_id":"n5","node_ids":["n1","n2","n3","n4","n5"],"msg_id":1}}
Current callback ids: []
[INIT_OK] {"src":"n5","dest":"c3","body":{"type":"init_ok","in_reply_to":1,"msg_id":0}}
[INBOUND]{"id":10,"src":"c9","dest":"n5","body":{"type":"topology","topology":{"n1":["n4","n2"],"n2":["n5","n3","n1"],"n3":["n2"],"n4":["n1","n5"],"n5":["n2","n4"]},"msg_id":1}}
Current callback ids: []
[TOPOLOGY_OK] {"src":"n5","dest":"c9","body":{"type":"topology_ok","in_reply_to":1,"msg_id":0}}
[INBOUND]{"id":27,"src":"n4","dest":"n5","body":{"type":"broadcast","message":"0","msg_id":0}}
Current callback ids: []
[INBOUND]{"id":28,"src":"n2","dest":"n5","body":{"type":"broadcast","message":"0","msg_id":1}}
BEGIN GOSSIP
[BROADCAST_OK] {"src":"n5","dest":"n4","body":{"type":"broadcast_ok","in_reply_to":0,"msg_id":0}}
Current callback ids: []
Neighbors: [n2]
[BROADCAST_OK] {"src":"n5","dest":"n2","body":{"type":"broadcast_ok","in_reply_to":1,"msg_id":1}}
Sending gossip broadcast from n5 to n2: {"src":"n5","dest":"n2","body":{"type":"broadcast","message":"0","msg_id":0}}
[BROADCAST] {"src":"n5","dest":"n2","body":{"type":"broadcast","message":"0","msg_id":0}}
[INBOUND]{"id":38,"src":"c14","dest":"n5","body":{"type":"read","msg_id":1}}
Current callback ids: [0]
[READ_OK] {"src":"n5","dest":"c14","body":{"type":"read_ok","messages":["0"],"in_reply_to":1,"msg_id":1}}
[INBOUND]{"id":49,"src":"c14","dest":"n5","body":{"type":"read","msg_id":2}}
Current callback ids: [0]
[READ_OK] {"src":"n5","dest":"c14","body":{"type":"read_ok","messages":["0"],"in_reply_to":2,"msg_id":1}}
[INBOUND]{"id":53,"src":"n4","dest":"n5","body":{"type":"broadcast","message":"0","msg_id":1}}
Current callback ids: [0]
[BROADCAST_OK] {"src":"n5","dest":"n4","body":{"type":"broadcast_ok","in_reply_to":1,"msg_id":1}}
[INBOUND]{"id":55,"src":"n2","dest":"n5","body":{"type":"broadcast","message":"0","msg_id":3}}
Current callback ids: [0]
[BROADCAST_OK] {"src":"n5","dest":"n2","body":{"type":"broadcast_ok","in_reply_to":3,"msg_id":3}}
Sending gossip broadcast from n5 to n2: {"src":"n5","dest":"n2","body":{"type":"broadcast","message":"0","msg_id":1}}
[BROADCAST] {"src":"n5","dest":"n2","body":{"type":"broadcast","message":"0","msg_id":1}}
[INBOUND]{"id":59,"src":"c14","dest":"n5","body":{"type":"broadcast","message":6,"msg_id":3}}
Current callback ids: [1; 0]
BEGIN GOSSIP
[BROADCAST_OK] {"src":"n5","dest":"c14","body":{"type":"broadcast_ok","in_reply_to":3,"msg_id":3}}
Neighbors: [n2; n4]
Sending gossip broadcast from n5 to n2: {"src":"n5","dest":"n2","body":{"type":"broadcast","message":"6","msg_id":2}}
Sending gossip broadcast from n5 to n4: {"src":"n5","dest":"n4","body":{"type":"broadcast","message":"6","msg_id":3}}
[BROADCAST] {"src":"n5","dest":"n2","body":{"type":"broadcast","message":"6","msg_id":2}}
[BROADCAST] {"src":"n5","dest":"n4","body":{"type":"broadcast","message":"6","msg_id":3}}
[INBOUND]{"id":65,"src":"c14","dest":"n5","body":{"type":"read","msg_id":4}}
Current callback ids: [1; 0; 3; 2]
[READ_OK] {"src":"n5","dest":"c14","body":{"type":"read_ok","messages":["0","6"],"in_reply_to":4,"msg_id":4}}
[INBOUND]{"id":67,"src":"c14","dest":"n5","body":{"type":"read","msg_id":5}}
Current callback ids: [1; 0; 3; 2]
[READ_OK] {"src":"n5","dest":"c14","body":{"type":"read_ok","messages":["0","6"],"in_reply_to":5,"msg_id":4}}
[INBOUND]{"id":69,"src":"c14","dest":"n5","body":{"type":"read","msg_id":6}}
Current callback ids: [1; 0; 3; 2]
[READ_OK] {"src":"n5","dest":"c14","body":{"type":"read_ok","messages":["0","6"],"in_reply_to":6,"msg_id":4}}
[INBOUND]{"id":71,"src":"c14","dest":"n5","body":{"type":"read","msg_id":7}}
Current callback ids: [1; 0; 3; 2]
[READ_OK] {"src":"n5","dest":"c14","body":{"type":"read_ok","messages":["0","6"],"in_reply_to":7,"msg_id":4}}
[INBOUND]{"id":75,"src":"c14","dest":"n5","body":{"type":"read","msg_id":8}}
Current callback ids: [1; 0; 3; 2]
[READ_OK] {"src":"n5","dest":"c14","body":{"type":"read_ok","messages":["0","6"],"in_reply_to":8,"msg_id":4}}
[INBOUND]{"id":77,"src":"c14","dest":"n5","body":{"type":"broadcast","message":8,"msg_id":9}}
Current callback ids: [1; 0; 3; 2]
BEGIN GOSSIP
[BROADCAST_OK] {"src":"n5","dest":"c14","body":{"type":"broadcast_ok","in_reply_to":9,"msg_id":9}}
Neighbors: [n2; n4]
Sending gossip broadcast from n5 to n2: {"src":"n5","dest":"n2","body":{"type":"broadcast","message":"8","msg_id":4}}
Sending gossip broadcast from n5 to n4: {"src":"n5","dest":"n4","body":{"type":"broadcast","message":"8","msg_id":5}}
[BROADCAST] {"src":"n5","dest":"n2","body":{"type":"broadcast","message":"8","msg_id":4}}
[BROADCAST] {"src":"n5","dest":"n4","body":{"type":"broadcast","message":"8","msg_id":5}}
Sending gossip broadcast from n5 to n2: {"src":"n5","dest":"n2","body":{"type":"broadcast","message":"0","msg_id":6}}
[BROADCAST] {"src":"n5","dest":"n2","body":{"type":"broadcast","message":"0","msg_id":6}}
[INBOUND]{"id":82,"src":"c14","dest":"n5","body":{"type":"broadcast","message":9,"msg_id":10}}
Current callback ids: [1; 0; 4; 5; 3; 2; 6]
BEGIN GOSSIP
[BROADCAST_OK] {"src":"n5","dest":"c14","body":{"type":"broadcast_ok","in_reply_to":10,"msg_id":10}}
Neighbors: [n2; n4]
Sending gossip broadcast from n5 to n2: {"src":"n5","dest":"n2","body":{"type":"broadcast","message":"9","msg_id":7}}
Sending gossip broadcast from n5 to n4: {"src":"n5","dest":"n4","body":{"type":"broadcast","message":"9","msg_id":8}}
[BROADCAST] {"src":"n5","dest":"n2","body":{"type":"broadcast","message":"9","msg_id":7}}
[BROADCAST] {"src":"n5","dest":"n4","body":{"type":"broadcast","message":"9","msg_id":8}}
[INBOUND]{"id":86,"src":"c14","dest":"n5","body":{"type":"broadcast","message":10,"msg_id":11}}
Current callback ids: [1; 0; 4; 5; 3; 7; 8; 2; 6]
BEGIN GOSSIP
[BROADCAST_OK] {"src":"n5","dest":"c14","body":{"type":"broadcast_ok","in_reply_to":11,"msg_id":11}}
Neighbors: [n2; n4]
Sending gossip broadcast from n5 to n2: {"src":"n5","dest":"n2","body":{"type":"broadcast","message":"10","msg_id":9}}
Sending gossip broadcast from n5 to n4: {"src":"n5","dest":"n4","body":{"type":"broadcast","message":"10","msg_id":10}}
[BROADCAST] {"src":"n5","dest":"n2","body":{"type":"broadcast","message":"10","msg_id":9}}
[BROADCAST] {"src":"n5","dest":"n4","body":{"type":"broadcast","message":"10","msg_id":10}}
Sending gossip broadcast from n5 to n2: {"src":"n5","dest":"n2","body":{"type":"broadcast","message":"6","msg_id":11}}
Sending gossip broadcast from n5 to n4: {"src":"n5","dest":"n4","body":{"type":"broadcast","message":"6","msg_id":12}}
[BROADCAST] {"src":"n5","dest":"n2","body":{"type":"broadcast","message":"6","msg_id":11}}
[BROADCAST] {"src":"n5","dest":"n4","body":{"type":"broadcast","message":"6","msg_id":12}}
[INBOUND]{"id":92,"src":"c14","dest":"n5","body":{"type":"read","msg_id":12}}
Current callback ids: [1; 10; 0; 11; 9; 4; 5; 12; 3; 7; 8; 2; 6]
Invoking RPC callback: 
inbound_msg: {"id":92,"src":"c14","dest":"n5","body":{"type":"read","msg_id":12}}
Sending gossip broadcast from n5 to n2: {"src":"n5","dest":"n2","body":{"type":"broadcast","message":"8","msg_id":13}}
Sending gossip broadcast from n5 to n4: {"src":"n5","dest":"n4","body":{"type":"broadcast","message":"8","msg_id":14}}
[BROADCAST] {"src":"n5","dest":"n2","body":{"type":"broadcast","message":"8","msg_id":13}}
[BROADCAST] {"src":"n5","dest":"n4","body":{"type":"broadcast","message":"8","msg_id":14}}
Sending gossip broadcast from n5 to n2: {"src":"n5","dest":"n2","body":{"type":"broadcast","message":"0","msg_id":15}}
[BROADCAST] {"src":"n5","dest":"n2","body":{"type":"broadcast","message":"0","msg_id":15}}
Sending gossip broadcast from n5 to n2: {"src":"n5","dest":"n2","body":{"type":"broadcast","message":"9","msg_id":16}}
Sending gossip broadcast from n5 to n4: {"src":"n5","dest":"n4","body":{"type":"broadcast","message":"9","msg_id":17}}
[BROADCAST] {"src":"n5","dest":"n2","body":{"type":"broadcast","message":"9","msg_id":16}}
[BROADCAST] {"src":"n5","dest":"n4","body":{"type":"broadcast","message":"9","msg_id":17}}
Sending gossip broadcast from n5 to n2: {"src":"n5","dest":"n2","body":{"type":"broadcast","message":"10","msg_id":18}}
Sending gossip broadcast from n5 to n4: {"src":"n5","dest":"n4","body":{"type":"broadcast","message":"10","msg_id":19}}
[BROADCAST] {"src":"n5","dest":"n2","body":{"type":"broadcast","message":"10","msg_id":18}}
[BROADCAST] {"src":"n5","dest":"n4","body":{"type":"broadcast","message":"10","msg_id":19}}
Sending gossip broadcast from n5 to n2: {"src":"n5","dest":"n2","body":{"type":"broadcast","message":"6","msg_id":20}}
Sending gossip broadcast from n5 to n4: {"src":"n5","dest":"n4","body":{"type":"broadcast","message":"6","msg_id":21}}
[BROADCAST] {"src":"n5","dest":"n2","body":{"type":"broadcast","message":"6","msg_id":20}}
[BROADCAST] {"src":"n5","dest":"n4","body":{"type":"broadcast","message":"6","msg_id":21}}
[INBOUND]{"id":106,"src":"c14","dest":"n5","body":{"type":"read","msg_id":13}}
[INBOUND]{"id":111,"src":"c14","dest":"n5","body":{"type":"read","msg_id":14}}
[INBOUND]{"id":116,"src":"c14","dest":"n5","body":{"type":"broadcast","message":18,"msg_id":15}}
[INBOUND]{"id":118,"src":"c22","dest":"n5","body":{"type":"read","msg_id":1}}
