[INBOUND]{"id":1,"src":"c1","dest":"n2","body":{"type":"init","node_id":"n2","node_ids":["n1","n2","n3","n4","n5"],"msg_id":1}}
Current callback ids: []
[INIT_OK] {"src":"n2","dest":"c1","body":{"type":"init_ok","in_reply_to":1,"msg_id":0}}
[INBOUND]{"id":14,"src":"c8","dest":"n2","body":{"type":"topology","topology":{"n1":["n4","n2"],"n2":["n5","n3","n1"],"n3":["n2"],"n4":["n1","n5"],"n5":["n2","n4"]},"msg_id":1}}
Current callback ids: []
[TOPOLOGY_OK] {"src":"n2","dest":"c8","body":{"type":"topology_ok","in_reply_to":1,"msg_id":0}}
[INBOUND]{"id":22,"src":"n1","dest":"n2","body":{"type":"broadcast","message":"0","msg_id":0}}
Current callback ids: []
BEGIN GOSSIP
[BROADCAST_OK] {"src":"n2","dest":"n1","body":{"type":"broadcast_ok","in_reply_to":0,"msg_id":0}}
Neighbors: [n3; n5]
Sending gossip broadcast from n2 to n3: {"src":"n2","dest":"n3","body":{"type":"broadcast","message":"0","msg_id":0}}
Sending gossip broadcast from n2 to n5: {"src":"n2","dest":"n5","body":{"type":"broadcast","message":"0","msg_id":1}}
[BROADCAST] {"src":"n2","dest":"n3","body":{"type":"broadcast","message":"0","msg_id":0}}
[BROADCAST] {"src":"n2","dest":"n5","body":{"type":"broadcast","message":"0","msg_id":1}}
[INBOUND]{"id":27,"src":"n5","dest":"n2","body":{"type":"broadcast_ok","in_reply_to":1,"msg_id":1}}
Current callback ids: [1; 0]
[INBOUND]{"id":30,"src":"n3","dest":"n2","body":{"type":"broadcast_ok","in_reply_to":0,"msg_id":0}}
Invoking RPC callback: 
inbound_msg: {"id":27,"src":"n5","dest":"n2","body":{"type":"broadcast_ok","in_reply_to":1,"msg_id":1}}
[INBOUND]{"id":32,"src":"c11","dest":"n2","body":{"type":"read","msg_id":1}}
[INBOUND]{"id":35,"src":"n3","dest":"n2","body":{"type":"broadcast","message":"1","msg_id":0}}
[INBOUND]{"id":43,"src":"n3","dest":"n2","body":{"type":"broadcast","message":"4","msg_id":1}}
[INBOUND]{"id":48,"src":"n3","dest":"n2","body":{"type":"broadcast","message":"5","msg_id":2}}
Sending gossip broadcast from n2 to n3: {"src":"n2","dest":"n3","body":{"type":"broadcast","message":"0","msg_id":2}}
Sending gossip broadcast from n2 to n5: {"src":"n2","dest":"n5","body":{"type":"broadcast","message":"0","msg_id":3}}
[INBOUND]{"id":49,"src":"n1","dest":"n2","body":{"type":"broadcast","message":"0","msg_id":2}}
[BROADCAST] {"src":"n2","dest":"n3","body":{"type":"broadcast","message":"0","msg_id":2}}
[BROADCAST] {"src":"n2","dest":"n5","body":{"type":"broadcast","message":"0","msg_id":3}}
[INBOUND]{"id":56,"src":"n3","dest":"n2","body":{"type":"broadcast","message":"1","msg_id":3}}
[INBOUND]{"id":57,"src":"n3","dest":"n2","body":{"type":"broadcast","message":"4","msg_id":4}}
[INBOUND]{"id":58,"src":"n3","dest":"n2","body":{"type":"broadcast","message":"5","msg_id":5}}
[INBOUND]{"id":59,"src":"c11","dest":"n2","body":{"type":"broadcast","message":7,"msg_id":2}}
[INBOUND]{"id":64,"src":"c18","dest":"n2","body":{"type":"read","msg_id":1}}
[INBOUND]{"id":69,"src":"c18","dest":"n2","body":{"type":"read","msg_id":2}}
[INBOUND]{"id":76,"src":"c18","dest":"n2","body":{"type":"read","msg_id":3}}
