[INBOUND]{"id":4,"src":"c4","dest":"n3","body":{"type":"init","node_id":"n3","node_ids":["n1","n2","n3","n4","n5"],"msg_id":1}}
Current callback ids: []
[INIT_OK] {"src":"n3","dest":"c4","body":{"type":"init_ok","in_reply_to":1,"msg_id":0}}
[INBOUND]{"id":10,"src":"c7","dest":"n3","body":{"type":"topology","topology":{"n1":["n4","n2"],"n2":["n5","n3","n1"],"n3":["n2"],"n4":["n1","n5"],"n5":["n2","n4"]},"msg_id":1}}
Current callback ids: []
[TOPOLOGY_OK] {"src":"n3","dest":"c7","body":{"type":"topology_ok","in_reply_to":1,"msg_id":0}}
[INBOUND]{"id":25,"src":"n2","dest":"n3","body":{"type":"broadcast","message":"0","msg_id":0}}
Current callback ids: []
BEGIN GOSSIP
[BROADCAST_OK] {"src":"n3","dest":"n2","body":{"type":"broadcast_ok","in_reply_to":0,"msg_id":0}}
Neighbors: []
END GOSSIP
[INBOUND]{"id":33,"src":"c12","dest":"n3","body":{"type":"broadcast","message":1,"msg_id":1}}
Current callback ids: []
BEGIN GOSSIP
[BROADCAST_OK] {"src":"n3","dest":"c12","body":{"type":"broadcast_ok","in_reply_to":1,"msg_id":1}}
Neighbors: [n2]
Sending gossip broadcast from n3 to n2: {"src":"n3","dest":"n2","body":{"type":"broadcast","message":"1","msg_id":0}}
[BROADCAST] {"src":"n3","dest":"n2","body":{"type":"broadcast","message":"1","msg_id":0}}
[INBOUND]{"id":39,"src":"c12","dest":"n3","body":{"type":"read","msg_id":2}}
Current callback ids: [0]
[READ_OK] {"src":"n3","dest":"c12","body":{"type":"read_ok","messages":["0","1"],"in_reply_to":2,"msg_id":1}}
[INBOUND]{"id":41,"src":"c12","dest":"n3","body":{"type":"broadcast","message":4,"msg_id":3}}
Current callback ids: [0]
BEGIN GOSSIP
[BROADCAST_OK] {"src":"n3","dest":"c12","body":{"type":"broadcast_ok","in_reply_to":3,"msg_id":3}}
Neighbors: [n2]
Sending gossip broadcast from n3 to n2: {"src":"n3","dest":"n2","body":{"type":"broadcast","message":"4","msg_id":1}}
[BROADCAST] {"src":"n3","dest":"n2","body":{"type":"broadcast","message":"4","msg_id":1}}
[INBOUND]{"id":44,"src":"c12","dest":"n3","body":{"type":"read","msg_id":4}}
Current callback ids: [1; 0]
[READ_OK] {"src":"n3","dest":"c12","body":{"type":"read_ok","messages":["0","1","4"],"in_reply_to":4,"msg_id":2}}
[INBOUND]{"id":46,"src":"c12","dest":"n3","body":{"type":"broadcast","message":5,"msg_id":5}}
Current callback ids: [1; 0]
BEGIN GOSSIP
[BROADCAST_OK] {"src":"n3","dest":"c12","body":{"type":"broadcast_ok","in_reply_to":5,"msg_id":5}}
Neighbors: [n2]
Sending gossip broadcast from n3 to n2: {"src":"n3","dest":"n2","body":{"type":"broadcast","message":"5","msg_id":2}}
[BROADCAST] {"src":"n3","dest":"n2","body":{"type":"broadcast","message":"5","msg_id":2}}
[INBOUND]{"id":51,"src":"n2","dest":"n3","body":{"type":"broadcast","message":"0","msg_id":2}}
Current callback ids: [1; 0; 2]
Invoking RPC callback: 
inbound_msg: {"id":51,"src":"n2","dest":"n3","body":{"type":"broadcast","message":"0","msg_id":2}}
[INBOUND]{"id":55,"src":"c12","dest":"n3","body":{"type":"broadcast","message":6,"msg_id":6}}
Sending gossip broadcast from n3 to n2: {"src":"n3","dest":"n2","body":{"type":"broadcast","message":"1","msg_id":3}}
[BROADCAST] {"src":"n3","dest":"n2","body":{"type":"broadcast","message":"1","msg_id":3}}
Sending gossip broadcast from n3 to n2: {"src":"n3","dest":"n2","body":{"type":"broadcast","message":"4","msg_id":4}}
[BROADCAST] {"src":"n3","dest":"n2","body":{"type":"broadcast","message":"4","msg_id":4}}
Sending gossip broadcast from n3 to n2: {"src":"n3","dest":"n2","body":{"type":"broadcast","message":"5","msg_id":5}}
[BROADCAST] {"src":"n3","dest":"n2","body":{"type":"broadcast","message":"5","msg_id":5}}
[INBOUND]{"id":63,"src":"c17","dest":"n3","body":{"type":"read","msg_id":1}}
[INBOUND]{"id":68,"src":"c17","dest":"n3","body":{"type":"read","msg_id":2}}
[INBOUND]{"id":73,"src":"c17","dest":"n3","body":{"type":"read","msg_id":3}}
[INBOUND]{"id":74,"src":"c17","dest":"n3","body":{"type":"read","msg_id":4}}
