[INBOUND]{"id":3,"src":"c3","dest":"n4","body":{"type":"init","node_id":"n4","node_ids":["n1","n2","n3","n4","n5"],"msg_id":1}}
Current callback ids: []
[INIT_OK] {"src":"n4","dest":"c3","body":{"type":"init_ok","in_reply_to":1,"msg_id":0}}
[INBOUND]{"id":11,"src":"c5","dest":"n4","body":{"type":"topology","topology":{"n1":["n4","n2"],"n2":["n5","n3","n1"],"n3":["n2"],"n4":["n1","n5"],"n5":["n2","n4"]},"msg_id":1}}
Current callback ids: []
[TOPOLOGY_OK] {"src":"n4","dest":"c5","body":{"type":"topology_ok","in_reply_to":1,"msg_id":0}}
[INBOUND]{"id":23,"src":"n1","dest":"n4","body":{"type":"broadcast","message":"0","msg_id":1}}
Current callback ids: []
BEGIN GOSSIP
[BROADCAST_OK] {"src":"n4","dest":"n1","body":{"type":"broadcast_ok","in_reply_to":1,"msg_id":1}}
Neighbors: [n5]
Sending gossip broadcast from n4 to n5: {"src":"n4","dest":"n5","body":{"type":"broadcast","message":"0","msg_id":0}}
[BROADCAST] {"src":"n4","dest":"n5","body":{"type":"broadcast","message":"0","msg_id":0}}
[INBOUND]{"id":28,"src":"n5","dest":"n4","body":{"type":"broadcast","message":"0","msg_id":0}}
Current callback ids: [0]
Invoking RPC callback: 
inbound_msg: {"id":28,"src":"n5","dest":"n4","body":{"type":"broadcast","message":"0","msg_id":0}}
[INBOUND]{"id":36,"src":"c13","dest":"n4","body":{"type":"broadcast","message":2,"msg_id":1}}
Sending gossip broadcast from n4 to n5: {"src":"n4","dest":"n5","body":{"type":"broadcast","message":"0","msg_id":1}}
[INBOUND]{"id":50,"src":"n1","dest":"n4","body":{"type":"broadcast","message":"0","msg_id":3}}
[BROADCAST] {"src":"n4","dest":"n5","body":{"type":"broadcast","message":"0","msg_id":1}}
[INBOUND]{"id":54,"src":"n5","dest":"n4","body":{"type":"broadcast","message":"0","msg_id":1}}
[INBOUND]{"id":60,"src":"c15","dest":"n4","body":{"type":"broadcast","message":8,"msg_id":1}}
[INBOUND]{"id":65,"src":"c19","dest":"n4","body":{"type":"read","msg_id":1}}
[INBOUND]{"id":70,"src":"c19","dest":"n4","body":{"type":"broadcast","message":10,"msg_id":2}}
[INBOUND]{"id":78,"src":"c21","dest":"n4","body":{"type":"read","msg_id":1}}
