[INBOUND]{"id":2,"src":"c2","dest":"n5","body":{"type":"init","node_id":"n5","node_ids":["n1","n2","n3","n4","n5"],"msg_id":1}}
Current callback ids: []
[INIT_OK] {"src":"n5","dest":"c2","body":{"type":"init_ok","in_reply_to":1,"msg_id":0}}
[INBOUND]{"id":12,"src":"c9","dest":"n5","body":{"type":"topology","topology":{"n1":["n4","n2"],"n2":["n5","n3","n1"],"n3":["n2"],"n4":["n1","n5"],"n5":["n2","n4"]},"msg_id":1}}
Current callback ids: []
[TOPOLOGY_OK] {"src":"n5","dest":"c9","body":{"type":"topology_ok","in_reply_to":1,"msg_id":0}}
[INBOUND]{"id":26,"src":"n2","dest":"n5","body":{"type":"broadcast","message":"0","msg_id":1}}
Current callback ids: []
BEGIN GOSSIP
[BROADCAST_OK] {"src":"n5","dest":"n2","body":{"type":"broadcast_ok","in_reply_to":1,"msg_id":1}}
Neighbors: [n4]
Sending gossip broadcast from n5 to n4: {"src":"n5","dest":"n4","body":{"type":"broadcast","message":"0","msg_id":0}}
[BROADCAST] {"src":"n5","dest":"n4","body":{"type":"broadcast","message":"0","msg_id":0}}
[INBOUND]{"id":31,"src":"n4","dest":"n5","body":{"type":"broadcast","message":"0","msg_id":0}}
Current callback ids: [0]
Invoking RPC callback: 
inbound_msg: {"id":31,"src":"n4","dest":"n5","body":{"type":"broadcast","message":"0","msg_id":0}}
[INBOUND]{"id":37,"src":"c14","dest":"n5","body":{"type":"broadcast","message":3,"msg_id":1}}
Sending gossip broadcast from n5 to n4: {"src":"n5","dest":"n4","body":{"type":"broadcast","message":"0","msg_id":1}}
[INBOUND]{"id":52,"src":"n4","dest":"n5","body":{"type":"broadcast","message":"0","msg_id":1}}
[BROADCAST] {"src":"n5","dest":"n4","body":{"type":"broadcast","message":"0","msg_id":1}}
[INBOUND]{"id":53,"src":"n2","dest":"n5","body":{"type":"broadcast","message":"0","msg_id":3}}
[INBOUND]{"id":61,"src":"c16","dest":"n5","body":{"type":"read","msg_id":1}}
[INBOUND]{"id":66,"src":"c16","dest":"n5","body":{"type":"read","msg_id":2}}
[INBOUND]{"id":71,"src":"c16","dest":"n5","body":{"type":"read","msg_id":3}}
[INBOUND]{"id":75,"src":"c16","dest":"n5","body":{"type":"read","msg_id":4}}
