[INBOUND]{"id":4,"src":"c4","dest":"n1","body":{"type":"init","node_id":"n1","node_ids":["n1","n2","n3","n4","n5"],"msg_id":1}}
Current callback ids: []
[INIT_OK] {"src":"n1","dest":"c4","body":{"type":"init_ok","in_reply_to":1,"msg_id":0}}
[INBOUND]{"id":14,"src":"c8","dest":"n1","body":{"type":"topology","topology":{"n1":["n4","n2"],"n2":["n5","n3","n1"],"n3":["n2"],"n4":["n1","n5"],"n5":["n2","n4"]},"msg_id":1}}
Current callback ids: []
[TOPOLOGY_OK] {"src":"n1","dest":"c8","body":{"type":"topology_ok","in_reply_to":1,"msg_id":0}}
[INBOUND]{"id":20,"src":"c10","dest":"n1","body":{"type":"read","msg_id":1}}
Current callback ids: []
[READ_OK] {"src":"n1","dest":"c10","body":{"type":"read_ok","messages":[],"in_reply_to":1,"msg_id":0}}
[INBOUND]{"id":28,"src":"n4","dest":"n1","body":{"type":"broadcast","message":"0","msg_id":0}}
Current callback ids: []
BEGIN GOSSIP
[BROADCAST_OK] {"src":"n1","dest":"n4","body":{"type":"broadcast_ok","in_reply_to":0,"msg_id":0}}
Neighbors: [n1; n2; n3; n5]
Sending gossip broadcast from n1 to n1: {"src":"n1","dest":"n1","body":{"type":"broadcast","message":"0","msg_id":0}}
Sending gossip broadcast from n1 to n2: {"src":"n1","dest":"n2","body":{"type":"broadcast","message":"0","msg_id":1}}
Sending gossip broadcast from n1 to n3: {"src":"n1","dest":"n3","body":{"type":"broadcast","message":"0","msg_id":2}}
Sending gossip broadcast from n1 to n5: {"src":"n1","dest":"n5","body":{"type":"broadcast","message":"0","msg_id":3}}
[BROADCAST] {"src":"n1","dest":"n1","body":{"type":"broadcast","message":"0","msg_id":0}}
[BROADCAST] {"src":"n1","dest":"n2","body":{"type":"broadcast","message":"0","msg_id":1}}
[BROADCAST] {"src":"n1","dest":"n3","body":{"type":"broadcast","message":"0","msg_id":2}}
[BROADCAST] {"src":"n1","dest":"n5","body":{"type":"broadcast","message":"0","msg_id":3}}
[INBOUND]{"id":37,"src":"n2","dest":"n1","body":{"type":"broadcast","message":"0","msg_id":0}}
Current callback ids: [1; 0; 3; 2]
[INBOUND]{"id":38,"src":"n1","dest":"n1","body":{"type":"broadcast","message":"0","msg_id":0}}
Invoking RPC callback: 
[INBOUND]{"id":42,"src":"n3","dest":"n1","body":{"type":"broadcast","message":"0","msg_id":0}}
inbound_msg: {"id":37,"src":"n2","dest":"n1","body":{"type":"broadcast","message":"0","msg_id":0}}
[INBOUND]{"id":48,"src":"n5","dest":"n1","body":{"type":"broadcast","message":"0","msg_id":0}}
[INBOUND]{"id":54,"src":"c10","dest":"n1","body":{"type":"broadcast","message":2,"msg_id":2}}
[INBOUND]{"id":58,"src":"n4","dest":"n1","body":{"type":"broadcast","message":"0","msg_id":5}}
Sending gossip broadcast from n1 to n1: {"src":"n1","dest":"n1","body":{"type":"broadcast","message":"0","msg_id":4}}
[BROADCAST] {"src":"n1","dest":"n1","body":{"type":"broadcast","message":"0","msg_id":4}}
Sending gossip broadcast from n1 to n2: {"src":"n1","dest":"n2","body":{"type":"broadcast","message":"0","msg_id":5}}
[INBOUND]{"id":63,"src":"n1","dest":"n1","body":{"type":"broadcast","message":"0","msg_id":4}}
[BROADCAST] {"src":"n1","dest":"n2","body":{"type":"broadcast","message":"0","msg_id":5}}
[INBOUND]{"id":64,"src":"n2","dest":"n1","body":{"type":"broadcast","message":"0","msg_id":4}}
Sending gossip broadcast from n1 to n3: {"src":"n1","dest":"n3","body":{"type":"broadcast","message":"0","msg_id":6}}
Sending gossip broadcast from n1 to n5: {"src":"n1","dest":"n5","body":{"type":"broadcast","message":"0","msg_id":7}}
[BROADCAST] {"src":"n1","dest":"n3","body":{"type":"broadcast","message":"0","msg_id":6}}
[BROADCAST] {"src":"n1","dest":"n5","body":{"type":"broadcast","message":"0","msg_id":7}}
[INBOUND]{"id":70,"src":"n3","dest":"n1","body":{"type":"broadcast","message":"0","msg_id":4}}
[INBOUND]{"id":73,"src":"n5","dest":"n1","body":{"type":"broadcast","message":"0","msg_id":4}}
[INBOUND]{"id":80,"src":"c16","dest":"n1","body":{"type":"read","msg_id":1}}
[INBOUND]{"id":85,"src":"c16","dest":"n1","body":{"type":"read","msg_id":2}}
[INBOUND]{"id":90,"src":"c16","dest":"n1","body":{"type":"broadcast","message":9,"msg_id":3}}
[INBOUND]{"id":96,"src":"c23","dest":"n1","body":{"type":"read","msg_id":1}}
