[INBOUND]{"id":2,"src":"c2","dest":"n2","body":{"type":"init","node_id":"n2","node_ids":["n1","n2","n3","n4","n5"],"msg_id":1}}
Current callback ids: []
[INIT_OK] {"src":"n2","dest":"c2","body":{"type":"init_ok","in_reply_to":1,"msg_id":0}}
[INBOUND]{"id":13,"src":"c7","dest":"n2","body":{"type":"topology","topology":{"n1":["n4","n2"],"n2":["n5","n3","n1"],"n3":["n2"],"n4":["n1","n5"],"n5":["n2","n4"]},"msg_id":1}}
Current callback ids: []
[TOPOLOGY_OK] {"src":"n2","dest":"c7","body":{"type":"topology_ok","in_reply_to":1,"msg_id":0}}
[INBOUND]{"id":22,"src":"c11","dest":"n2","body":{"type":"read","msg_id":1}}
Current callback ids: []
[READ_OK] {"src":"n2","dest":"c11","body":{"type":"read_ok","messages":[],"in_reply_to":1,"msg_id":0}}
[INBOUND]{"id":29,"src":"n4","dest":"n2","body":{"type":"broadcast","message":"0","msg_id":1}}
Current callback ids: []
BEGIN GOSSIP
[BROADCAST_OK] {"src":"n2","dest":"n4","body":{"type":"broadcast_ok","in_reply_to":1,"msg_id":1}}
Neighbors: [n1; n2; n3; n5]
Sending gossip broadcast from n2 to n1: {"src":"n2","dest":"n1","body":{"type":"broadcast","message":"0","msg_id":0}}
Sending gossip broadcast from n2 to n2: {"src":"n2","dest":"n2","body":{"type":"broadcast","message":"0","msg_id":1}}
Sending gossip broadcast from n2 to n3: {"src":"n2","dest":"n3","body":{"type":"broadcast","message":"0","msg_id":2}}
Sending gossip broadcast from n2 to n5: {"src":"n2","dest":"n5","body":{"type":"broadcast","message":"0","msg_id":3}}
[BROADCAST] {"src":"n2","dest":"n1","body":{"type":"broadcast","message":"0","msg_id":0}}
[BROADCAST] {"src":"n2","dest":"n2","body":{"type":"broadcast","message":"0","msg_id":1}}
[BROADCAST] {"src":"n2","dest":"n3","body":{"type":"broadcast","message":"0","msg_id":2}}
[BROADCAST] {"src":"n2","dest":"n5","body":{"type":"broadcast","message":"0","msg_id":3}}
[INBOUND]{"id":39,"src":"n2","dest":"n2","body":{"type":"broadcast","message":"0","msg_id":1}}
Current callback ids: [1; 0; 3; 2]
[INBOUND]{"id":40,"src":"n1","dest":"n2","body":{"type":"broadcast","message":"0","msg_id":1}}
Invoking RPC callback: 
[INBOUND]{"id":45,"src":"n3","dest":"n2","body":{"type":"broadcast","message":"0","msg_id":1}}
inbound_msg: {"id":39,"src":"n2","dest":"n2","body":{"type":"broadcast","message":"0","msg_id":1}}
[INBOUND]{"id":49,"src":"n5","dest":"n2","body":{"type":"broadcast","message":"0","msg_id":1}}
[INBOUND]{"id":55,"src":"c11","dest":"n2","body":{"type":"read","msg_id":2}}
[INBOUND]{"id":59,"src":"n4","dest":"n2","body":{"type":"broadcast","message":"0","msg_id":6}}
Sending gossip broadcast from n2 to n1: {"src":"n2","dest":"n1","body":{"type":"broadcast","message":"0","msg_id":4}}
[BROADCAST] {"src":"n2","dest":"n1","body":{"type":"broadcast","message":"0","msg_id":4}}
Sending gossip broadcast from n2 to n2: {"src":"n2","dest":"n2","body":{"type":"broadcast","message":"0","msg_id":5}}
Sending gossip broadcast from n2 to n3: {"src":"n2","dest":"n3","body":{"type":"broadcast","message":"0","msg_id":6}}
[BROADCAST] {"src":"n2","dest":"n2","body":{"type":"broadcast","message":"0","msg_id":5}}
[BROADCAST] {"src":"n2","dest":"n3","body":{"type":"broadcast","message":"0","msg_id":6}}
Sending gossip broadcast from n2 to n5: {"src":"n2","dest":"n5","body":{"type":"broadcast","message":"0","msg_id":7}}
[INBOUND]{"id":65,"src":"n1","dest":"n2","body":{"type":"broadcast","message":"0","msg_id":5}}
[BROADCAST] {"src":"n2","dest":"n5","body":{"type":"broadcast","message":"0","msg_id":7}}
[INBOUND]{"id":66,"src":"n2","dest":"n2","body":{"type":"broadcast","message":"0","msg_id":5}}
[INBOUND]{"id":72,"src":"n3","dest":"n2","body":{"type":"broadcast","message":"0","msg_id":5}}
[INBOUND]{"id":75,"src":"n5","dest":"n2","body":{"type":"broadcast","message":"0","msg_id":5}}
[INBOUND]{"id":81,"src":"c11","dest":"n2","body":{"type":"read","msg_id":3}}
[INBOUND]{"id":86,"src":"c11","dest":"n2","body":{"type":"broadcast","message":7,"msg_id":4}}
[INBOUND]{"id":91,"src":"c21","dest":"n2","body":{"type":"broadcast","message":10,"msg_id":1}}
[INBOUND]{"id":97,"src":"c24","dest":"n2","body":{"type":"read","msg_id":1}}
