[INBOUND]{"id":1,"src":"c1","dest":"n3","body":{"type":"init","node_id":"n3","node_ids":["n1","n2","n3","n4","n5"],"msg_id":1}}
Current callback ids: []
[INIT_OK] {"src":"n3","dest":"c1","body":{"type":"init_ok","in_reply_to":1,"msg_id":0}}
[INBOUND]{"id":11,"src":"c6","dest":"n3","body":{"type":"topology","topology":{"n1":["n4","n2"],"n2":["n5","n3","n1"],"n3":["n2"],"n4":["n1","n5"],"n5":["n2","n4"]},"msg_id":1}}
Current callback ids: []
[TOPOLOGY_OK] {"src":"n3","dest":"c6","body":{"type":"topology_ok","in_reply_to":1,"msg_id":0}}
[INBOUND]{"id":24,"src":"c12","dest":"n3","body":{"type":"read","msg_id":1}}
Current callback ids: []
[READ_OK] {"src":"n3","dest":"c12","body":{"type":"read_ok","messages":[],"in_reply_to":1,"msg_id":0}}
[INBOUND]{"id":30,"src":"n4","dest":"n3","body":{"type":"broadcast","message":"0","msg_id":2}}
Current callback ids: []
BEGIN GOSSIP
[BROADCAST_OK] {"src":"n3","dest":"n4","body":{"type":"broadcast_ok","in_reply_to":2,"msg_id":2}}
Neighbors: [n1; n2; n3; n5]
Sending gossip broadcast from n3 to n1: {"src":"n3","dest":"n1","body":{"type":"broadcast","message":"0","msg_id":0}}
Sending gossip broadcast from n3 to n2: {"src":"n3","dest":"n2","body":{"type":"broadcast","message":"0","msg_id":1}}
Sending gossip broadcast from n3 to n3: {"src":"n3","dest":"n3","body":{"type":"broadcast","message":"0","msg_id":2}}
Sending gossip broadcast from n3 to n5: {"src":"n3","dest":"n5","body":{"type":"broadcast","message":"0","msg_id":3}}
[BROADCAST] {"src":"n3","dest":"n1","body":{"type":"broadcast","message":"0","msg_id":0}}
[BROADCAST] {"src":"n3","dest":"n2","body":{"type":"broadcast","message":"0","msg_id":1}}
[BROADCAST] {"src":"n3","dest":"n3","body":{"type":"broadcast","message":"0","msg_id":2}}
[BROADCAST] {"src":"n3","dest":"n5","body":{"type":"broadcast","message":"0","msg_id":3}}
[INBOUND]{"id":41,"src":"n2","dest":"n3","body":{"type":"broadcast","message":"0","msg_id":2}}
Current callback ids: [1; 0; 3; 2]
[INBOUND]{"id":43,"src":"n1","dest":"n3","body":{"type":"broadcast","message":"0","msg_id":2}}
Invoking RPC callback: 
[INBOUND]{"id":47,"src":"n3","dest":"n3","body":{"type":"broadcast","message":"0","msg_id":2}}
inbound_msg: {"id":41,"src":"n2","dest":"n3","body":{"type":"broadcast","message":"0","msg_id":2}}
[INBOUND]{"id":51,"src":"n5","dest":"n3","body":{"type":"broadcast","message":"0","msg_id":2}}
[INBOUND]{"id":56,"src":"c12","dest":"n3","body":{"type":"read","msg_id":2}}
[INBOUND]{"id":60,"src":"n4","dest":"n3","body":{"type":"broadcast","message":"0","msg_id":7}}
Sending gossip broadcast from n3 to n1: {"src":"n3","dest":"n1","body":{"type":"broadcast","message":"0","msg_id":4}}
Sending gossip broadcast from n3 to n2: {"src":"n3","dest":"n2","body":{"type":"broadcast","message":"0","msg_id":5}}
[BROADCAST] {"src":"n3","dest":"n1","body":{"type":"broadcast","message":"0","msg_id":4}}
[INBOUND]{"id":67,"src":"n2","dest":"n3","body":{"type":"broadcast","message":"0","msg_id":6}}
[BROADCAST] {"src":"n3","dest":"n2","body":{"type":"broadcast","message":"0","msg_id":5}}
Sending gossip broadcast from n3 to n3: {"src":"n3","dest":"n3","body":{"type":"broadcast","message":"0","msg_id":6}}
[BROADCAST] {"src":"n3","dest":"n3","body":{"type":"broadcast","message":"0","msg_id":6}}
[INBOUND]{"id":69,"src":"n1","dest":"n3","body":{"type":"broadcast","message":"0","msg_id":6}}
Sending gossip broadcast from n3 to n5: {"src":"n3","dest":"n5","body":{"type":"broadcast","message":"0","msg_id":7}}
[BROADCAST] {"src":"n3","dest":"n5","body":{"type":"broadcast","message":"0","msg_id":7}}
[INBOUND]{"id":74,"src":"n3","dest":"n3","body":{"type":"broadcast","message":"0","msg_id":6}}
[INBOUND]{"id":77,"src":"n5","dest":"n3","body":{"type":"broadcast","message":"0","msg_id":6}}
[INBOUND]{"id":82,"src":"c12","dest":"n3","body":{"type":"broadcast","message":4,"msg_id":3}}
[INBOUND]{"id":87,"src":"c18","dest":"n3","body":{"type":"read","msg_id":1}}
[INBOUND]{"id":92,"src":"c18","dest":"n3","body":{"type":"broadcast","message":11,"msg_id":2}}
[INBOUND]{"id":98,"src":"c25","dest":"n3","body":{"type":"read","msg_id":1}}
