[INBOUND]{"id":0,"src":"c0","dest":"n4","body":{"type":"init","node_id":"n4","node_ids":["n1","n2","n3","n4","n5"],"msg_id":1}}
Current callback ids: []
[INIT_OK] {"src":"n4","dest":"c0","body":{"type":"init_ok","in_reply_to":1,"msg_id":0}}
[INBOUND]{"id":10,"src":"c5","dest":"n4","body":{"type":"topology","topology":{"n1":["n4","n2"],"n2":["n5","n3","n1"],"n3":["n2"],"n4":["n1","n5"],"n5":["n2","n4"]},"msg_id":1}}
Current callback ids: []
[TOPOLOGY_OK] {"src":"n4","dest":"c5","body":{"type":"topology_ok","in_reply_to":1,"msg_id":0}}
[INBOUND]{"id":26,"src":"c13","dest":"n4","body":{"type":"broadcast","message":0,"msg_id":1}}
Current callback ids: []
BEGIN GOSSIP
[BROADCAST_OK] {"src":"n4","dest":"c13","body":{"type":"broadcast_ok","in_reply_to":1,"msg_id":1}}
Neighbors: [n1; n2; n3; n4; n5]
Sending gossip broadcast from n4 to n1: {"src":"n4","dest":"n1","body":{"type":"broadcast","message":"0","msg_id":0}}
Sending gossip broadcast from n4 to n2: {"src":"n4","dest":"n2","body":{"type":"broadcast","message":"0","msg_id":1}}
Sending gossip broadcast from n4 to n3: {"src":"n4","dest":"n3","body":{"type":"broadcast","message":"0","msg_id":2}}
Sending gossip broadcast from n4 to n4: {"src":"n4","dest":"n4","body":{"type":"broadcast","message":"0","msg_id":3}}
Sending gossip broadcast from n4 to n5: {"src":"n4","dest":"n5","body":{"type":"broadcast","message":"0","msg_id":4}}
[BROADCAST] {"src":"n4","dest":"n1","body":{"type":"broadcast","message":"0","msg_id":0}}
[BROADCAST] {"src":"n4","dest":"n2","body":{"type":"broadcast","message":"0","msg_id":1}}
[BROADCAST] {"src":"n4","dest":"n3","body":{"type":"broadcast","message":"0","msg_id":2}}
[BROADCAST] {"src":"n4","dest":"n4","body":{"type":"broadcast","message":"0","msg_id":3}}
[BROADCAST] {"src":"n4","dest":"n5","body":{"type":"broadcast","message":"0","msg_id":4}}
[INBOUND]{"id":31,"src":"n4","dest":"n4","body":{"type":"broadcast","message":"0","msg_id":3}}
Current callback ids: [1; 0; 4; 3; 2]
Invoking RPC callback: 
inbound_msg: {"id":31,"src":"n4","dest":"n4","body":{"type":"broadcast","message":"0","msg_id":3}}
[INBOUND]{"id":33,"src":"n2","dest":"n4","body":{"type":"broadcast_ok","in_reply_to":1,"msg_id":1}}
[INBOUND]{"id":34,"src":"n1","dest":"n4","body":{"type":"broadcast_ok","in_reply_to":0,"msg_id":0}}
[INBOUND]{"id":35,"src":"n3","dest":"n4","body":{"type":"broadcast_ok","in_reply_to":2,"msg_id":2}}
[INBOUND]{"id":36,"src":"n5","dest":"n4","body":{"type":"broadcast_ok","in_reply_to":4,"msg_id":4}}
[INBOUND]{"id":57,"src":"c13","dest":"n4","body":{"type":"broadcast","message":3,"msg_id":2}}
Sending gossip broadcast from n4 to n1: {"src":"n4","dest":"n1","body":{"type":"broadcast","message":"0","msg_id":5}}
Sending gossip broadcast from n4 to n2: {"src":"n4","dest":"n2","body":{"type":"broadcast","message":"0","msg_id":6}}
Sending gossip broadcast from n4 to n3: {"src":"n4","dest":"n3","body":{"type":"broadcast","message":"0","msg_id":7}}
Sending gossip broadcast from n4 to n4: {"src":"n4","dest":"n4","body":{"type":"broadcast","message":"0","msg_id":8}}
Sending gossip broadcast from n4 to n5: {"src":"n4","dest":"n5","body":{"type":"broadcast","message":"0","msg_id":9}}
[BROADCAST] {"src":"n4","dest":"n1","body":{"type":"broadcast","message":"0","msg_id":5}}
[BROADCAST] {"src":"n4","dest":"n2","body":{"type":"broadcast","message":"0","msg_id":6}}
[BROADCAST] {"src":"n4","dest":"n3","body":{"type":"broadcast","message":"0","msg_id":7}}
[BROADCAST] {"src":"n4","dest":"n4","body":{"type":"broadcast","message":"0","msg_id":8}}
[BROADCAST] {"src":"n4","dest":"n5","body":{"type":"broadcast","message":"0","msg_id":9}}
[INBOUND]{"id":61,"src":"n4","dest":"n4","body":{"type":"broadcast","message":"0","msg_id":8}}
[INBOUND]{"id":83,"src":"c17","dest":"n4","body":{"type":"broadcast","message":5,"msg_id":1}}
[INBOUND]{"id":88,"src":"c19","dest":"n4","body":{"type":"broadcast","message":8,"msg_id":1}}
[INBOUND]{"id":93,"src":"c22","dest":"n4","body":{"type":"read","msg_id":1}}
[INBOUND]{"id":94,"src":"c22","dest":"n4","body":{"type":"read","msg_id":2}}
