[INBOUND]{"id":3,"src":"c3","dest":"n5","body":{"type":"init","node_id":"n5","node_ids":["n1","n2","n3","n4","n5"],"msg_id":1}}
Current callback ids: []
[INIT_OK] {"src":"n5","dest":"c3","body":{"type":"init_ok","in_reply_to":1,"msg_id":0}}
[INBOUND]{"id":12,"src":"c9","dest":"n5","body":{"type":"topology","topology":{"n1":["n4","n2"],"n2":["n5","n3","n1"],"n3":["n2"],"n4":["n1","n5"],"n5":["n2","n4"]},"msg_id":1}}
Current callback ids: []
[TOPOLOGY_OK] {"src":"n5","dest":"c9","body":{"type":"topology_ok","in_reply_to":1,"msg_id":0}}
[INBOUND]{"id":32,"src":"n4","dest":"n5","body":{"type":"broadcast","message":"0","msg_id":4}}
Current callback ids: []
BEGIN GOSSIP
[BROADCAST_OK] {"src":"n5","dest":"n4","body":{"type":"broadcast_ok","in_reply_to":4,"msg_id":4}}
Neighbors: [n1; n2; n3; n5]
Sending gossip broadcast from n5 to n1: {"src":"n5","dest":"n1","body":{"type":"broadcast","message":"0","msg_id":0}}
Sending gossip broadcast from n5 to n2: {"src":"n5","dest":"n2","body":{"type":"broadcast","message":"0","msg_id":1}}
Sending gossip broadcast from n5 to n3: {"src":"n5","dest":"n3","body":{"type":"broadcast","message":"0","msg_id":2}}
Sending gossip broadcast from n5 to n5: {"src":"n5","dest":"n5","body":{"type":"broadcast","message":"0","msg_id":3}}
[BROADCAST] {"src":"n5","dest":"n1","body":{"type":"broadcast","message":"0","msg_id":0}}
[BROADCAST] {"src":"n5","dest":"n2","body":{"type":"broadcast","message":"0","msg_id":1}}
[BROADCAST] {"src":"n5","dest":"n3","body":{"type":"broadcast","message":"0","msg_id":2}}
[BROADCAST] {"src":"n5","dest":"n5","body":{"type":"broadcast","message":"0","msg_id":3}}
[INBOUND]{"id":44,"src":"n2","dest":"n5","body":{"type":"broadcast","message":"0","msg_id":3}}
Current callback ids: [1; 0; 3; 2]
[INBOUND]{"id":46,"src":"n1","dest":"n5","body":{"type":"broadcast","message":"0","msg_id":3}}
Invoking RPC callback: 
[INBOUND]{"id":50,"src":"n3","dest":"n5","body":{"type":"broadcast","message":"0","msg_id":3}}
inbound_msg: {"id":44,"src":"n2","dest":"n5","body":{"type":"broadcast","message":"0","msg_id":3}}
[INBOUND]{"id":52,"src":"n5","dest":"n5","body":{"type":"broadcast","message":"0","msg_id":3}}
[INBOUND]{"id":53,"src":"c14","dest":"n5","body":{"type":"broadcast","message":1,"msg_id":1}}
[INBOUND]{"id":62,"src":"n4","dest":"n5","body":{"type":"broadcast","message":"0","msg_id":9}}
Sending gossip broadcast from n5 to n1: {"src":"n5","dest":"n1","body":{"type":"broadcast","message":"0","msg_id":4}}
[INBOUND]{"id":68,"src":"n2","dest":"n5","body":{"type":"broadcast","message":"0","msg_id":7}}
[BROADCAST] {"src":"n5","dest":"n1","body":{"type":"broadcast","message":"0","msg_id":4}}
Sending gossip broadcast from n5 to n2: {"src":"n5","dest":"n2","body":{"type":"broadcast","message":"0","msg_id":5}}
[BROADCAST] {"src":"n5","dest":"n2","body":{"type":"broadcast","message":"0","msg_id":5}}
[INBOUND]{"id":71,"src":"n1","dest":"n5","body":{"type":"broadcast","message":"0","msg_id":7}}
Sending gossip broadcast from n5 to n3: {"src":"n5","dest":"n3","body":{"type":"broadcast","message":"0","msg_id":6}}
Sending gossip broadcast from n5 to n5: {"src":"n5","dest":"n5","body":{"type":"broadcast","message":"0","msg_id":7}}
[INBOUND]{"id":76,"src":"n3","dest":"n5","body":{"type":"broadcast","message":"0","msg_id":7}}
[BROADCAST] {"src":"n5","dest":"n3","body":{"type":"broadcast","message":"0","msg_id":6}}
[BROADCAST] {"src":"n5","dest":"n5","body":{"type":"broadcast","message":"0","msg_id":7}}
[INBOUND]{"id":78,"src":"n5","dest":"n5","body":{"type":"broadcast","message":"0","msg_id":7}}
[INBOUND]{"id":79,"src":"c15","dest":"n5","body":{"type":"read","msg_id":1}}
[INBOUND]{"id":84,"src":"c15","dest":"n5","body":{"type":"broadcast","message":6,"msg_id":2}}
[INBOUND]{"id":89,"src":"c20","dest":"n5","body":{"type":"read","msg_id":1}}
[INBOUND]{"id":95,"src":"c20","dest":"n5","body":{"type":"read","msg_id":2}}
