2025-06-06 16:28:53,102{GMT}	INFO	[jepsen test runner] jepsen.core: Test version 3a792863e7da0892af4384a4abff3c74374f61b6 (plus uncommitted changes)
2025-06-06 16:28:53,102{GMT}	INFO	[jepsen test runner] jepsen.core: Command line:
lein run test -w broadcast --bin self/server/_build/default/bin/main.exe --time-limit 20 --rate 10
2025-06-06 16:28:53,145{GMT}	INFO	[jepsen test runner] jepsen.core: Running test:
{:args []
 :remote
 #jepsen.control.retry.Remote{:remote #jepsen.control.scp.Remote{:cmd-remote #jepsen.control.sshj.SSHJRemote{:concurrency-limit 6,
                                                                                                             :conn-spec nil,
                                                                                                             :client nil,
                                                                                                             :semaphore nil},
                                                                 :conn-spec nil},
                              :conn nil}
 :log-net-send false
 :node-count nil
 :availability nil
 :max-txn-length 4
 :concurrency 5
 :db
 #object[maelstrom.db$db$reify__16612
         "0x5a69f1ef"
         "maelstrom.db$db$reify__16612@5a69f1ef"]
 :max-writes-per-key 16
 :leave-db-running? false
 :name "broadcast"
 :logging-json? false
 :start-time
 #object[org.joda.time.DateTime "0x64001530" "2025-06-06T16:28:53.058-04:00"]
 :nemesis-interval 10
 :net
 #object[maelstrom.net$jepsen_net$reify__15721
         "0x1f9b8c23"
         "maelstrom.net$jepsen_net$reify__15721@1f9b8c23"]
 :client
 #object[maelstrom.workload.broadcast$client$reify__17142
         "0x6b297a62"
         "maelstrom.workload.broadcast$client$reify__17142@6b297a62"]
 :barrier
 #object[java.util.concurrent.CyclicBarrier
         "0x11303cb"
         "java.util.concurrent.CyclicBarrier@11303cb"]
 :log-stderr false
 :pure-generators true
 :ssh {:dummy? true}
 :rate 10.0
 :checker
 #object[jepsen.checker$compose$reify__11089
         "0x655e3f4c"
         "jepsen.checker$compose$reify__11089@655e3f4c"]
 :argv
 ("test"
  "-w"
  "broadcast"
  "--bin"
  "self/server/_build/default/bin/main.exe"
  "--time-limit"
  "20"
  "--rate"
  "10")
 :nemesis
 (jepsen.nemesis.ReflCompose
  {:fm {:start-partition 0,
        :stop-partition 0,
        :kill 1,
        :start 1,
        :pause 1,
        :resume 1},
   :nemeses [#unprintable "jepsen.nemesis.combined$partition_nemesis$reify__16905@26e74d50"
             #unprintable "jepsen.nemesis.combined$db_nemesis$reify__16886@6bdc984"]})
 :nodes ["n1" "n2" "n3" "n4" "n5"]
 :test-count 1
 :latency {:mean 0, :dist :constant}
 :bin "self/server/_build/default/bin/main.exe"
 :generator
 #object[jepsen.util.Forgettable
         "0x4c18b432"
         ((jepsen.generator.Synchronize
           {:gen (jepsen.generator.TimeLimit
                  {:limit 20000000000,
                   :cutoff nil,
                   :gen (jepsen.generator.Any
                         {:gens [(jepsen.generator.OnThreads
                                  {:f #{:nemesis},
                                   :context-filter #object[jepsen.generator.context$make_thread_filter$lazy_filter__12077
                                                           "0x2092b072"
                                                           "jepsen.generator.context$make_thread_filter$lazy_filter__12077@2092b072"],
                                   :gen nil})
                                 (jepsen.generator.OnThreads
                                  {:f #jepsen.generator.context.AllBut{:element :nemesis},
                                   :context-filter #object[jepsen.generator.context$make_thread_filter$lazy_filter__12077
                                                           "0x504521ae"
                                                           "jepsen.generator.context$make_thread_filter$lazy_filter__12077@504521ae"],
                                   :gen (jepsen.generator.Stagger
                                         {:dt 200000000,
                                          :next-time nil,
                                          :gen (jepsen.generator.Mix
                                                {:i 1,
                                                 :gens [({:f :broadcast,
                                                          :value 0}
                                                         {:f :broadcast,
                                                          :value 1}
                                                         {:f :broadcast,
                                                          :value 2}
                                                         {:f :broadcast,
                                                          :value 3}
                                                         {:f :broadcast,
                                                          :value 4}
                                                         {:f :broadcast,
                                                          :value 5}
                                                         {:f :broadcast,
                                                          :value 6}
                                                         {:f :broadcast,
                                                          :value 7}
                                                         ...)
                                                        ({:f :read}
                                                         {:f :read}
                                                         {:f :read}
                                                         {:f :read}
                                                         {:f :read}
                                                         {:f :read}
                                                         {:f :read}
                                                         {:f :read}
                                                         ...)]})})})]})})})
          (jepsen.generator.Synchronize
           {:gen (jepsen.generator.OnThreads
                  {:f #{:nemesis},
                   :context-filter #object[jepsen.generator.context$make_thread_filter$lazy_filter__12077
                                           "0x6f8af186"
                                           "jepsen.generator.context$make_thread_filter$lazy_filter__12077@6f8af186"],
                   :gen ()})})
          (jepsen.generator.Synchronize
           {:gen {:type :log, :value "Waiting for recovery..."}})
          (jepsen.generator.Synchronize {:gen {:type :sleep, :value 10}})
          (jepsen.generator.Synchronize
           {:gen (jepsen.generator.OnThreads
                  {:f #jepsen.generator.context.AllBut{:element :nemesis},
                   :context-filter #object[jepsen.generator.context$make_thread_filter$lazy_filter__12077
                                           "0x5aaecd25"
                                           "jepsen.generator.context$make_thread_filter$lazy_filter__12077@5aaecd25"],
                   :gen (jepsen.generator.EachThread
                         {:fresh-gen {:f :read, :final? true},
                          :context-filters #object[clojure.core$promise$reify__8621
                                                   "0x239fdf8f"
                                                   {:status :pending, :val nil}],
                          :gens {}})})}))]
 :log-net-recv false
 :os
 #object[maelstrom.net$jepsen_os$reify__15724
         "0x1acd660d"
         "maelstrom.net$jepsen_os$reify__15724@1acd660d"]
 :time-limit 20
 :workload :broadcast
 :consistency-models [:strict-serializable]
 :topology :grid}

2025-06-06 16:28:54,251{GMT}	INFO	[jepsen node n1] maelstrom.net: Starting Maelstrom network
2025-06-06 16:28:54,252{GMT}	INFO	[jepsen test runner] jepsen.db: Tearing down DB
2025-06-06 16:28:54,253{GMT}	INFO	[jepsen test runner] jepsen.db: Setting up DB
2025-06-06 16:28:54,254{GMT}	INFO	[jepsen node n3] maelstrom.db: Setting up n3
2025-06-06 16:28:54,254{GMT}	INFO	[jepsen node n4] maelstrom.db: Setting up n4
2025-06-06 16:28:54,254{GMT}	INFO	[jepsen node n5] maelstrom.db: Setting up n5
2025-06-06 16:28:54,254{GMT}	INFO	[jepsen node n2] maelstrom.db: Setting up n2
2025-06-06 16:28:54,254{GMT}	INFO	[jepsen node n5] maelstrom.process: launching self/server/_build/default/bin/main.exe []
2025-06-06 16:28:54,254{GMT}	INFO	[jepsen node n2] maelstrom.process: launching self/server/_build/default/bin/main.exe []
2025-06-06 16:28:54,254{GMT}	INFO	[jepsen node n4] maelstrom.process: launching self/server/_build/default/bin/main.exe []
2025-06-06 16:28:54,254{GMT}	INFO	[jepsen node n3] maelstrom.process: launching self/server/_build/default/bin/main.exe []
2025-06-06 16:28:54,255{GMT}	INFO	[jepsen node n1] maelstrom.service: Starting services: (lin-kv lin-tso lww-kv seq-kv)
2025-06-06 16:28:54,256{GMT}	INFO	[jepsen node n1] maelstrom.db: Setting up n1
2025-06-06 16:28:54,256{GMT}	INFO	[jepsen node n1] maelstrom.process: launching self/server/_build/default/bin/main.exe []
2025-06-06 16:29:04,252{GMT}	INFO	[jepsen test runner] jepsen.core: Relative time begins now
2025-06-06 16:29:04,292{GMT}	INFO	[jepsen worker 0] jepsen.util: 0	:invoke	:read	nil
2025-06-06 16:29:04,294{GMT}	INFO	[jepsen worker 0] jepsen.util: 0	:ok	:read	[]
2025-06-06 16:29:04,413{GMT}	INFO	[jepsen worker 1] jepsen.util: 1	:invoke	:read	nil
2025-06-06 16:29:04,415{GMT}	INFO	[jepsen worker 1] jepsen.util: 1	:ok	:read	[]
2025-06-06 16:29:04,575{GMT}	INFO	[jepsen worker 2] jepsen.util: 2	:invoke	:broadcast	0
2025-06-06 16:29:04,577{GMT}	INFO	[jepsen worker 2] jepsen.util: 2	:ok	:broadcast	0
2025-06-06 16:29:04,743{GMT}	INFO	[jepsen worker 3] jepsen.util: 3	:invoke	:read	nil
2025-06-06 16:29:04,745{GMT}	INFO	[jepsen worker 3] jepsen.util: 3	:ok	:read	["0"]
2025-06-06 16:29:04,893{GMT}	INFO	[jepsen worker 4] jepsen.util: 4	:invoke	:broadcast	1
2025-06-06 16:29:04,929{GMT}	INFO	[jepsen worker 0] jepsen.util: 0	:invoke	:read	nil
2025-06-06 16:29:04,938{GMT}	INFO	[jepsen worker 1] jepsen.util: 1	:invoke	:broadcast	2
2025-06-06 16:29:05,133{GMT}	INFO	[jepsen worker 2] jepsen.util: 2	:invoke	:read	nil
2025-06-06 16:29:05,156{GMT}	INFO	[jepsen worker 3] jepsen.util: 3	:invoke	:read	nil
2025-06-06 16:29:05,159{GMT}	INFO	[jepsen worker 3] jepsen.util: 3	:ok	:read	["0"]
2025-06-06 16:29:05,179{GMT}	INFO	[jepsen worker 3] jepsen.util: 3	:invoke	:read	nil
2025-06-06 16:29:05,180{GMT}	INFO	[jepsen worker 3] jepsen.util: 3	:ok	:read	["0"]
2025-06-06 16:29:05,320{GMT}	INFO	[jepsen worker 3] jepsen.util: 3	:invoke	:read	nil
2025-06-06 16:29:05,321{GMT}	INFO	[jepsen worker 3] jepsen.util: 3	:ok	:read	["0"]
2025-06-06 16:29:05,503{GMT}	INFO	[jepsen worker 3] jepsen.util: 3	:invoke	:read	nil
2025-06-06 16:29:05,505{GMT}	INFO	[jepsen worker 3] jepsen.util: 3	:ok	:read	["0"]
2025-06-06 16:29:05,536{GMT}	INFO	[jepsen worker 3] jepsen.util: 3	:invoke	:broadcast	3
2025-06-06 16:29:05,539{GMT}	INFO	[jepsen worker 3] jepsen.util: 3	:ok	:broadcast	3
2025-06-06 16:29:05,669{GMT}	INFO	[jepsen worker 3] jepsen.util: 3	:invoke	:read	nil
2025-06-06 16:29:09,903{GMT}	INFO	[jepsen worker 4] jepsen.util: 4	:info	:broadcast	1	:net-timeout
2025-06-06 16:29:09,903{GMT}	INFO	[jepsen worker 4] jepsen.util: 9	:invoke	:read	nil
2025-06-06 16:29:09,934{GMT}	INFO	[jepsen worker 0] jepsen.util: 0	:fail	:read	nil	:net-timeout
2025-06-06 16:29:09,941{GMT}	INFO	[jepsen worker 1] jepsen.util: 1	:info	:broadcast	2	:net-timeout
2025-06-06 16:29:10,062{GMT}	INFO	[jepsen worker 0] jepsen.util: 0	:invoke	:broadcast	4
2025-06-06 16:29:10,138{GMT}	INFO	[jepsen worker 2] jepsen.util: 2	:fail	:read	nil	:net-timeout
2025-06-06 16:29:10,198{GMT}	INFO	[jepsen worker 1] jepsen.util: 6	:invoke	:read	nil
2025-06-06 16:29:10,377{GMT}	INFO	[jepsen worker 2] jepsen.util: 2	:invoke	:read	nil
2025-06-06 16:29:10,673{GMT}	INFO	[jepsen worker 3] jepsen.util: 3	:fail	:read	nil	:net-timeout
2025-06-06 16:29:10,674{GMT}	INFO	[jepsen worker 3] jepsen.util: 3	:invoke	:read	nil
2025-06-06 16:29:14,908{GMT}	INFO	[jepsen worker 4] jepsen.util: 9	:fail	:read	nil	:net-timeout
2025-06-06 16:29:14,909{GMT}	INFO	[jepsen worker 4] jepsen.util: 9	:invoke	:broadcast	5
2025-06-06 16:29:15,068{GMT}	INFO	[jepsen worker 0] jepsen.util: 0	:info	:broadcast	4	:net-timeout
2025-06-06 16:29:15,068{GMT}	INFO	[jepsen worker 0] jepsen.util: 5	:invoke	:broadcast	6
2025-06-06 16:29:15,200{GMT}	INFO	[jepsen worker 1] jepsen.util: 6	:fail	:read	nil	:net-timeout
2025-06-06 16:29:15,202{GMT}	INFO	[jepsen worker 1] jepsen.util: 6	:invoke	:broadcast	7
2025-06-06 16:29:15,377{GMT}	INFO	[jepsen worker 2] jepsen.util: 2	:fail	:read	nil	:net-timeout
2025-06-06 16:29:15,378{GMT}	INFO	[jepsen worker 2] jepsen.util: 2	:invoke	:broadcast	8
2025-06-06 16:29:15,680{GMT}	INFO	[jepsen worker 3] jepsen.util: 3	:fail	:read	nil	:net-timeout
2025-06-06 16:29:15,681{GMT}	INFO	[jepsen worker 3] jepsen.util: 3	:invoke	:broadcast	9
2025-06-06 16:29:19,912{GMT}	INFO	[jepsen worker 4] jepsen.util: 9	:info	:broadcast	5	:net-timeout
2025-06-06 16:29:19,913{GMT}	INFO	[jepsen worker 4] jepsen.util: 14	:invoke	:read	nil
2025-06-06 16:29:20,073{GMT}	INFO	[jepsen worker 0] jepsen.util: 5	:info	:broadcast	6	:net-timeout
2025-06-06 16:29:20,101{GMT}	INFO	[jepsen worker 0] jepsen.util: 10	:invoke	:broadcast	10
2025-06-06 16:29:20,207{GMT}	INFO	[jepsen worker 1] jepsen.util: 6	:info	:broadcast	7	:net-timeout
2025-06-06 16:29:20,282{GMT}	INFO	[jepsen worker 1] jepsen.util: 11	:invoke	:broadcast	11
2025-06-06 16:29:20,378{GMT}	INFO	[jepsen worker 2] jepsen.util: 2	:info	:broadcast	8	:net-timeout
2025-06-06 16:29:20,477{GMT}	INFO	[jepsen worker 2] jepsen.util: 7	:invoke	:read	nil
2025-06-06 16:29:20,685{GMT}	INFO	[jepsen worker 3] jepsen.util: 3	:info	:broadcast	9	:net-timeout
2025-06-06 16:29:20,686{GMT}	INFO	[jepsen worker 3] jepsen.util: 8	:invoke	:read	nil
2025-06-06 16:29:24,918{GMT}	INFO	[jepsen worker 4] jepsen.util: 14	:fail	:read	nil	:net-timeout
2025-06-06 16:29:25,106{GMT}	INFO	[jepsen worker 0] jepsen.util: 10	:info	:broadcast	10	:net-timeout
2025-06-06 16:29:25,287{GMT}	INFO	[jepsen worker 1] jepsen.util: 11	:info	:broadcast	11	:net-timeout
2025-06-06 16:29:25,478{GMT}	INFO	[jepsen worker 2] jepsen.util: 7	:fail	:read	nil	:net-timeout
2025-06-06 16:29:25,687{GMT}	INFO	[jepsen worker 3] jepsen.util: 8	:fail	:read	nil	:net-timeout
2025-06-06 16:29:25,688{GMT}	INFO	[jepsen worker nemesis] jepsen.generator.interpreter: Waiting for recovery...
2025-06-06 16:29:35,697{GMT}	INFO	[jepsen worker 2] jepsen.util: 7	:invoke	:read	nil
2025-06-06 16:29:35,698{GMT}	INFO	[jepsen worker 0] jepsen.util: 15	:invoke	:read	nil
2025-06-06 16:29:35,698{GMT}	INFO	[jepsen worker 3] jepsen.util: 8	:invoke	:read	nil
2025-06-06 16:29:35,699{GMT}	INFO	[jepsen worker 4] jepsen.util: 14	:invoke	:read	nil
2025-06-06 16:29:35,699{GMT}	INFO	[jepsen worker 1] jepsen.util: 16	:invoke	:read	nil
2025-06-06 16:29:40,699{GMT}	INFO	[jepsen worker 1] jepsen.util: 16	:fail	:read	nil	:net-timeout
2025-06-06 16:29:40,699{GMT}	INFO	[jepsen worker 0] jepsen.util: 15	:fail	:read	nil	:net-timeout
2025-06-06 16:29:40,699{GMT}	INFO	[jepsen worker 4] jepsen.util: 14	:fail	:read	nil	:net-timeout
2025-06-06 16:29:40,702{GMT}	INFO	[jepsen worker 2] jepsen.util: 7	:fail	:read	nil	:net-timeout
2025-06-06 16:29:40,703{GMT}	INFO	[jepsen worker 3] jepsen.util: 8	:fail	:read	nil	:net-timeout
2025-06-06 16:29:40,725{GMT}	INFO	[jepsen test runner] jepsen.core: Run complete, writing
2025-06-06 16:29:40,786{GMT}	INFO	[jepsen node n5] maelstrom.db: Tearing down n5
2025-06-06 16:29:40,786{GMT}	INFO	[jepsen node n3] maelstrom.db: Tearing down n3
2025-06-06 16:29:40,786{GMT}	INFO	[jepsen node n2] maelstrom.db: Tearing down n2
2025-06-06 16:29:40,786{GMT}	INFO	[jepsen node n1] maelstrom.db: Tearing down n1
2025-06-06 16:29:40,786{GMT}	INFO	[jepsen node n4] maelstrom.db: Tearing down n4
2025-06-06 16:29:42,421{GMT}	INFO	[jepsen node n1] maelstrom.net: Shutting down Maelstrom network
2025-06-06 16:29:42,425{GMT}	INFO	[jepsen test runner] jepsen.core: Analyzing...
2025-06-06 16:29:43,051{GMT}	INFO	[jepsen test runner] jepsen.core: Analysis complete
2025-06-06 16:29:43,061{GMT}	INFO	[jepsen results] jepsen.store: Wrote /Users/adr/code/maelstrom/store/broadcast/20250606T162853.058-0400/results.edn
2025-06-06 16:29:43,095{GMT}	INFO	[jepsen test runner] jepsen.core: {:perf {:latency-graph {:valid? true},
        :rate-graph {:valid? true},
        :valid? true},
 :timeline {:valid? true},
 :exceptions {:valid? true},
 :stats {:valid? true,
         :count 34,
         :ok-count 9,
         :fail-count 15,
         :info-count 10,
         :by-f {:broadcast {:valid? true,
                            :count 12,
                            :ok-count 2,
                            :fail-count 0,
                            :info-count 10},
                :read {:valid? true,
                       :count 22,
                       :ok-count 7,
                       :fail-count 15,
                       :info-count 0}}},
 :availability {:valid? true, :ok-fraction 0.2647059},
 :net {:all {:send-count 85,
             :recv-count 85,
             :msg-count 85,
             :msgs-per-op 2.5},
       :clients {:send-count 63, :recv-count 63, :msg-count 63},
       :servers {:send-count 22,
                 :recv-count 22,
                 :msg-count 22,
                 :msgs-per-op 0.64705884},
       :valid? true},
 :workload {:worst-stale (),
            :duplicated-count 0,
            :valid? false,
            :lost-count 1,
            :lost (0),
            :stable-count 0,
            :stale-count 0,
            :stale (),
            :never-read-count 11,
            :attempt-count 12,
            :lost-latencies {0 0, 0.5 0, 0.95 0, 0.99 0, 1 0},
            :never-read (1 2 3 4 5 6 7 8 9 10 11),
            :duplicated {}},
 :valid? false}


Analysis invalid! (ﾉಥ益ಥ）ﾉ ┻━┻
