2025-06-06 12:57:35,378{GMT}	INFO	[jepsen test runner] jepsen.core: Test version 3a792863e7da0892af4384a4abff3c74374f61b6 (plus uncommitted changes)
2025-06-06 12:57:35,378{GMT}	INFO	[jepsen test runner] jepsen.core: Command line:
lein run test -w broadcast --bin self/server/_build/default/bin/main.exe --time-limit 20 --rate 10
2025-06-06 12:57:35,411{GMT}	INFO	[jepsen test runner] jepsen.core: Running test:
{:args []
 :remote
 #jepsen.control.retry.Remote{:remote #jepsen.control.scp.Remote{:cmd-remote #jepsen.control.sshj.SSHJRemote{:concurrency-limit 6,
                                                                                                             :conn-spec nil,
                                                                                                             :client nil,
                                                                                                             :semaphore nil},
                                                                 :conn-spec nil},
                              :conn nil}
 :log-net-send false
 :node-count nil
 :availability nil
 :max-txn-length 4
 :concurrency 5
 :db
 #object[maelstrom.db$db$reify__16612
         "0x54fd5f6"
         "maelstrom.db$db$reify__16612@54fd5f6"]
 :max-writes-per-key 16
 :leave-db-running? false
 :name "broadcast"
 :logging-json? false
 :start-time
 #object[org.joda.time.DateTime "0x1f9b8c23" "2025-06-06T12:57:35.342-04:00"]
 :nemesis-interval 10
 :net
 #object[maelstrom.net$jepsen_net$reify__15721
         "0x6b297a62"
         "maelstrom.net$jepsen_net$reify__15721@6b297a62"]
 :client
 #object[maelstrom.workload.broadcast$client$reify__17142
         "0x11303cb"
         "maelstrom.workload.broadcast$client$reify__17142@11303cb"]
 :barrier
 #object[java.util.concurrent.CyclicBarrier
         "0x655e3f4c"
         "java.util.concurrent.CyclicBarrier@655e3f4c"]
 :log-stderr false
 :pure-generators true
 :ssh {:dummy? true}
 :rate 10.0
 :checker
 #object[jepsen.checker$compose$reify__11089
         "0x26e74d50"
         "jepsen.checker$compose$reify__11089@26e74d50"]
 :argv
 ("test"
  "-w"
  "broadcast"
  "--bin"
  "self/server/_build/default/bin/main.exe"
  "--time-limit"
  "20"
  "--rate"
  "10")
 :nemesis
 (jepsen.nemesis.ReflCompose
  {:fm {:start-partition 0,
        :stop-partition 0,
        :kill 1,
        :start 1,
        :pause 1,
        :resume 1},
   :nemeses [#unprintable "jepsen.nemesis.combined$partition_nemesis$reify__16905@6bdc984"
             #unprintable "jepsen.nemesis.combined$db_nemesis$reify__16886@1f299fc3"]})
 :nodes ["n1" "n2" "n3" "n4" "n5"]
 :test-count 1
 :latency {:mean 0, :dist :constant}
 :bin "self/server/_build/default/bin/main.exe"
 :generator
 #object[jepsen.util.Forgettable
         "0x4b954cbb"
         ((jepsen.generator.Synchronize
           {:gen (jepsen.generator.TimeLimit
                  {:limit 20000000000,
                   :cutoff nil,
                   :gen (jepsen.generator.Any
                         {:gens [(jepsen.generator.OnThreads
                                  {:f #{:nemesis},
                                   :context-filter #object[jepsen.generator.context$make_thread_filter$lazy_filter__12077
                                                           "0x504521ae"
                                                           "jepsen.generator.context$make_thread_filter$lazy_filter__12077@504521ae"],
                                   :gen nil})
                                 (jepsen.generator.OnThreads
                                  {:f #jepsen.generator.context.AllBut{:element :nemesis},
                                   :context-filter #object[jepsen.generator.context$make_thread_filter$lazy_filter__12077
                                                           "0x4a9e6ea7"
                                                           "jepsen.generator.context$make_thread_filter$lazy_filter__12077@4a9e6ea7"],
                                   :gen (jepsen.generator.Stagger
                                         {:dt 200000000,
                                          :next-time nil,
                                          :gen (jepsen.generator.Mix
                                                {:i 0,
                                                 :gens [({:f :broadcast,
                                                          :value 0}
                                                         {:f :broadcast,
                                                          :value 1}
                                                         {:f :broadcast,
                                                          :value 2}
                                                         {:f :broadcast,
                                                          :value 3}
                                                         {:f :broadcast,
                                                          :value 4}
                                                         {:f :broadcast,
                                                          :value 5}
                                                         {:f :broadcast,
                                                          :value 6}
                                                         {:f :broadcast,
                                                          :value 7}
                                                         ...)
                                                        ({:f :read}
                                                         {:f :read}
                                                         {:f :read}
                                                         {:f :read}
                                                         {:f :read}
                                                         {:f :read}
                                                         {:f :read}
                                                         {:f :read}
                                                         ...)]})})})]})})})
          (jepsen.generator.Synchronize
           {:gen (jepsen.generator.OnThreads
                  {:f #{:nemesis},
                   :context-filter #object[jepsen.generator.context$make_thread_filter$lazy_filter__12077
                                           "0x5aaecd25"
                                           "jepsen.generator.context$make_thread_filter$lazy_filter__12077@5aaecd25"],
                   :gen ()})})
          (jepsen.generator.Synchronize
           {:gen {:type :log, :value "Waiting for recovery..."}})
          (jepsen.generator.Synchronize {:gen {:type :sleep, :value 10}})
          (jepsen.generator.Synchronize
           {:gen (jepsen.generator.OnThreads
                  {:f #jepsen.generator.context.AllBut{:element :nemesis},
                   :context-filter #object[jepsen.generator.context$make_thread_filter$lazy_filter__12077
                                           "0x239fdf8f"
                                           "jepsen.generator.context$make_thread_filter$lazy_filter__12077@239fdf8f"],
                   :gen (jepsen.generator.EachThread
                         {:fresh-gen {:f :read, :final? true},
                          :context-filters #object[clojure.core$promise$reify__8621
                                                   "0x1acd660d"
                                                   {:status :pending, :val nil}],
                          :gens {}})})}))]
 :log-net-recv false
 :os
 #object[maelstrom.net$jepsen_os$reify__15724
         "0x22f3b213"
         "maelstrom.net$jepsen_os$reify__15724@22f3b213"]
 :time-limit 20
 :workload :broadcast
 :consistency-models [:strict-serializable]
 :topology :grid}

2025-06-06 12:57:36,196{GMT}	INFO	[jepsen node n1] maelstrom.net: Starting Maelstrom network
2025-06-06 12:57:36,197{GMT}	INFO	[jepsen test runner] jepsen.db: Tearing down DB
2025-06-06 12:57:36,198{GMT}	INFO	[jepsen test runner] jepsen.db: Setting up DB
2025-06-06 12:57:36,198{GMT}	INFO	[jepsen node n3] maelstrom.db: Setting up n3
2025-06-06 12:57:36,198{GMT}	INFO	[jepsen node n2] maelstrom.db: Setting up n2
2025-06-06 12:57:36,198{GMT}	INFO	[jepsen node n5] maelstrom.db: Setting up n5
2025-06-06 12:57:36,199{GMT}	INFO	[jepsen node n2] maelstrom.process: launching self/server/_build/default/bin/main.exe []
2025-06-06 12:57:36,199{GMT}	INFO	[jepsen node n3] maelstrom.process: launching self/server/_build/default/bin/main.exe []
2025-06-06 12:57:36,199{GMT}	INFO	[jepsen node n4] maelstrom.db: Setting up n4
2025-06-06 12:57:36,199{GMT}	INFO	[jepsen node n4] maelstrom.process: launching self/server/_build/default/bin/main.exe []
2025-06-06 12:57:36,199{GMT}	INFO	[jepsen node n5] maelstrom.process: launching self/server/_build/default/bin/main.exe []
2025-06-06 12:57:36,199{GMT}	INFO	[jepsen node n1] maelstrom.service: Starting services: (lin-kv lin-tso lww-kv seq-kv)
2025-06-06 12:57:36,200{GMT}	INFO	[jepsen node n1] maelstrom.db: Setting up n1
2025-06-06 12:57:36,200{GMT}	INFO	[jepsen node n1] maelstrom.process: launching self/server/_build/default/bin/main.exe []
2025-06-06 12:57:45,253{GMT}	INFO	[jepsen test runner] jepsen.core: Relative time begins now
2025-06-06 12:57:45,381{GMT}	INFO	[jepsen worker 0] jepsen.util: 0	:invoke	:broadcast	0
2025-06-06 12:57:45,388{GMT}	INFO	[jepsen worker 0] jepsen.util: 0	:ok	:broadcast	0
2025-06-06 12:57:45,441{GMT}	INFO	[jepsen worker 1] jepsen.util: 1	:invoke	:broadcast	1
2025-06-06 12:57:45,506{GMT}	INFO	[jepsen worker 2] jepsen.util: 2	:invoke	:broadcast	2
2025-06-06 12:57:45,596{GMT}	INFO	[jepsen worker 2] jepsen.util: 2	:ok	:broadcast	2
2025-06-06 12:57:45,662{GMT}	INFO	[jepsen worker 3] jepsen.util: 3	:invoke	:broadcast	3
2025-06-06 12:57:45,862{GMT}	INFO	[jepsen worker 4] jepsen.util: 4	:invoke	:read	nil
2025-06-06 12:57:45,863{GMT}	INFO	[jepsen worker 4] jepsen.util: 4	:ok	:read	["0"]
2025-06-06 12:57:46,063{GMT}	INFO	[jepsen worker 0] jepsen.util: 0	:invoke	:read	nil
2025-06-06 12:57:46,114{GMT}	INFO	[jepsen worker 2] jepsen.util: 2	:invoke	:broadcast	4
2025-06-06 12:57:46,118{GMT}	INFO	[jepsen worker 2] jepsen.util: 2	:ok	:broadcast	4
2025-06-06 12:57:46,229{GMT}	INFO	[jepsen worker 2] jepsen.util: 2	:invoke	:broadcast	5
2025-06-06 12:57:46,232{GMT}	INFO	[jepsen worker 2] jepsen.util: 2	:ok	:broadcast	5
2025-06-06 12:57:46,322{GMT}	INFO	[jepsen worker 2] jepsen.util: 2	:invoke	:read	nil
2025-06-06 12:57:46,323{GMT}	INFO	[jepsen worker 2] jepsen.util: 2	:ok	:read	["0" "2" "4" "5"]
2025-06-06 12:57:46,388{GMT}	INFO	[jepsen worker 4] jepsen.util: 4	:invoke	:read	nil
2025-06-06 12:57:46,389{GMT}	INFO	[jepsen worker 4] jepsen.util: 4	:ok	:read	["0"]
2025-06-06 12:57:46,516{GMT}	INFO	[jepsen worker 4] jepsen.util: 4	:invoke	:broadcast	6
2025-06-06 12:57:46,520{GMT}	INFO	[jepsen worker 4] jepsen.util: 4	:ok	:broadcast	6
2025-06-06 12:57:46,621{GMT}	INFO	[jepsen worker 2] jepsen.util: 2	:invoke	:broadcast	7
2025-06-06 12:57:46,788{GMT}	INFO	[jepsen worker 4] jepsen.util: 4	:invoke	:read	nil
2025-06-06 12:57:46,790{GMT}	INFO	[jepsen worker 4] jepsen.util: 4	:ok	:read	["0" "6"]
2025-06-06 12:57:46,869{GMT}	INFO	[jepsen worker 4] jepsen.util: 4	:invoke	:read	nil
2025-06-06 12:57:46,870{GMT}	INFO	[jepsen worker 4] jepsen.util: 4	:ok	:read	["0" "6"]
2025-06-06 12:57:46,960{GMT}	INFO	[jepsen worker 4] jepsen.util: 4	:invoke	:read	nil
2025-06-06 12:57:46,961{GMT}	INFO	[jepsen worker 4] jepsen.util: 4	:ok	:read	["0" "6"]
2025-06-06 12:57:47,070{GMT}	INFO	[jepsen worker 4] jepsen.util: 4	:invoke	:read	nil
2025-06-06 12:57:47,071{GMT}	INFO	[jepsen worker 4] jepsen.util: 4	:ok	:read	["0" "6"]
2025-06-06 12:57:47,270{GMT}	INFO	[jepsen worker 4] jepsen.util: 4	:invoke	:read	nil
2025-06-06 12:57:47,271{GMT}	INFO	[jepsen worker 4] jepsen.util: 4	:ok	:read	["0" "6"]
2025-06-06 12:57:47,345{GMT}	INFO	[jepsen worker 4] jepsen.util: 4	:invoke	:broadcast	8
2025-06-06 12:57:47,346{GMT}	INFO	[jepsen worker 4] jepsen.util: 4	:ok	:broadcast	8
2025-06-06 12:57:47,469{GMT}	INFO	[jepsen worker 4] jepsen.util: 4	:invoke	:broadcast	9
2025-06-06 12:57:47,470{GMT}	INFO	[jepsen worker 4] jepsen.util: 4	:ok	:broadcast	9
2025-06-06 12:57:47,476{GMT}	INFO	[jepsen worker 4] jepsen.util: 4	:invoke	:broadcast	10
2025-06-06 12:57:47,477{GMT}	INFO	[jepsen worker 4] jepsen.util: 4	:ok	:broadcast	10
2025-06-06 12:57:47,589{GMT}	INFO	[jepsen worker 4] jepsen.util: 4	:invoke	:read	nil
2025-06-06 12:57:50,451{GMT}	INFO	[jepsen worker 1] jepsen.util: 1	:info	:broadcast	1	:net-timeout
2025-06-06 12:57:50,452{GMT}	INFO	[jepsen worker 1] jepsen.util: 6	:invoke	:read	nil
2025-06-06 12:57:50,668{GMT}	INFO	[jepsen worker 3] jepsen.util: 3	:info	:broadcast	3	:net-timeout
2025-06-06 12:57:50,668{GMT}	INFO	[jepsen worker 3] jepsen.util: 8	:invoke	:read	nil
2025-06-06 12:57:51,069{GMT}	INFO	[jepsen worker 0] jepsen.util: 0	:fail	:read	nil	:net-timeout
2025-06-06 12:57:51,069{GMT}	INFO	[jepsen worker 0] jepsen.util: 0	:invoke	:broadcast	11
2025-06-06 12:57:51,625{GMT}	INFO	[jepsen worker 2] jepsen.util: 2	:info	:broadcast	7	:net-timeout
2025-06-06 12:57:51,626{GMT}	INFO	[jepsen worker 2] jepsen.util: 7	:invoke	:broadcast	12
2025-06-06 12:57:52,594{GMT}	INFO	[jepsen worker 4] jepsen.util: 4	:fail	:read	nil	:net-timeout
2025-06-06 12:57:52,595{GMT}	INFO	[jepsen worker 4] jepsen.util: 4	:invoke	:read	nil
2025-06-06 12:57:55,458{GMT}	INFO	[jepsen worker 1] jepsen.util: 6	:fail	:read	nil	:net-timeout
2025-06-06 12:57:55,459{GMT}	INFO	[jepsen worker 1] jepsen.util: 6	:invoke	:read	nil
2025-06-06 12:57:55,674{GMT}	INFO	[jepsen worker 3] jepsen.util: 8	:fail	:read	nil	:net-timeout
2025-06-06 12:57:55,675{GMT}	INFO	[jepsen worker 3] jepsen.util: 8	:invoke	:broadcast	13
2025-06-06 12:57:56,073{GMT}	INFO	[jepsen worker 0] jepsen.util: 0	:info	:broadcast	11	:net-timeout
2025-06-06 12:57:56,073{GMT}	INFO	[jepsen worker 0] jepsen.util: 5	:invoke	:read	nil
2025-06-06 12:57:56,632{GMT}	INFO	[jepsen worker 2] jepsen.util: 7	:info	:broadcast	12	:net-timeout
2025-06-06 12:57:56,633{GMT}	INFO	[jepsen worker 2] jepsen.util: 12	:invoke	:broadcast	14
2025-06-06 12:57:57,596{GMT}	INFO	[jepsen worker 4] jepsen.util: 4	:fail	:read	nil	:net-timeout
2025-06-06 12:57:57,597{GMT}	INFO	[jepsen worker 4] jepsen.util: 4	:invoke	:read	nil
2025-06-06 12:58:00,465{GMT}	INFO	[jepsen worker 1] jepsen.util: 6	:fail	:read	nil	:net-timeout
2025-06-06 12:58:00,466{GMT}	INFO	[jepsen worker 1] jepsen.util: 6	:invoke	:broadcast	15
2025-06-06 12:58:00,680{GMT}	INFO	[jepsen worker 3] jepsen.util: 8	:info	:broadcast	13	:net-timeout
2025-06-06 12:58:00,680{GMT}	INFO	[jepsen worker 3] jepsen.util: 13	:invoke	:broadcast	16
2025-06-06 12:58:01,078{GMT}	INFO	[jepsen worker 0] jepsen.util: 5	:fail	:read	nil	:net-timeout
2025-06-06 12:58:01,078{GMT}	INFO	[jepsen worker 0] jepsen.util: 5	:invoke	:broadcast	17
2025-06-06 12:58:01,638{GMT}	INFO	[jepsen worker 2] jepsen.util: 12	:info	:broadcast	14	:net-timeout
2025-06-06 12:58:01,639{GMT}	INFO	[jepsen worker 2] jepsen.util: 17	:invoke	:read	nil
2025-06-06 12:58:02,597{GMT}	INFO	[jepsen worker 4] jepsen.util: 4	:fail	:read	nil	:net-timeout
2025-06-06 12:58:02,597{GMT}	INFO	[jepsen worker 4] jepsen.util: 4	:invoke	:broadcast	18
2025-06-06 12:58:05,471{GMT}	INFO	[jepsen worker 1] jepsen.util: 6	:info	:broadcast	15	:net-timeout
2025-06-06 12:58:05,681{GMT}	INFO	[jepsen worker 3] jepsen.util: 13	:info	:broadcast	16	:net-timeout
2025-06-06 12:58:06,083{GMT}	INFO	[jepsen worker 0] jepsen.util: 5	:info	:broadcast	17	:net-timeout
2025-06-06 12:58:06,643{GMT}	INFO	[jepsen worker 2] jepsen.util: 17	:fail	:read	nil	:net-timeout
2025-06-06 12:58:07,598{GMT}	INFO	[jepsen worker 4] jepsen.util: 4	:info	:broadcast	18	:net-timeout
2025-06-06 12:58:07,599{GMT}	INFO	[jepsen worker 0] jepsen.generator.interpreter: Waiting for recovery...
2025-06-06 12:58:17,607{GMT}	INFO	[jepsen worker 4] jepsen.util: 9	:invoke	:read	nil
2025-06-06 12:58:17,607{GMT}	INFO	[jepsen worker 1] jepsen.util: 11	:invoke	:read	nil
2025-06-06 12:58:17,608{GMT}	INFO	[jepsen worker 3] jepsen.util: 18	:invoke	:read	nil
2025-06-06 12:58:17,608{GMT}	INFO	[jepsen worker 2] jepsen.util: 17	:invoke	:read	nil
2025-06-06 12:58:17,608{GMT}	INFO	[jepsen worker 0] jepsen.util: 10	:invoke	:read	nil
2025-06-06 12:58:22,614{GMT}	INFO	[jepsen worker 4] jepsen.util: 9	:fail	:read	nil	:net-timeout
2025-06-06 12:58:22,614{GMT}	INFO	[jepsen worker 0] jepsen.util: 10	:fail	:read	nil	:net-timeout
2025-06-06 12:58:22,614{GMT}	INFO	[jepsen worker 1] jepsen.util: 11	:fail	:read	nil	:net-timeout
2025-06-06 12:58:22,614{GMT}	INFO	[jepsen worker 2] jepsen.util: 17	:fail	:read	nil	:net-timeout
2025-06-06 12:58:22,614{GMT}	INFO	[jepsen worker 3] jepsen.util: 18	:fail	:read	nil	:net-timeout
2025-06-06 12:58:22,643{GMT}	INFO	[jepsen test runner] jepsen.core: Run complete, writing
2025-06-06 12:58:22,683{GMT}	INFO	[jepsen node n1] maelstrom.db: Tearing down n1
2025-06-06 12:58:22,683{GMT}	INFO	[jepsen node n5] maelstrom.db: Tearing down n5
2025-06-06 12:58:22,683{GMT}	INFO	[jepsen node n2] maelstrom.db: Tearing down n2
2025-06-06 12:58:22,683{GMT}	INFO	[jepsen node n3] maelstrom.db: Tearing down n3
2025-06-06 12:58:22,683{GMT}	INFO	[jepsen node n4] maelstrom.db: Tearing down n4
2025-06-06 12:58:24,378{GMT}	INFO	[jepsen node n1] maelstrom.net: Shutting down Maelstrom network
2025-06-06 12:58:24,382{GMT}	INFO	[jepsen test runner] jepsen.core: Analyzing...
2025-06-06 12:58:24,528{GMT}	INFO	[jepsen test runner] jepsen.core: Analysis complete
2025-06-06 12:58:24,537{GMT}	INFO	[jepsen results] jepsen.store: Wrote /Users/adr/code/maelstrom/store/broadcast/20250606T125735.342-0400/results.edn
2025-06-06 12:58:24,557{GMT}	INFO	[jepsen test runner] jepsen.core: {:perf {:latency-graph {:valid? true},
        :rate-graph {:valid? true},
        :valid? true},
 :timeline {:valid? true},
 :exceptions {:valid? true},
 :stats {:valid? true,
         :count 41,
         :ok-count 16,
         :fail-count 14,
         :info-count 11,
         :by-f {:broadcast {:valid? true,
                            :count 19,
                            :ok-count 8,
                            :fail-count 0,
                            :info-count 11},
                :read {:valid? true,
                       :count 22,
                       :ok-count 8,
                       :fail-count 14,
                       :info-count 0}}},
 :availability {:valid? true, :ok-fraction 0.3902439},
 :net {:all {:send-count 122,
             :recv-count 122,
             :msg-count 122,
             :msgs-per-op 2.9756098},
       :clients {:send-count 77, :recv-count 77, :msg-count 77},
       :servers {:send-count 45,
                 :recv-count 45,
                 :msg-count 45,
                 :msgs-per-op 1.097561},
       :valid? true},
 :workload {:worst-stale (),
            :duplicated-count 0,
            :valid? false,
            :lost-count 5,
            :lost (0 2 4 5 6),
            :stable-count 0,
            :stale-count 0,
            :stale (),
            :never-read-count 14,
            :attempt-count 19,
            :lost-latencies {0 0, 0.5 0, 0.95 0, 0.99 0, 1 0},
            :never-read (1 3 7 8 9 10 11 12 13 14 15 16 17 18),
            :duplicated {}},
 :valid? false}


Analysis invalid! (ﾉಥ益ಥ）ﾉ ┻━┻
