2025-06-14 16:28:58,001{GMT}	INFO	[jepsen test runner] jepsen.core: Test version 3a792863e7da0892af4384a4abff3c74374f61b6 (plus uncommitted changes)
2025-06-14 16:28:58,002{GMT}	INFO	[jepsen test runner] jepsen.core: Command line:
lein run test -w echo --bin self/server/_build/default/bin/main.exe --time-limit 20 --rate 10
2025-06-14 16:28:58,035{GMT}	INFO	[jepsen test runner] jepsen.core: Running test:
{:args []
 :remote
 #jepsen.control.retry.Remote{:remote #jepsen.control.scp.Remote{:cmd-remote #jepsen.control.sshj.SSHJRemote{:concurrency-limit 6,
                                                                                                             :conn-spec nil,
                                                                                                             :client nil,
                                                                                                             :semaphore nil},
                                                                 :conn-spec nil},
                              :conn nil}
 :log-net-send false
 :node-count nil
 :availability nil
 :max-txn-length 4
 :concurrency 5
 :db
 #object[maelstrom.db$db$reify__16612
         "0x5233b7ad"
         "maelstrom.db$db$reify__16612@5233b7ad"]
 :max-writes-per-key 16
 :leave-db-running? false
 :name "echo"
 :logging-json? false
 :start-time
 #object[org.joda.time.DateTime "0x5a69f1ef" "2025-06-14T16:28:57.858-04:00"]
 :nemesis-interval 10
 :net
 #object[maelstrom.net$jepsen_net$reify__15721
         "0x54fd5f6"
         "maelstrom.net$jepsen_net$reify__15721@54fd5f6"]
 :client
 #object[maelstrom.workload.echo$client$reify__17402
         "0x219aab91"
         "maelstrom.workload.echo$client$reify__17402@219aab91"]
 :barrier
 #object[java.util.concurrent.CyclicBarrier
         "0x71737478"
         "java.util.concurrent.CyclicBarrier@71737478"]
 :log-stderr false
 :pure-generators true
 :ssh {:dummy? true}
 :rate 10.0
 :checker
 #object[jepsen.checker$compose$reify__11089
         "0x64001530"
         "jepsen.checker$compose$reify__11089@64001530"]
 :argv
 ("test"
  "-w"
  "echo"
  "--bin"
  "self/server/_build/default/bin/main.exe"
  "--time-limit"
  "20"
  "--rate"
  "10")
 :nemesis
 (jepsen.nemesis.ReflCompose
  {:fm {:start-partition 0,
        :stop-partition 0,
        :kill 1,
        :start 1,
        :pause 1,
        :resume 1},
   :nemeses [#unprintable "jepsen.nemesis.combined$partition_nemesis$reify__16905@1f9b8c23"
             #unprintable "jepsen.nemesis.combined$db_nemesis$reify__16886@6b297a62"]})
 :nodes ["n1" "n2" "n3" "n4" "n5"]
 :test-count 1
 :latency {:mean 0, :dist :constant}
 :bin "self/server/_build/default/bin/main.exe"
 :generator
 #object[jepsen.util.Forgettable
         "0x7f913c47"
         (jepsen.generator.TimeLimit
          {:limit 20000000000,
           :cutoff nil,
           :gen (jepsen.generator.Any
                 {:gens [(jepsen.generator.OnThreads
                          {:f #{:nemesis},
                           :context-filter #object[jepsen.generator.context$make_thread_filter$lazy_filter__12077
                                                   "0x5f04449a"
                                                   "jepsen.generator.context$make_thread_filter$lazy_filter__12077@5f04449a"],
                           :gen nil})
                         (jepsen.generator.OnThreads
                          {:f #jepsen.generator.context.AllBut{:element :nemesis},
                           :context-filter #object[jepsen.generator.context$make_thread_filter$lazy_filter__12077
                                                   "0x5634c26c"
                                                   "jepsen.generator.context$make_thread_filter$lazy_filter__12077@5634c26c"],
                           :gen (jepsen.generator.Stagger
                                 {:dt 200000000,
                                  :next-time nil,
                                  :gen (jepsen.generator.EachThread
                                        {:fresh-gen #object[maelstrom.workload.echo$workload$fn__17421
                                                            "0x37a5ac85"
                                                            "maelstrom.workload.echo$workload$fn__17421@37a5ac85"],
                                         :context-filters #object[clojure.core$promise$reify__8621
                                                                  "0x5d4f0fd5"
                                                                  {:status :pending,
                                                                   :val nil}],
                                         :gens {}})})})]})})]
 :log-net-recv false
 :os
 #object[maelstrom.net$jepsen_os$reify__15724
         "0x2092b072"
         "maelstrom.net$jepsen_os$reify__15724@2092b072"]
 :time-limit 20
 :workload :echo
 :consistency-models [:strict-serializable]
 :topology :grid}

2025-06-14 16:28:59,139{GMT}	INFO	[jepsen node n1] maelstrom.net: Starting Maelstrom network
2025-06-14 16:28:59,140{GMT}	INFO	[jepsen test runner] jepsen.db: Tearing down DB
2025-06-14 16:28:59,141{GMT}	INFO	[jepsen test runner] jepsen.db: Setting up DB
2025-06-14 16:28:59,141{GMT}	INFO	[jepsen node n2] maelstrom.db: Setting up n2
2025-06-14 16:28:59,141{GMT}	INFO	[jepsen node n3] maelstrom.db: Setting up n3
2025-06-14 16:28:59,141{GMT}	INFO	[jepsen node n5] maelstrom.db: Setting up n5
2025-06-14 16:28:59,141{GMT}	INFO	[jepsen node n4] maelstrom.db: Setting up n4
2025-06-14 16:28:59,141{GMT}	INFO	[jepsen node n5] maelstrom.process: launching self/server/_build/default/bin/main.exe []
2025-06-14 16:28:59,141{GMT}	INFO	[jepsen node n2] maelstrom.process: launching self/server/_build/default/bin/main.exe []
2025-06-14 16:28:59,141{GMT}	INFO	[jepsen node n3] maelstrom.process: launching self/server/_build/default/bin/main.exe []
2025-06-14 16:28:59,141{GMT}	INFO	[jepsen node n4] maelstrom.process: launching self/server/_build/default/bin/main.exe []
2025-06-14 16:28:59,142{GMT}	INFO	[jepsen node n1] maelstrom.service: Starting services: (lin-kv lin-tso lww-kv seq-kv)
2025-06-14 16:28:59,143{GMT}	INFO	[jepsen node n1] maelstrom.db: Setting up n1
2025-06-14 16:28:59,143{GMT}	INFO	[jepsen node n1] maelstrom.process: launching self/server/_build/default/bin/main.exe []
2025-06-14 16:29:09,109{GMT}	INFO	[jepsen test runner] jepsen.core: Relative time begins now
2025-06-14 16:29:09,144{GMT}	INFO	[jepsen worker 1] jepsen.util: 1	:invoke	:echo	"Please echo 8"
2025-06-14 16:29:09,149{GMT}	INFO	[jepsen worker 1] jepsen.util: 1	:ok	:echo	{:type "echo_ok", :echo "Please echo 8", :msg_id 0, :in_reply_to 1}
2025-06-14 16:29:09,174{GMT}	INFO	[jepsen worker 1] jepsen.util: 1	:invoke	:echo	"Please echo 98"
2025-06-14 16:29:09,175{GMT}	INFO	[jepsen worker 1] jepsen.util: 1	:ok	:echo	{:type "echo_ok", :echo "Please echo 98", :msg_id 0, :in_reply_to 2}
2025-06-14 16:29:09,239{GMT}	INFO	[jepsen worker 0] jepsen.util: 0	:invoke	:echo	"Please echo 40"
2025-06-14 16:29:09,240{GMT}	INFO	[jepsen worker 0] jepsen.util: 0	:ok	:echo	{:type "echo_ok", :echo "Please echo 40", :msg_id 0, :in_reply_to 1}
2025-06-14 16:29:09,430{GMT}	INFO	[jepsen worker 2] jepsen.util: 2	:invoke	:echo	"Please echo 52"
2025-06-14 16:29:09,434{GMT}	INFO	[jepsen worker 2] jepsen.util: 2	:ok	:echo	{:type "echo_ok", :echo "Please echo 52", :msg_id 0, :in_reply_to 1}
2025-06-14 16:29:09,568{GMT}	INFO	[jepsen worker 3] jepsen.util: 3	:invoke	:echo	"Please echo 54"
2025-06-14 16:29:09,572{GMT}	INFO	[jepsen worker 3] jepsen.util: 3	:ok	:echo	{:type "echo_ok", :echo "Please echo 54", :msg_id 0, :in_reply_to 1}
2025-06-14 16:29:09,699{GMT}	INFO	[jepsen worker 1] jepsen.util: 1	:invoke	:echo	"Please echo 23"
2025-06-14 16:29:09,702{GMT}	INFO	[jepsen worker 1] jepsen.util: 1	:ok	:echo	{:type "echo_ok", :echo "Please echo 23", :msg_id 0, :in_reply_to 3}
2025-06-14 16:29:09,814{GMT}	INFO	[jepsen worker 2] jepsen.util: 2	:invoke	:echo	"Please echo 3"
2025-06-14 16:29:09,816{GMT}	INFO	[jepsen worker 2] jepsen.util: 2	:ok	:echo	{:type "echo_ok", :echo "Please echo 3", :msg_id 0, :in_reply_to 2}
2025-06-14 16:29:09,870{GMT}	INFO	[jepsen worker 2] jepsen.util: 2	:invoke	:echo	"Please echo 96"
2025-06-14 16:29:09,873{GMT}	INFO	[jepsen worker 2] jepsen.util: 2	:ok	:echo	{:type "echo_ok", :echo "Please echo 96", :msg_id 0, :in_reply_to 3}
2025-06-14 16:29:10,070{GMT}	INFO	[jepsen worker 3] jepsen.util: 3	:invoke	:echo	"Please echo 0"
2025-06-14 16:29:10,072{GMT}	INFO	[jepsen worker 3] jepsen.util: 3	:ok	:echo	{:type "echo_ok", :echo "Please echo 0", :msg_id 0, :in_reply_to 2}
2025-06-14 16:29:10,083{GMT}	INFO	[jepsen worker 1] jepsen.util: 1	:invoke	:echo	"Please echo 7"
2025-06-14 16:29:10,085{GMT}	INFO	[jepsen worker 1] jepsen.util: 1	:ok	:echo	{:type "echo_ok", :echo "Please echo 7", :msg_id 0, :in_reply_to 4}
2025-06-14 16:29:10,246{GMT}	INFO	[jepsen worker 0] jepsen.util: 0	:invoke	:echo	"Please echo 113"
2025-06-14 16:29:10,247{GMT}	INFO	[jepsen worker 0] jepsen.util: 0	:ok	:echo	{:type "echo_ok", :echo "Please echo 113", :msg_id 0, :in_reply_to 2}
2025-06-14 16:29:10,343{GMT}	INFO	[jepsen worker 2] jepsen.util: 2	:invoke	:echo	"Please echo 98"
2025-06-14 16:29:10,346{GMT}	INFO	[jepsen worker 2] jepsen.util: 2	:ok	:echo	{:type "echo_ok", :echo "Please echo 98", :msg_id 0, :in_reply_to 4}
2025-06-14 16:29:10,429{GMT}	INFO	[jepsen worker 1] jepsen.util: 1	:invoke	:echo	"Please echo 1"
2025-06-14 16:29:10,430{GMT}	INFO	[jepsen worker 1] jepsen.util: 1	:ok	:echo	{:type "echo_ok", :echo "Please echo 1", :msg_id 0, :in_reply_to 5}
2025-06-14 16:29:10,538{GMT}	INFO	[jepsen worker 2] jepsen.util: 2	:invoke	:echo	"Please echo 110"
2025-06-14 16:29:10,541{GMT}	INFO	[jepsen worker 2] jepsen.util: 2	:ok	:echo	{:type "echo_ok", :echo "Please echo 110", :msg_id 0, :in_reply_to 5}
2025-06-14 16:29:10,616{GMT}	INFO	[jepsen worker 1] jepsen.util: 1	:invoke	:echo	"Please echo 61"
2025-06-14 16:29:10,617{GMT}	INFO	[jepsen worker 1] jepsen.util: 1	:ok	:echo	{:type "echo_ok", :echo "Please echo 61", :msg_id 0, :in_reply_to 6}
2025-06-14 16:29:10,788{GMT}	INFO	[jepsen worker 2] jepsen.util: 2	:invoke	:echo	"Please echo 12"
2025-06-14 16:29:10,789{GMT}	INFO	[jepsen worker 2] jepsen.util: 2	:ok	:echo	{:type "echo_ok", :echo "Please echo 12", :msg_id 0, :in_reply_to 6}
2025-06-14 16:29:10,829{GMT}	INFO	[jepsen worker 1] jepsen.util: 1	:invoke	:echo	"Please echo 43"
2025-06-14 16:29:10,831{GMT}	INFO	[jepsen worker 1] jepsen.util: 1	:ok	:echo	{:type "echo_ok", :echo "Please echo 43", :msg_id 0, :in_reply_to 7}
2025-06-14 16:29:10,996{GMT}	INFO	[jepsen worker 1] jepsen.util: 1	:invoke	:echo	"Please echo 77"
2025-06-14 16:29:10,997{GMT}	INFO	[jepsen worker 1] jepsen.util: 1	:ok	:echo	{:type "echo_ok", :echo "Please echo 77", :msg_id 0, :in_reply_to 8}
2025-06-14 16:29:11,166{GMT}	INFO	[jepsen worker 3] jepsen.util: 3	:invoke	:echo	"Please echo 66"
2025-06-14 16:29:11,169{GMT}	INFO	[jepsen worker 3] jepsen.util: 3	:ok	:echo	{:type "echo_ok", :echo "Please echo 66", :msg_id 0, :in_reply_to 3}
2025-06-14 16:29:11,311{GMT}	INFO	[jepsen worker 1] jepsen.util: 1	:invoke	:echo	"Please echo 31"
2025-06-14 16:29:11,314{GMT}	INFO	[jepsen worker 1] jepsen.util: 1	:ok	:echo	{:type "echo_ok", :echo "Please echo 31", :msg_id 0, :in_reply_to 9}
2025-06-14 16:29:11,428{GMT}	INFO	[jepsen worker 2] jepsen.util: 2	:invoke	:echo	"Please echo 89"
2025-06-14 16:29:11,430{GMT}	INFO	[jepsen worker 2] jepsen.util: 2	:ok	:echo	{:type "echo_ok", :echo "Please echo 89", :msg_id 0, :in_reply_to 7}
2025-06-14 16:29:11,630{GMT}	INFO	[jepsen worker 0] jepsen.util: 0	:invoke	:echo	"Please echo 106"
2025-06-14 16:29:11,633{GMT}	INFO	[jepsen worker 0] jepsen.util: 0	:ok	:echo	{:type "echo_ok", :echo "Please echo 106", :msg_id 0, :in_reply_to 3}
2025-06-14 16:29:11,812{GMT}	INFO	[jepsen worker 3] jepsen.util: 3	:invoke	:echo	"Please echo 43"
2025-06-14 16:29:11,814{GMT}	INFO	[jepsen worker 3] jepsen.util: 3	:ok	:echo	{:type "echo_ok", :echo "Please echo 43", :msg_id 0, :in_reply_to 4}
2025-06-14 16:29:11,964{GMT}	INFO	[jepsen worker 1] jepsen.util: 1	:invoke	:echo	"Please echo 118"
2025-06-14 16:29:11,967{GMT}	INFO	[jepsen worker 1] jepsen.util: 1	:ok	:echo	{:type "echo_ok", :echo "Please echo 118", :msg_id 0, :in_reply_to 10}
2025-06-14 16:29:12,167{GMT}	INFO	[jepsen worker 4] jepsen.util: 4	:invoke	:echo	"Please echo 123"
2025-06-14 16:29:12,171{GMT}	INFO	[jepsen worker 4] jepsen.util: 4	:ok	:echo	{:type "echo_ok", :echo "Please echo 123", :msg_id 0, :in_reply_to 1}
2025-06-14 16:29:12,233{GMT}	INFO	[jepsen worker 0] jepsen.util: 0	:invoke	:echo	"Please echo 69"
2025-06-14 16:29:12,236{GMT}	INFO	[jepsen worker 0] jepsen.util: 0	:ok	:echo	{:type "echo_ok", :echo "Please echo 69", :msg_id 0, :in_reply_to 4}
2025-06-14 16:29:12,258{GMT}	INFO	[jepsen worker 4] jepsen.util: 4	:invoke	:echo	"Please echo 10"
2025-06-14 16:29:12,261{GMT}	INFO	[jepsen worker 4] jepsen.util: 4	:ok	:echo	{:type "echo_ok", :echo "Please echo 10", :msg_id 0, :in_reply_to 2}
2025-06-14 16:29:12,328{GMT}	INFO	[jepsen worker 2] jepsen.util: 2	:invoke	:echo	"Please echo 18"
2025-06-14 16:29:12,332{GMT}	INFO	[jepsen worker 2] jepsen.util: 2	:ok	:echo	{:type "echo_ok", :echo "Please echo 18", :msg_id 0, :in_reply_to 8}
2025-06-14 16:29:12,505{GMT}	INFO	[jepsen worker 0] jepsen.util: 0	:invoke	:echo	"Please echo 104"
2025-06-14 16:29:12,508{GMT}	INFO	[jepsen worker 0] jepsen.util: 0	:ok	:echo	{:type "echo_ok", :echo "Please echo 104", :msg_id 0, :in_reply_to 5}
2025-06-14 16:29:12,557{GMT}	INFO	[jepsen worker 4] jepsen.util: 4	:invoke	:echo	"Please echo 18"
2025-06-14 16:29:12,559{GMT}	INFO	[jepsen worker 4] jepsen.util: 4	:ok	:echo	{:type "echo_ok", :echo "Please echo 18", :msg_id 0, :in_reply_to 3}
2025-06-14 16:29:12,684{GMT}	INFO	[jepsen worker 2] jepsen.util: 2	:invoke	:echo	"Please echo 49"
2025-06-14 16:29:12,686{GMT}	INFO	[jepsen worker 2] jepsen.util: 2	:ok	:echo	{:type "echo_ok", :echo "Please echo 49", :msg_id 0, :in_reply_to 9}
2025-06-14 16:29:12,716{GMT}	INFO	[jepsen worker 1] jepsen.util: 1	:invoke	:echo	"Please echo 75"
2025-06-14 16:29:12,718{GMT}	INFO	[jepsen worker 1] jepsen.util: 1	:ok	:echo	{:type "echo_ok", :echo "Please echo 75", :msg_id 0, :in_reply_to 11}
2025-06-14 16:29:12,890{GMT}	INFO	[jepsen worker 0] jepsen.util: 0	:invoke	:echo	"Please echo 127"
2025-06-14 16:29:12,892{GMT}	INFO	[jepsen worker 0] jepsen.util: 0	:ok	:echo	{:type "echo_ok", :echo "Please echo 127", :msg_id 0, :in_reply_to 6}
2025-06-14 16:29:12,951{GMT}	INFO	[jepsen worker 4] jepsen.util: 4	:invoke	:echo	"Please echo 82"
2025-06-14 16:29:12,954{GMT}	INFO	[jepsen worker 4] jepsen.util: 4	:ok	:echo	{:type "echo_ok", :echo "Please echo 82", :msg_id 0, :in_reply_to 4}
2025-06-14 16:29:12,991{GMT}	INFO	[jepsen worker 3] jepsen.util: 3	:invoke	:echo	"Please echo 46"
2025-06-14 16:29:12,993{GMT}	INFO	[jepsen worker 3] jepsen.util: 3	:ok	:echo	{:type "echo_ok", :echo "Please echo 46", :msg_id 0, :in_reply_to 5}
2025-06-14 16:29:13,107{GMT}	INFO	[jepsen worker 3] jepsen.util: 3	:invoke	:echo	"Please echo 67"
2025-06-14 16:29:13,110{GMT}	INFO	[jepsen worker 3] jepsen.util: 3	:ok	:echo	{:type "echo_ok", :echo "Please echo 67", :msg_id 0, :in_reply_to 6}
2025-06-14 16:29:13,223{GMT}	INFO	[jepsen worker 4] jepsen.util: 4	:invoke	:echo	"Please echo 95"
2025-06-14 16:29:13,228{GMT}	INFO	[jepsen worker 4] jepsen.util: 4	:ok	:echo	{:type "echo_ok", :echo "Please echo 95", :msg_id 0, :in_reply_to 5}
2025-06-14 16:29:13,262{GMT}	INFO	[jepsen worker 0] jepsen.util: 0	:invoke	:echo	"Please echo 4"
2025-06-14 16:29:13,265{GMT}	INFO	[jepsen worker 0] jepsen.util: 0	:ok	:echo	{:type "echo_ok", :echo "Please echo 4", :msg_id 0, :in_reply_to 7}
2025-06-14 16:29:13,408{GMT}	INFO	[jepsen worker 0] jepsen.util: 0	:invoke	:echo	"Please echo 98"
2025-06-14 16:29:13,410{GMT}	INFO	[jepsen worker 0] jepsen.util: 0	:ok	:echo	{:type "echo_ok", :echo "Please echo 98", :msg_id 0, :in_reply_to 8}
2025-06-14 16:29:13,482{GMT}	INFO	[jepsen worker 3] jepsen.util: 3	:invoke	:echo	"Please echo 88"
2025-06-14 16:29:13,485{GMT}	INFO	[jepsen worker 3] jepsen.util: 3	:ok	:echo	{:type "echo_ok", :echo "Please echo 88", :msg_id 0, :in_reply_to 7}
2025-06-14 16:29:13,531{GMT}	INFO	[jepsen worker 3] jepsen.util: 3	:invoke	:echo	"Please echo 122"
2025-06-14 16:29:13,533{GMT}	INFO	[jepsen worker 3] jepsen.util: 3	:ok	:echo	{:type "echo_ok", :echo "Please echo 122", :msg_id 0, :in_reply_to 8}
2025-06-14 16:29:13,591{GMT}	INFO	[jepsen worker 2] jepsen.util: 2	:invoke	:echo	"Please echo 46"
2025-06-14 16:29:13,594{GMT}	INFO	[jepsen worker 2] jepsen.util: 2	:ok	:echo	{:type "echo_ok", :echo "Please echo 46", :msg_id 0, :in_reply_to 10}
2025-06-14 16:29:13,691{GMT}	INFO	[jepsen worker 1] jepsen.util: 1	:invoke	:echo	"Please echo 90"
2025-06-14 16:29:13,693{GMT}	INFO	[jepsen worker 1] jepsen.util: 1	:ok	:echo	{:type "echo_ok", :echo "Please echo 90", :msg_id 0, :in_reply_to 12}
2025-06-14 16:29:13,721{GMT}	INFO	[jepsen worker 4] jepsen.util: 4	:invoke	:echo	"Please echo 98"
2025-06-14 16:29:13,723{GMT}	INFO	[jepsen worker 4] jepsen.util: 4	:ok	:echo	{:type "echo_ok", :echo "Please echo 98", :msg_id 0, :in_reply_to 6}
2025-06-14 16:29:13,891{GMT}	INFO	[jepsen worker 4] jepsen.util: 4	:invoke	:echo	"Please echo 1"
2025-06-14 16:29:13,893{GMT}	INFO	[jepsen worker 4] jepsen.util: 4	:ok	:echo	{:type "echo_ok", :echo "Please echo 1", :msg_id 0, :in_reply_to 7}
2025-06-14 16:29:13,951{GMT}	INFO	[jepsen worker 4] jepsen.util: 4	:invoke	:echo	"Please echo 108"
2025-06-14 16:29:13,956{GMT}	INFO	[jepsen worker 4] jepsen.util: 4	:ok	:echo	{:type "echo_ok", :echo "Please echo 108", :msg_id 0, :in_reply_to 8}
2025-06-14 16:29:14,001{GMT}	INFO	[jepsen worker 2] jepsen.util: 2	:invoke	:echo	"Please echo 20"
2025-06-14 16:29:14,003{GMT}	INFO	[jepsen worker 2] jepsen.util: 2	:ok	:echo	{:type "echo_ok", :echo "Please echo 20", :msg_id 0, :in_reply_to 11}
2025-06-14 16:29:14,129{GMT}	INFO	[jepsen worker 0] jepsen.util: 0	:invoke	:echo	"Please echo 108"
2025-06-14 16:29:14,132{GMT}	INFO	[jepsen worker 0] jepsen.util: 0	:ok	:echo	{:type "echo_ok", :echo "Please echo 108", :msg_id 0, :in_reply_to 9}
2025-06-14 16:29:14,234{GMT}	INFO	[jepsen worker 3] jepsen.util: 3	:invoke	:echo	"Please echo 52"
2025-06-14 16:29:14,237{GMT}	INFO	[jepsen worker 3] jepsen.util: 3	:ok	:echo	{:type "echo_ok", :echo "Please echo 52", :msg_id 0, :in_reply_to 9}
2025-06-14 16:29:14,432{GMT}	INFO	[jepsen worker 3] jepsen.util: 3	:invoke	:echo	"Please echo 74"
2025-06-14 16:29:14,434{GMT}	INFO	[jepsen worker 3] jepsen.util: 3	:ok	:echo	{:type "echo_ok", :echo "Please echo 74", :msg_id 0, :in_reply_to 10}
2025-06-14 16:29:14,557{GMT}	INFO	[jepsen worker 0] jepsen.util: 0	:invoke	:echo	"Please echo 35"
2025-06-14 16:29:14,559{GMT}	INFO	[jepsen worker 0] jepsen.util: 0	:ok	:echo	{:type "echo_ok", :echo "Please echo 35", :msg_id 0, :in_reply_to 10}
2025-06-14 16:29:14,582{GMT}	INFO	[jepsen worker 2] jepsen.util: 2	:invoke	:echo	"Please echo 116"
2025-06-14 16:29:14,585{GMT}	INFO	[jepsen worker 2] jepsen.util: 2	:ok	:echo	{:type "echo_ok", :echo "Please echo 116", :msg_id 0, :in_reply_to 12}
2025-06-14 16:29:14,639{GMT}	INFO	[jepsen worker 2] jepsen.util: 2	:invoke	:echo	"Please echo 18"
2025-06-14 16:29:14,640{GMT}	INFO	[jepsen worker 2] jepsen.util: 2	:ok	:echo	{:type "echo_ok", :echo "Please echo 18", :msg_id 0, :in_reply_to 13}
2025-06-14 16:29:14,697{GMT}	INFO	[jepsen worker 3] jepsen.util: 3	:invoke	:echo	"Please echo 121"
2025-06-14 16:29:14,698{GMT}	INFO	[jepsen worker 3] jepsen.util: 3	:ok	:echo	{:type "echo_ok", :echo "Please echo 121", :msg_id 0, :in_reply_to 11}
2025-06-14 16:29:14,789{GMT}	INFO	[jepsen worker 2] jepsen.util: 2	:invoke	:echo	"Please echo 82"
2025-06-14 16:29:14,791{GMT}	INFO	[jepsen worker 2] jepsen.util: 2	:ok	:echo	{:type "echo_ok", :echo "Please echo 82", :msg_id 0, :in_reply_to 14}
2025-06-14 16:29:14,842{GMT}	INFO	[jepsen worker 0] jepsen.util: 0	:invoke	:echo	"Please echo 54"
2025-06-14 16:29:14,845{GMT}	INFO	[jepsen worker 0] jepsen.util: 0	:ok	:echo	{:type "echo_ok", :echo "Please echo 54", :msg_id 0, :in_reply_to 11}
2025-06-14 16:29:14,991{GMT}	INFO	[jepsen worker 1] jepsen.util: 1	:invoke	:echo	"Please echo 52"
2025-06-14 16:29:14,993{GMT}	INFO	[jepsen worker 1] jepsen.util: 1	:ok	:echo	{:type "echo_ok", :echo "Please echo 52", :msg_id 0, :in_reply_to 13}
2025-06-14 16:29:15,108{GMT}	INFO	[jepsen worker 4] jepsen.util: 4	:invoke	:echo	"Please echo 3"
2025-06-14 16:29:15,110{GMT}	INFO	[jepsen worker 4] jepsen.util: 4	:ok	:echo	{:type "echo_ok", :echo "Please echo 3", :msg_id 0, :in_reply_to 9}
2025-06-14 16:29:15,201{GMT}	INFO	[jepsen worker 1] jepsen.util: 1	:invoke	:echo	"Please echo 19"
2025-06-14 16:29:15,202{GMT}	INFO	[jepsen worker 1] jepsen.util: 1	:ok	:echo	{:type "echo_ok", :echo "Please echo 19", :msg_id 0, :in_reply_to 14}
2025-06-14 16:29:15,362{GMT}	INFO	[jepsen worker 4] jepsen.util: 4	:invoke	:echo	"Please echo 30"
2025-06-14 16:29:15,365{GMT}	INFO	[jepsen worker 4] jepsen.util: 4	:ok	:echo	{:type "echo_ok", :echo "Please echo 30", :msg_id 0, :in_reply_to 10}
2025-06-14 16:29:15,536{GMT}	INFO	[jepsen worker 2] jepsen.util: 2	:invoke	:echo	"Please echo 72"
2025-06-14 16:29:15,540{GMT}	INFO	[jepsen worker 2] jepsen.util: 2	:ok	:echo	{:type "echo_ok", :echo "Please echo 72", :msg_id 0, :in_reply_to 15}
2025-06-14 16:29:15,700{GMT}	INFO	[jepsen worker 4] jepsen.util: 4	:invoke	:echo	"Please echo 91"
2025-06-14 16:29:15,705{GMT}	INFO	[jepsen worker 4] jepsen.util: 4	:ok	:echo	{:type "echo_ok", :echo "Please echo 91", :msg_id 0, :in_reply_to 11}
2025-06-14 16:29:15,824{GMT}	INFO	[jepsen worker 1] jepsen.util: 1	:invoke	:echo	"Please echo 18"
2025-06-14 16:29:15,826{GMT}	INFO	[jepsen worker 1] jepsen.util: 1	:ok	:echo	{:type "echo_ok", :echo "Please echo 18", :msg_id 0, :in_reply_to 15}
2025-06-14 16:29:16,009{GMT}	INFO	[jepsen worker 1] jepsen.util: 1	:invoke	:echo	"Please echo 114"
2025-06-14 16:29:16,011{GMT}	INFO	[jepsen worker 1] jepsen.util: 1	:ok	:echo	{:type "echo_ok", :echo "Please echo 114", :msg_id 0, :in_reply_to 16}
2025-06-14 16:29:16,036{GMT}	INFO	[jepsen worker 4] jepsen.util: 4	:invoke	:echo	"Please echo 72"
2025-06-14 16:29:16,037{GMT}	INFO	[jepsen worker 4] jepsen.util: 4	:ok	:echo	{:type "echo_ok", :echo "Please echo 72", :msg_id 0, :in_reply_to 12}
2025-06-14 16:29:16,091{GMT}	INFO	[jepsen worker 0] jepsen.util: 0	:invoke	:echo	"Please echo 37"
2025-06-14 16:29:16,092{GMT}	INFO	[jepsen worker 0] jepsen.util: 0	:ok	:echo	{:type "echo_ok", :echo "Please echo 37", :msg_id 0, :in_reply_to 12}
2025-06-14 16:29:16,250{GMT}	INFO	[jepsen worker 4] jepsen.util: 4	:invoke	:echo	"Please echo 123"
2025-06-14 16:29:16,253{GMT}	INFO	[jepsen worker 4] jepsen.util: 4	:ok	:echo	{:type "echo_ok", :echo "Please echo 123", :msg_id 0, :in_reply_to 13}
2025-06-14 16:29:16,359{GMT}	INFO	[jepsen worker 2] jepsen.util: 2	:invoke	:echo	"Please echo 72"
2025-06-14 16:29:16,361{GMT}	INFO	[jepsen worker 2] jepsen.util: 2	:ok	:echo	{:type "echo_ok", :echo "Please echo 72", :msg_id 0, :in_reply_to 16}
2025-06-14 16:29:16,482{GMT}	INFO	[jepsen worker 4] jepsen.util: 4	:invoke	:echo	"Please echo 4"
2025-06-14 16:29:16,484{GMT}	INFO	[jepsen worker 4] jepsen.util: 4	:ok	:echo	{:type "echo_ok", :echo "Please echo 4", :msg_id 0, :in_reply_to 14}
2025-06-14 16:29:16,681{GMT}	INFO	[jepsen worker 2] jepsen.util: 2	:invoke	:echo	"Please echo 18"
2025-06-14 16:29:16,683{GMT}	INFO	[jepsen worker 2] jepsen.util: 2	:ok	:echo	{:type "echo_ok", :echo "Please echo 18", :msg_id 0, :in_reply_to 17}
2025-06-14 16:29:16,708{GMT}	INFO	[jepsen worker 0] jepsen.util: 0	:invoke	:echo	"Please echo 45"
2025-06-14 16:29:16,711{GMT}	INFO	[jepsen worker 0] jepsen.util: 0	:ok	:echo	{:type "echo_ok", :echo "Please echo 45", :msg_id 0, :in_reply_to 13}
2025-06-14 16:29:16,736{GMT}	INFO	[jepsen worker 3] jepsen.util: 3	:invoke	:echo	"Please echo 70"
2025-06-14 16:29:16,738{GMT}	INFO	[jepsen worker 3] jepsen.util: 3	:ok	:echo	{:type "echo_ok", :echo "Please echo 70", :msg_id 0, :in_reply_to 12}
2025-06-14 16:29:16,770{GMT}	INFO	[jepsen worker 3] jepsen.util: 3	:invoke	:echo	"Please echo 81"
2025-06-14 16:29:16,773{GMT}	INFO	[jepsen worker 3] jepsen.util: 3	:ok	:echo	{:type "echo_ok", :echo "Please echo 81", :msg_id 0, :in_reply_to 13}
2025-06-14 16:29:16,926{GMT}	INFO	[jepsen worker 2] jepsen.util: 2	:invoke	:echo	"Please echo 48"
2025-06-14 16:29:16,927{GMT}	INFO	[jepsen worker 2] jepsen.util: 2	:ok	:echo	{:type "echo_ok", :echo "Please echo 48", :msg_id 0, :in_reply_to 18}
2025-06-14 16:29:17,030{GMT}	INFO	[jepsen worker 2] jepsen.util: 2	:invoke	:echo	"Please echo 103"
2025-06-14 16:29:17,033{GMT}	INFO	[jepsen worker 2] jepsen.util: 2	:ok	:echo	{:type "echo_ok", :echo "Please echo 103", :msg_id 0, :in_reply_to 19}
2025-06-14 16:29:17,173{GMT}	INFO	[jepsen worker 1] jepsen.util: 1	:invoke	:echo	"Please echo 91"
2025-06-14 16:29:17,176{GMT}	INFO	[jepsen worker 1] jepsen.util: 1	:ok	:echo	{:type "echo_ok", :echo "Please echo 91", :msg_id 0, :in_reply_to 17}
2025-06-14 16:29:17,234{GMT}	INFO	[jepsen worker 3] jepsen.util: 3	:invoke	:echo	"Please echo 105"
2025-06-14 16:29:17,237{GMT}	INFO	[jepsen worker 3] jepsen.util: 3	:ok	:echo	{:type "echo_ok", :echo "Please echo 105", :msg_id 0, :in_reply_to 14}
2025-06-14 16:29:17,351{GMT}	INFO	[jepsen worker 3] jepsen.util: 3	:invoke	:echo	"Please echo 46"
2025-06-14 16:29:17,353{GMT}	INFO	[jepsen worker 3] jepsen.util: 3	:ok	:echo	{:type "echo_ok", :echo "Please echo 46", :msg_id 0, :in_reply_to 15}
2025-06-14 16:29:17,525{GMT}	INFO	[jepsen worker 1] jepsen.util: 1	:invoke	:echo	"Please echo 24"
2025-06-14 16:29:17,527{GMT}	INFO	[jepsen worker 1] jepsen.util: 1	:ok	:echo	{:type "echo_ok", :echo "Please echo 24", :msg_id 0, :in_reply_to 18}
2025-06-14 16:29:17,583{GMT}	INFO	[jepsen worker 2] jepsen.util: 2	:invoke	:echo	"Please echo 47"
2025-06-14 16:29:17,586{GMT}	INFO	[jepsen worker 2] jepsen.util: 2	:ok	:echo	{:type "echo_ok", :echo "Please echo 47", :msg_id 0, :in_reply_to 20}
2025-06-14 16:29:17,661{GMT}	INFO	[jepsen worker 2] jepsen.util: 2	:invoke	:echo	"Please echo 65"
2025-06-14 16:29:17,664{GMT}	INFO	[jepsen worker 2] jepsen.util: 2	:ok	:echo	{:type "echo_ok", :echo "Please echo 65", :msg_id 0, :in_reply_to 21}
2025-06-14 16:29:17,711{GMT}	INFO	[jepsen worker 0] jepsen.util: 0	:invoke	:echo	"Please echo 117"
2025-06-14 16:29:17,713{GMT}	INFO	[jepsen worker 0] jepsen.util: 0	:ok	:echo	{:type "echo_ok", :echo "Please echo 117", :msg_id 0, :in_reply_to 14}
2025-06-14 16:29:17,748{GMT}	INFO	[jepsen worker 3] jepsen.util: 3	:invoke	:echo	"Please echo 86"
2025-06-14 16:29:17,751{GMT}	INFO	[jepsen worker 3] jepsen.util: 3	:ok	:echo	{:type "echo_ok", :echo "Please echo 86", :msg_id 0, :in_reply_to 16}
2025-06-14 16:29:17,869{GMT}	INFO	[jepsen worker 1] jepsen.util: 1	:invoke	:echo	"Please echo 0"
2025-06-14 16:29:17,871{GMT}	INFO	[jepsen worker 1] jepsen.util: 1	:ok	:echo	{:type "echo_ok", :echo "Please echo 0", :msg_id 0, :in_reply_to 19}
2025-06-14 16:29:18,049{GMT}	INFO	[jepsen worker 3] jepsen.util: 3	:invoke	:echo	"Please echo 89"
2025-06-14 16:29:18,052{GMT}	INFO	[jepsen worker 3] jepsen.util: 3	:ok	:echo	{:type "echo_ok", :echo "Please echo 89", :msg_id 0, :in_reply_to 17}
2025-06-14 16:29:18,148{GMT}	INFO	[jepsen worker 0] jepsen.util: 0	:invoke	:echo	"Please echo 109"
2025-06-14 16:29:18,150{GMT}	INFO	[jepsen worker 0] jepsen.util: 0	:ok	:echo	{:type "echo_ok", :echo "Please echo 109", :msg_id 0, :in_reply_to 15}
2025-06-14 16:29:18,297{GMT}	INFO	[jepsen worker 4] jepsen.util: 4	:invoke	:echo	"Please echo 100"
2025-06-14 16:29:18,299{GMT}	INFO	[jepsen worker 4] jepsen.util: 4	:ok	:echo	{:type "echo_ok", :echo "Please echo 100", :msg_id 0, :in_reply_to 15}
2025-06-14 16:29:18,401{GMT}	INFO	[jepsen worker 4] jepsen.util: 4	:invoke	:echo	"Please echo 89"
2025-06-14 16:29:18,403{GMT}	INFO	[jepsen worker 4] jepsen.util: 4	:ok	:echo	{:type "echo_ok", :echo "Please echo 89", :msg_id 0, :in_reply_to 16}
2025-06-14 16:29:18,408{GMT}	INFO	[jepsen worker 4] jepsen.util: 4	:invoke	:echo	"Please echo 110"
2025-06-14 16:29:18,409{GMT}	INFO	[jepsen worker 1] jepsen.util: 1	:invoke	:echo	"Please echo 24"
2025-06-14 16:29:18,409{GMT}	INFO	[jepsen worker 4] jepsen.util: 4	:ok	:echo	{:type "echo_ok", :echo "Please echo 110", :msg_id 0, :in_reply_to 17}
2025-06-14 16:29:18,410{GMT}	INFO	[jepsen worker 1] jepsen.util: 1	:ok	:echo	{:type "echo_ok", :echo "Please echo 24", :msg_id 0, :in_reply_to 20}
2025-06-14 16:29:18,446{GMT}	INFO	[jepsen worker 3] jepsen.util: 3	:invoke	:echo	"Please echo 52"
2025-06-14 16:29:18,447{GMT}	INFO	[jepsen worker 3] jepsen.util: 3	:ok	:echo	{:type "echo_ok", :echo "Please echo 52", :msg_id 0, :in_reply_to 18}
2025-06-14 16:29:18,515{GMT}	INFO	[jepsen worker 0] jepsen.util: 0	:invoke	:echo	"Please echo 19"
2025-06-14 16:29:18,516{GMT}	INFO	[jepsen worker 0] jepsen.util: 0	:ok	:echo	{:type "echo_ok", :echo "Please echo 19", :msg_id 0, :in_reply_to 16}
2025-06-14 16:29:18,574{GMT}	INFO	[jepsen worker 3] jepsen.util: 3	:invoke	:echo	"Please echo 19"
2025-06-14 16:29:18,579{GMT}	INFO	[jepsen worker 3] jepsen.util: 3	:ok	:echo	{:type "echo_ok", :echo "Please echo 19", :msg_id 0, :in_reply_to 19}
2025-06-14 16:29:18,684{GMT}	INFO	[jepsen worker 4] jepsen.util: 4	:invoke	:echo	"Please echo 33"
2025-06-14 16:29:18,685{GMT}	INFO	[jepsen worker 0] jepsen.util: 0	:invoke	:echo	"Please echo 75"
2025-06-14 16:29:18,685{GMT}	INFO	[jepsen worker 4] jepsen.util: 4	:ok	:echo	{:type "echo_ok", :echo "Please echo 33", :msg_id 0, :in_reply_to 18}
2025-06-14 16:29:18,685{GMT}	INFO	[jepsen worker 0] jepsen.util: 0	:ok	:echo	{:type "echo_ok", :echo "Please echo 75", :msg_id 0, :in_reply_to 17}
2025-06-14 16:29:18,786{GMT}	INFO	[jepsen worker 4] jepsen.util: 4	:invoke	:echo	"Please echo 71"
2025-06-14 16:29:18,787{GMT}	INFO	[jepsen worker 4] jepsen.util: 4	:ok	:echo	{:type "echo_ok", :echo "Please echo 71", :msg_id 0, :in_reply_to 19}
2025-06-14 16:29:18,981{GMT}	INFO	[jepsen worker 4] jepsen.util: 4	:invoke	:echo	"Please echo 104"
2025-06-14 16:29:18,983{GMT}	INFO	[jepsen worker 4] jepsen.util: 4	:ok	:echo	{:type "echo_ok", :echo "Please echo 104", :msg_id 0, :in_reply_to 20}
2025-06-14 16:29:19,039{GMT}	INFO	[jepsen worker 0] jepsen.util: 0	:invoke	:echo	"Please echo 88"
2025-06-14 16:29:19,041{GMT}	INFO	[jepsen worker 0] jepsen.util: 0	:ok	:echo	{:type "echo_ok", :echo "Please echo 88", :msg_id 0, :in_reply_to 18}
2025-06-14 16:29:19,087{GMT}	INFO	[jepsen worker 0] jepsen.util: 0	:invoke	:echo	"Please echo 3"
2025-06-14 16:29:19,090{GMT}	INFO	[jepsen worker 0] jepsen.util: 0	:ok	:echo	{:type "echo_ok", :echo "Please echo 3", :msg_id 0, :in_reply_to 19}
2025-06-14 16:29:19,156{GMT}	INFO	[jepsen worker 2] jepsen.util: 2	:invoke	:echo	"Please echo 33"
2025-06-14 16:29:19,158{GMT}	INFO	[jepsen worker 2] jepsen.util: 2	:ok	:echo	{:type "echo_ok", :echo "Please echo 33", :msg_id 0, :in_reply_to 22}
2025-06-14 16:29:19,343{GMT}	INFO	[jepsen worker 1] jepsen.util: 1	:invoke	:echo	"Please echo 86"
2025-06-14 16:29:19,346{GMT}	INFO	[jepsen worker 1] jepsen.util: 1	:ok	:echo	{:type "echo_ok", :echo "Please echo 86", :msg_id 0, :in_reply_to 21}
2025-06-14 16:29:19,382{GMT}	INFO	[jepsen worker 4] jepsen.util: 4	:invoke	:echo	"Please echo 62"
2025-06-14 16:29:19,383{GMT}	INFO	[jepsen worker 4] jepsen.util: 4	:ok	:echo	{:type "echo_ok", :echo "Please echo 62", :msg_id 0, :in_reply_to 21}
2025-06-14 16:29:19,486{GMT}	INFO	[jepsen worker 3] jepsen.util: 3	:invoke	:echo	"Please echo 1"
2025-06-14 16:29:19,488{GMT}	INFO	[jepsen worker 3] jepsen.util: 3	:ok	:echo	{:type "echo_ok", :echo "Please echo 1", :msg_id 0, :in_reply_to 20}
2025-06-14 16:29:19,534{GMT}	INFO	[jepsen worker 4] jepsen.util: 4	:invoke	:echo	"Please echo 20"
2025-06-14 16:29:19,536{GMT}	INFO	[jepsen worker 4] jepsen.util: 4	:ok	:echo	{:type "echo_ok", :echo "Please echo 20", :msg_id 0, :in_reply_to 22}
2025-06-14 16:29:19,602{GMT}	INFO	[jepsen worker 0] jepsen.util: 0	:invoke	:echo	"Please echo 24"
2025-06-14 16:29:19,604{GMT}	INFO	[jepsen worker 0] jepsen.util: 0	:ok	:echo	{:type "echo_ok", :echo "Please echo 24", :msg_id 0, :in_reply_to 20}
2025-06-14 16:29:19,698{GMT}	INFO	[jepsen worker 4] jepsen.util: 4	:invoke	:echo	"Please echo 18"
2025-06-14 16:29:19,701{GMT}	INFO	[jepsen worker 4] jepsen.util: 4	:ok	:echo	{:type "echo_ok", :echo "Please echo 18", :msg_id 0, :in_reply_to 23}
2025-06-14 16:29:19,852{GMT}	INFO	[jepsen worker 0] jepsen.util: 0	:invoke	:echo	"Please echo 73"
2025-06-14 16:29:19,855{GMT}	INFO	[jepsen worker 0] jepsen.util: 0	:ok	:echo	{:type "echo_ok", :echo "Please echo 73", :msg_id 0, :in_reply_to 21}
2025-06-14 16:29:19,925{GMT}	INFO	[jepsen worker 3] jepsen.util: 3	:invoke	:echo	"Please echo 52"
2025-06-14 16:29:19,928{GMT}	INFO	[jepsen worker 3] jepsen.util: 3	:ok	:echo	{:type "echo_ok", :echo "Please echo 52", :msg_id 0, :in_reply_to 21}
2025-06-14 16:29:19,952{GMT}	INFO	[jepsen worker 3] jepsen.util: 3	:invoke	:echo	"Please echo 56"
2025-06-14 16:29:19,954{GMT}	INFO	[jepsen worker 3] jepsen.util: 3	:ok	:echo	{:type "echo_ok", :echo "Please echo 56", :msg_id 0, :in_reply_to 22}
2025-06-14 16:29:20,018{GMT}	INFO	[jepsen worker 3] jepsen.util: 3	:invoke	:echo	"Please echo 127"
2025-06-14 16:29:20,020{GMT}	INFO	[jepsen worker 3] jepsen.util: 3	:ok	:echo	{:type "echo_ok", :echo "Please echo 127", :msg_id 0, :in_reply_to 23}
2025-06-14 16:29:20,196{GMT}	INFO	[jepsen worker 2] jepsen.util: 2	:invoke	:echo	"Please echo 42"
2025-06-14 16:29:20,197{GMT}	INFO	[jepsen worker 2] jepsen.util: 2	:ok	:echo	{:type "echo_ok", :echo "Please echo 42", :msg_id 0, :in_reply_to 23}
2025-06-14 16:29:20,281{GMT}	INFO	[jepsen worker 3] jepsen.util: 3	:invoke	:echo	"Please echo 73"
2025-06-14 16:29:20,283{GMT}	INFO	[jepsen worker 3] jepsen.util: 3	:ok	:echo	{:type "echo_ok", :echo "Please echo 73", :msg_id 0, :in_reply_to 24}
2025-06-14 16:29:20,410{GMT}	INFO	[jepsen worker 3] jepsen.util: 3	:invoke	:echo	"Please echo 29"
2025-06-14 16:29:20,412{GMT}	INFO	[jepsen worker 3] jepsen.util: 3	:ok	:echo	{:type "echo_ok", :echo "Please echo 29", :msg_id 0, :in_reply_to 25}
2025-06-14 16:29:20,551{GMT}	INFO	[jepsen worker 2] jepsen.util: 2	:invoke	:echo	"Please echo 126"
2025-06-14 16:29:20,555{GMT}	INFO	[jepsen worker 2] jepsen.util: 2	:ok	:echo	{:type "echo_ok", :echo "Please echo 126", :msg_id 0, :in_reply_to 24}
2025-06-14 16:29:20,695{GMT}	INFO	[jepsen worker 1] jepsen.util: 1	:invoke	:echo	"Please echo 47"
2025-06-14 16:29:20,697{GMT}	INFO	[jepsen worker 1] jepsen.util: 1	:ok	:echo	{:type "echo_ok", :echo "Please echo 47", :msg_id 0, :in_reply_to 22}
2025-06-14 16:29:20,741{GMT}	INFO	[jepsen worker 4] jepsen.util: 4	:invoke	:echo	"Please echo 115"
2025-06-14 16:29:20,742{GMT}	INFO	[jepsen worker 4] jepsen.util: 4	:ok	:echo	{:type "echo_ok", :echo "Please echo 115", :msg_id 0, :in_reply_to 24}
2025-06-14 16:29:20,848{GMT}	INFO	[jepsen worker 1] jepsen.util: 1	:invoke	:echo	"Please echo 21"
2025-06-14 16:29:20,851{GMT}	INFO	[jepsen worker 1] jepsen.util: 1	:ok	:echo	{:type "echo_ok", :echo "Please echo 21", :msg_id 0, :in_reply_to 23}
2025-06-14 16:29:20,991{GMT}	INFO	[jepsen worker 2] jepsen.util: 2	:invoke	:echo	"Please echo 40"
2025-06-14 16:29:20,992{GMT}	INFO	[jepsen worker 2] jepsen.util: 2	:ok	:echo	{:type "echo_ok", :echo "Please echo 40", :msg_id 0, :in_reply_to 25}
2025-06-14 16:29:21,179{GMT}	INFO	[jepsen worker 4] jepsen.util: 4	:invoke	:echo	"Please echo 64"
2025-06-14 16:29:21,183{GMT}	INFO	[jepsen worker 4] jepsen.util: 4	:ok	:echo	{:type "echo_ok", :echo "Please echo 64", :msg_id 0, :in_reply_to 25}
2025-06-14 16:29:21,382{GMT}	INFO	[jepsen worker 1] jepsen.util: 1	:invoke	:echo	"Please echo 118"
2025-06-14 16:29:21,386{GMT}	INFO	[jepsen worker 1] jepsen.util: 1	:ok	:echo	{:type "echo_ok", :echo "Please echo 118", :msg_id 0, :in_reply_to 24}
2025-06-14 16:29:21,455{GMT}	INFO	[jepsen worker 2] jepsen.util: 2	:invoke	:echo	"Please echo 123"
2025-06-14 16:29:21,458{GMT}	INFO	[jepsen worker 2] jepsen.util: 2	:ok	:echo	{:type "echo_ok", :echo "Please echo 123", :msg_id 0, :in_reply_to 26}
2025-06-14 16:29:21,588{GMT}	INFO	[jepsen worker 2] jepsen.util: 2	:invoke	:echo	"Please echo 102"
2025-06-14 16:29:21,591{GMT}	INFO	[jepsen worker 2] jepsen.util: 2	:ok	:echo	{:type "echo_ok", :echo "Please echo 102", :msg_id 0, :in_reply_to 27}
2025-06-14 16:29:21,631{GMT}	INFO	[jepsen worker 1] jepsen.util: 1	:invoke	:echo	"Please echo 32"
2025-06-14 16:29:21,634{GMT}	INFO	[jepsen worker 1] jepsen.util: 1	:ok	:echo	{:type "echo_ok", :echo "Please echo 32", :msg_id 0, :in_reply_to 25}
2025-06-14 16:29:21,665{GMT}	INFO	[jepsen worker 1] jepsen.util: 1	:invoke	:echo	"Please echo 126"
2025-06-14 16:29:21,667{GMT}	INFO	[jepsen worker 1] jepsen.util: 1	:ok	:echo	{:type "echo_ok", :echo "Please echo 126", :msg_id 0, :in_reply_to 26}
2025-06-14 16:29:21,822{GMT}	INFO	[jepsen worker 3] jepsen.util: 3	:invoke	:echo	"Please echo 86"
2025-06-14 16:29:21,824{GMT}	INFO	[jepsen worker 3] jepsen.util: 3	:ok	:echo	{:type "echo_ok", :echo "Please echo 86", :msg_id 0, :in_reply_to 26}
2025-06-14 16:29:21,996{GMT}	INFO	[jepsen worker 3] jepsen.util: 3	:invoke	:echo	"Please echo 80"
2025-06-14 16:29:21,999{GMT}	INFO	[jepsen worker 3] jepsen.util: 3	:ok	:echo	{:type "echo_ok", :echo "Please echo 80", :msg_id 0, :in_reply_to 27}
2025-06-14 16:29:22,158{GMT}	INFO	[jepsen worker 3] jepsen.util: 3	:invoke	:echo	"Please echo 77"
2025-06-14 16:29:22,159{GMT}	INFO	[jepsen worker 3] jepsen.util: 3	:ok	:echo	{:type "echo_ok", :echo "Please echo 77", :msg_id 0, :in_reply_to 28}
2025-06-14 16:29:22,238{GMT}	INFO	[jepsen worker 3] jepsen.util: 3	:invoke	:echo	"Please echo 84"
2025-06-14 16:29:22,241{GMT}	INFO	[jepsen worker 3] jepsen.util: 3	:ok	:echo	{:type "echo_ok", :echo "Please echo 84", :msg_id 0, :in_reply_to 29}
2025-06-14 16:29:22,327{GMT}	INFO	[jepsen worker 1] jepsen.util: 1	:invoke	:echo	"Please echo 64"
2025-06-14 16:29:22,329{GMT}	INFO	[jepsen worker 1] jepsen.util: 1	:ok	:echo	{:type "echo_ok", :echo "Please echo 64", :msg_id 0, :in_reply_to 27}
2025-06-14 16:29:22,470{GMT}	INFO	[jepsen worker 1] jepsen.util: 1	:invoke	:echo	"Please echo 107"
2025-06-14 16:29:22,471{GMT}	INFO	[jepsen worker 1] jepsen.util: 1	:ok	:echo	{:type "echo_ok", :echo "Please echo 107", :msg_id 0, :in_reply_to 28}
2025-06-14 16:29:22,594{GMT}	INFO	[jepsen worker 1] jepsen.util: 1	:invoke	:echo	"Please echo 75"
2025-06-14 16:29:22,596{GMT}	INFO	[jepsen worker 1] jepsen.util: 1	:ok	:echo	{:type "echo_ok", :echo "Please echo 75", :msg_id 0, :in_reply_to 29}
2025-06-14 16:29:22,720{GMT}	INFO	[jepsen worker 2] jepsen.util: 2	:invoke	:echo	"Please echo 92"
2025-06-14 16:29:22,722{GMT}	INFO	[jepsen worker 2] jepsen.util: 2	:ok	:echo	{:type "echo_ok", :echo "Please echo 92", :msg_id 0, :in_reply_to 28}
2025-06-14 16:29:22,905{GMT}	INFO	[jepsen worker 3] jepsen.util: 3	:invoke	:echo	"Please echo 2"
2025-06-14 16:29:22,908{GMT}	INFO	[jepsen worker 3] jepsen.util: 3	:ok	:echo	{:type "echo_ok", :echo "Please echo 2", :msg_id 0, :in_reply_to 30}
2025-06-14 16:29:22,938{GMT}	INFO	[jepsen worker 2] jepsen.util: 2	:invoke	:echo	"Please echo 65"
2025-06-14 16:29:22,940{GMT}	INFO	[jepsen worker 2] jepsen.util: 2	:ok	:echo	{:type "echo_ok", :echo "Please echo 65", :msg_id 0, :in_reply_to 29}
2025-06-14 16:29:23,099{GMT}	INFO	[jepsen worker 0] jepsen.util: 0	:invoke	:echo	"Please echo 122"
2025-06-14 16:29:23,101{GMT}	INFO	[jepsen worker 0] jepsen.util: 0	:ok	:echo	{:type "echo_ok", :echo "Please echo 122", :msg_id 0, :in_reply_to 22}
2025-06-14 16:29:23,162{GMT}	INFO	[jepsen worker 4] jepsen.util: 4	:invoke	:echo	"Please echo 1"
2025-06-14 16:29:23,164{GMT}	INFO	[jepsen worker 4] jepsen.util: 4	:ok	:echo	{:type "echo_ok", :echo "Please echo 1", :msg_id 0, :in_reply_to 26}
2025-06-14 16:29:23,361{GMT}	INFO	[jepsen worker 1] jepsen.util: 1	:invoke	:echo	"Please echo 123"
2025-06-14 16:29:23,364{GMT}	INFO	[jepsen worker 1] jepsen.util: 1	:ok	:echo	{:type "echo_ok", :echo "Please echo 123", :msg_id 0, :in_reply_to 30}
2025-06-14 16:29:23,502{GMT}	INFO	[jepsen worker 1] jepsen.util: 1	:invoke	:echo	"Please echo 11"
2025-06-14 16:29:23,505{GMT}	INFO	[jepsen worker 1] jepsen.util: 1	:ok	:echo	{:type "echo_ok", :echo "Please echo 11", :msg_id 0, :in_reply_to 31}
2025-06-14 16:29:23,594{GMT}	INFO	[jepsen worker 3] jepsen.util: 3	:invoke	:echo	"Please echo 3"
2025-06-14 16:29:23,597{GMT}	INFO	[jepsen worker 3] jepsen.util: 3	:ok	:echo	{:type "echo_ok", :echo "Please echo 3", :msg_id 0, :in_reply_to 31}
2025-06-14 16:29:23,690{GMT}	INFO	[jepsen worker 1] jepsen.util: 1	:invoke	:echo	"Please echo 68"
2025-06-14 16:29:23,692{GMT}	INFO	[jepsen worker 1] jepsen.util: 1	:ok	:echo	{:type "echo_ok", :echo "Please echo 68", :msg_id 0, :in_reply_to 32}
2025-06-14 16:29:23,723{GMT}	INFO	[jepsen worker 2] jepsen.util: 2	:invoke	:echo	"Please echo 67"
2025-06-14 16:29:23,726{GMT}	INFO	[jepsen worker 2] jepsen.util: 2	:ok	:echo	{:type "echo_ok", :echo "Please echo 67", :msg_id 0, :in_reply_to 30}
2025-06-14 16:29:23,874{GMT}	INFO	[jepsen worker 2] jepsen.util: 2	:invoke	:echo	"Please echo 71"
2025-06-14 16:29:23,876{GMT}	INFO	[jepsen worker 2] jepsen.util: 2	:ok	:echo	{:type "echo_ok", :echo "Please echo 71", :msg_id 0, :in_reply_to 31}
2025-06-14 16:29:23,925{GMT}	INFO	[jepsen worker 2] jepsen.util: 2	:invoke	:echo	"Please echo 95"
2025-06-14 16:29:23,927{GMT}	INFO	[jepsen worker 2] jepsen.util: 2	:ok	:echo	{:type "echo_ok", :echo "Please echo 95", :msg_id 0, :in_reply_to 32}
2025-06-14 16:29:24,039{GMT}	INFO	[jepsen worker 1] jepsen.util: 1	:invoke	:echo	"Please echo 79"
2025-06-14 16:29:24,042{GMT}	INFO	[jepsen worker 1] jepsen.util: 1	:ok	:echo	{:type "echo_ok", :echo "Please echo 79", :msg_id 0, :in_reply_to 33}
2025-06-14 16:29:24,223{GMT}	INFO	[jepsen worker 2] jepsen.util: 2	:invoke	:echo	"Please echo 19"
2025-06-14 16:29:24,225{GMT}	INFO	[jepsen worker 2] jepsen.util: 2	:ok	:echo	{:type "echo_ok", :echo "Please echo 19", :msg_id 0, :in_reply_to 33}
2025-06-14 16:29:24,361{GMT}	INFO	[jepsen worker 2] jepsen.util: 2	:invoke	:echo	"Please echo 83"
2025-06-14 16:29:24,363{GMT}	INFO	[jepsen worker 2] jepsen.util: 2	:ok	:echo	{:type "echo_ok", :echo "Please echo 83", :msg_id 0, :in_reply_to 34}
2025-06-14 16:29:24,550{GMT}	INFO	[jepsen worker 3] jepsen.util: 3	:invoke	:echo	"Please echo 99"
2025-06-14 16:29:24,552{GMT}	INFO	[jepsen worker 3] jepsen.util: 3	:ok	:echo	{:type "echo_ok", :echo "Please echo 99", :msg_id 0, :in_reply_to 32}
2025-06-14 16:29:24,582{GMT}	INFO	[jepsen worker 4] jepsen.util: 4	:invoke	:echo	"Please echo 35"
2025-06-14 16:29:24,584{GMT}	INFO	[jepsen worker 4] jepsen.util: 4	:ok	:echo	{:type "echo_ok", :echo "Please echo 35", :msg_id 0, :in_reply_to 27}
2025-06-14 16:29:24,616{GMT}	INFO	[jepsen worker 1] jepsen.util: 1	:invoke	:echo	"Please echo 20"
2025-06-14 16:29:24,618{GMT}	INFO	[jepsen worker 1] jepsen.util: 1	:ok	:echo	{:type "echo_ok", :echo "Please echo 20", :msg_id 0, :in_reply_to 34}
2025-06-14 16:29:24,646{GMT}	INFO	[jepsen worker 1] jepsen.util: 1	:invoke	:echo	"Please echo 49"
2025-06-14 16:29:24,648{GMT}	INFO	[jepsen worker 1] jepsen.util: 1	:ok	:echo	{:type "echo_ok", :echo "Please echo 49", :msg_id 0, :in_reply_to 35}
2025-06-14 16:29:24,822{GMT}	INFO	[jepsen worker 4] jepsen.util: 4	:invoke	:echo	"Please echo 96"
2025-06-14 16:29:24,825{GMT}	INFO	[jepsen worker 4] jepsen.util: 4	:ok	:echo	{:type "echo_ok", :echo "Please echo 96", :msg_id 0, :in_reply_to 28}
2025-06-14 16:29:24,888{GMT}	INFO	[jepsen worker 2] jepsen.util: 2	:invoke	:echo	"Please echo 117"
2025-06-14 16:29:24,890{GMT}	INFO	[jepsen worker 2] jepsen.util: 2	:ok	:echo	{:type "echo_ok", :echo "Please echo 117", :msg_id 0, :in_reply_to 35}
2025-06-14 16:29:24,907{GMT}	INFO	[jepsen worker 1] jepsen.util: 1	:invoke	:echo	"Please echo 85"
2025-06-14 16:29:24,908{GMT}	INFO	[jepsen worker 1] jepsen.util: 1	:ok	:echo	{:type "echo_ok", :echo "Please echo 85", :msg_id 0, :in_reply_to 36}
2025-06-14 16:29:24,967{GMT}	INFO	[jepsen worker 0] jepsen.util: 0	:invoke	:echo	"Please echo 62"
2025-06-14 16:29:24,969{GMT}	INFO	[jepsen worker 0] jepsen.util: 0	:ok	:echo	{:type "echo_ok", :echo "Please echo 62", :msg_id 0, :in_reply_to 23}
2025-06-14 16:29:25,055{GMT}	INFO	[jepsen worker 1] jepsen.util: 1	:invoke	:echo	"Please echo 40"
2025-06-14 16:29:25,056{GMT}	INFO	[jepsen worker 1] jepsen.util: 1	:ok	:echo	{:type "echo_ok", :echo "Please echo 40", :msg_id 0, :in_reply_to 37}
2025-06-14 16:29:25,089{GMT}	INFO	[jepsen worker 2] jepsen.util: 2	:invoke	:echo	"Please echo 40"
2025-06-14 16:29:25,090{GMT}	INFO	[jepsen worker 2] jepsen.util: 2	:ok	:echo	{:type "echo_ok", :echo "Please echo 40", :msg_id 0, :in_reply_to 36}
2025-06-14 16:29:25,120{GMT}	INFO	[jepsen worker 1] jepsen.util: 1	:invoke	:echo	"Please echo 24"
2025-06-14 16:29:25,121{GMT}	INFO	[jepsen worker 1] jepsen.util: 1	:ok	:echo	{:type "echo_ok", :echo "Please echo 24", :msg_id 0, :in_reply_to 38}
2025-06-14 16:29:25,138{GMT}	INFO	[jepsen worker 3] jepsen.util: 3	:invoke	:echo	"Please echo 99"
2025-06-14 16:29:25,140{GMT}	INFO	[jepsen worker 3] jepsen.util: 3	:ok	:echo	{:type "echo_ok", :echo "Please echo 99", :msg_id 0, :in_reply_to 33}
2025-06-14 16:29:25,261{GMT}	INFO	[jepsen worker 0] jepsen.util: 0	:invoke	:echo	"Please echo 30"
2025-06-14 16:29:25,262{GMT}	INFO	[jepsen worker 0] jepsen.util: 0	:ok	:echo	{:type "echo_ok", :echo "Please echo 30", :msg_id 0, :in_reply_to 24}
2025-06-14 16:29:25,374{GMT}	INFO	[jepsen worker 0] jepsen.util: 0	:invoke	:echo	"Please echo 99"
2025-06-14 16:29:25,376{GMT}	INFO	[jepsen worker 0] jepsen.util: 0	:ok	:echo	{:type "echo_ok", :echo "Please echo 99", :msg_id 0, :in_reply_to 25}
2025-06-14 16:29:25,510{GMT}	INFO	[jepsen worker 1] jepsen.util: 1	:invoke	:echo	"Please echo 90"
2025-06-14 16:29:25,512{GMT}	INFO	[jepsen worker 1] jepsen.util: 1	:ok	:echo	{:type "echo_ok", :echo "Please echo 90", :msg_id 0, :in_reply_to 39}
2025-06-14 16:29:25,702{GMT}	INFO	[jepsen worker 1] jepsen.util: 1	:invoke	:echo	"Please echo 84"
2025-06-14 16:29:25,704{GMT}	INFO	[jepsen worker 1] jepsen.util: 1	:ok	:echo	{:type "echo_ok", :echo "Please echo 84", :msg_id 0, :in_reply_to 40}
2025-06-14 16:29:25,712{GMT}	INFO	[jepsen worker 0] jepsen.util: 0	:invoke	:echo	"Please echo 22"
2025-06-14 16:29:25,714{GMT}	INFO	[jepsen worker 0] jepsen.util: 0	:ok	:echo	{:type "echo_ok", :echo "Please echo 22", :msg_id 0, :in_reply_to 26}
2025-06-14 16:29:25,763{GMT}	INFO	[jepsen worker 3] jepsen.util: 3	:invoke	:echo	"Please echo 95"
2025-06-14 16:29:25,765{GMT}	INFO	[jepsen worker 3] jepsen.util: 3	:ok	:echo	{:type "echo_ok", :echo "Please echo 95", :msg_id 0, :in_reply_to 34}
2025-06-14 16:29:25,816{GMT}	INFO	[jepsen worker 2] jepsen.util: 2	:invoke	:echo	"Please echo 98"
2025-06-14 16:29:25,818{GMT}	INFO	[jepsen worker 2] jepsen.util: 2	:ok	:echo	{:type "echo_ok", :echo "Please echo 98", :msg_id 0, :in_reply_to 37}
2025-06-14 16:29:25,838{GMT}	INFO	[jepsen worker 3] jepsen.util: 3	:invoke	:echo	"Please echo 101"
2025-06-14 16:29:25,840{GMT}	INFO	[jepsen worker 3] jepsen.util: 3	:ok	:echo	{:type "echo_ok", :echo "Please echo 101", :msg_id 0, :in_reply_to 35}
2025-06-14 16:29:26,030{GMT}	INFO	[jepsen worker 3] jepsen.util: 3	:invoke	:echo	"Please echo 58"
2025-06-14 16:29:26,033{GMT}	INFO	[jepsen worker 3] jepsen.util: 3	:ok	:echo	{:type "echo_ok", :echo "Please echo 58", :msg_id 0, :in_reply_to 36}
2025-06-14 16:29:26,074{GMT}	INFO	[jepsen worker 3] jepsen.util: 3	:invoke	:echo	"Please echo 97"
2025-06-14 16:29:26,076{GMT}	INFO	[jepsen worker 3] jepsen.util: 3	:ok	:echo	{:type "echo_ok", :echo "Please echo 97", :msg_id 0, :in_reply_to 37}
2025-06-14 16:29:26,265{GMT}	INFO	[jepsen worker 3] jepsen.util: 3	:invoke	:echo	"Please echo 126"
2025-06-14 16:29:26,268{GMT}	INFO	[jepsen worker 3] jepsen.util: 3	:ok	:echo	{:type "echo_ok", :echo "Please echo 126", :msg_id 0, :in_reply_to 38}
2025-06-14 16:29:26,404{GMT}	INFO	[jepsen worker 4] jepsen.util: 4	:invoke	:echo	"Please echo 80"
2025-06-14 16:29:26,406{GMT}	INFO	[jepsen worker 4] jepsen.util: 4	:ok	:echo	{:type "echo_ok", :echo "Please echo 80", :msg_id 0, :in_reply_to 29}
2025-06-14 16:29:26,579{GMT}	INFO	[jepsen worker 2] jepsen.util: 2	:invoke	:echo	"Please echo 96"
2025-06-14 16:29:26,582{GMT}	INFO	[jepsen worker 2] jepsen.util: 2	:ok	:echo	{:type "echo_ok", :echo "Please echo 96", :msg_id 0, :in_reply_to 38}
2025-06-14 16:29:26,630{GMT}	INFO	[jepsen worker 2] jepsen.util: 2	:invoke	:echo	"Please echo 78"
2025-06-14 16:29:26,631{GMT}	INFO	[jepsen worker 2] jepsen.util: 2	:ok	:echo	{:type "echo_ok", :echo "Please echo 78", :msg_id 0, :in_reply_to 39}
2025-06-14 16:29:26,780{GMT}	INFO	[jepsen worker 2] jepsen.util: 2	:invoke	:echo	"Please echo 6"
2025-06-14 16:29:26,783{GMT}	INFO	[jepsen worker 2] jepsen.util: 2	:ok	:echo	{:type "echo_ok", :echo "Please echo 6", :msg_id 0, :in_reply_to 40}
2025-06-14 16:29:26,861{GMT}	INFO	[jepsen worker 4] jepsen.util: 4	:invoke	:echo	"Please echo 54"
2025-06-14 16:29:26,863{GMT}	INFO	[jepsen worker 4] jepsen.util: 4	:ok	:echo	{:type "echo_ok", :echo "Please echo 54", :msg_id 0, :in_reply_to 30}
2025-06-14 16:29:26,964{GMT}	INFO	[jepsen worker 0] jepsen.util: 0	:invoke	:echo	"Please echo 49"
2025-06-14 16:29:26,966{GMT}	INFO	[jepsen worker 0] jepsen.util: 0	:ok	:echo	{:type "echo_ok", :echo "Please echo 49", :msg_id 0, :in_reply_to 27}
2025-06-14 16:29:27,047{GMT}	INFO	[jepsen worker 2] jepsen.util: 2	:invoke	:echo	"Please echo 20"
2025-06-14 16:29:27,049{GMT}	INFO	[jepsen worker 2] jepsen.util: 2	:ok	:echo	{:type "echo_ok", :echo "Please echo 20", :msg_id 0, :in_reply_to 41}
2025-06-14 16:29:27,107{GMT}	INFO	[jepsen worker 3] jepsen.util: 3	:invoke	:echo	"Please echo 111"
2025-06-14 16:29:27,109{GMT}	INFO	[jepsen worker 3] jepsen.util: 3	:ok	:echo	{:type "echo_ok", :echo "Please echo 111", :msg_id 0, :in_reply_to 39}
2025-06-14 16:29:27,111{GMT}	INFO	[jepsen worker 2] jepsen.util: 2	:invoke	:echo	"Please echo 44"
2025-06-14 16:29:27,111{GMT}	INFO	[jepsen worker 2] jepsen.util: 2	:ok	:echo	{:type "echo_ok", :echo "Please echo 44", :msg_id 0, :in_reply_to 42}
2025-06-14 16:29:27,260{GMT}	INFO	[jepsen worker 4] jepsen.util: 4	:invoke	:echo	"Please echo 54"
2025-06-14 16:29:27,263{GMT}	INFO	[jepsen worker 4] jepsen.util: 4	:ok	:echo	{:type "echo_ok", :echo "Please echo 54", :msg_id 0, :in_reply_to 31}
2025-06-14 16:29:27,393{GMT}	INFO	[jepsen worker 3] jepsen.util: 3	:invoke	:echo	"Please echo 125"
2025-06-14 16:29:27,395{GMT}	INFO	[jepsen worker 3] jepsen.util: 3	:ok	:echo	{:type "echo_ok", :echo "Please echo 125", :msg_id 0, :in_reply_to 40}
2025-06-14 16:29:27,499{GMT}	INFO	[jepsen worker 4] jepsen.util: 4	:invoke	:echo	"Please echo 36"
2025-06-14 16:29:27,501{GMT}	INFO	[jepsen worker 4] jepsen.util: 4	:ok	:echo	{:type "echo_ok", :echo "Please echo 36", :msg_id 0, :in_reply_to 32}
2025-06-14 16:29:27,599{GMT}	INFO	[jepsen worker 3] jepsen.util: 3	:invoke	:echo	"Please echo 88"
2025-06-14 16:29:27,601{GMT}	INFO	[jepsen worker 3] jepsen.util: 3	:ok	:echo	{:type "echo_ok", :echo "Please echo 88", :msg_id 0, :in_reply_to 41}
2025-06-14 16:29:27,666{GMT}	INFO	[jepsen worker 3] jepsen.util: 3	:invoke	:echo	"Please echo 63"
2025-06-14 16:29:27,668{GMT}	INFO	[jepsen worker 3] jepsen.util: 3	:ok	:echo	{:type "echo_ok", :echo "Please echo 63", :msg_id 0, :in_reply_to 42}
2025-06-14 16:29:27,716{GMT}	INFO	[jepsen worker 2] jepsen.util: 2	:invoke	:echo	"Please echo 95"
2025-06-14 16:29:27,718{GMT}	INFO	[jepsen worker 2] jepsen.util: 2	:ok	:echo	{:type "echo_ok", :echo "Please echo 95", :msg_id 0, :in_reply_to 43}
2025-06-14 16:29:27,839{GMT}	INFO	[jepsen worker 4] jepsen.util: 4	:invoke	:echo	"Please echo 116"
2025-06-14 16:29:27,840{GMT}	INFO	[jepsen worker 4] jepsen.util: 4	:ok	:echo	{:type "echo_ok", :echo "Please echo 116", :msg_id 0, :in_reply_to 33}
2025-06-14 16:29:27,866{GMT}	INFO	[jepsen worker 1] jepsen.util: 1	:invoke	:echo	"Please echo 125"
2025-06-14 16:29:27,870{GMT}	INFO	[jepsen worker 1] jepsen.util: 1	:ok	:echo	{:type "echo_ok", :echo "Please echo 125", :msg_id 0, :in_reply_to 41}
2025-06-14 16:29:28,011{GMT}	INFO	[jepsen worker 2] jepsen.util: 2	:invoke	:echo	"Please echo 62"
2025-06-14 16:29:28,013{GMT}	INFO	[jepsen worker 2] jepsen.util: 2	:ok	:echo	{:type "echo_ok", :echo "Please echo 62", :msg_id 0, :in_reply_to 44}
2025-06-14 16:29:28,139{GMT}	INFO	[jepsen worker 1] jepsen.util: 1	:invoke	:echo	"Please echo 74"
2025-06-14 16:29:28,141{GMT}	INFO	[jepsen worker 1] jepsen.util: 1	:ok	:echo	{:type "echo_ok", :echo "Please echo 74", :msg_id 0, :in_reply_to 42}
2025-06-14 16:29:28,226{GMT}	INFO	[jepsen worker 0] jepsen.util: 0	:invoke	:echo	"Please echo 25"
2025-06-14 16:29:28,229{GMT}	INFO	[jepsen worker 0] jepsen.util: 0	:ok	:echo	{:type "echo_ok", :echo "Please echo 25", :msg_id 0, :in_reply_to 28}
2025-06-14 16:29:28,234{GMT}	INFO	[jepsen worker 4] jepsen.util: 4	:invoke	:echo	"Please echo 27"
2025-06-14 16:29:28,236{GMT}	INFO	[jepsen worker 4] jepsen.util: 4	:ok	:echo	{:type "echo_ok", :echo "Please echo 27", :msg_id 0, :in_reply_to 34}
2025-06-14 16:29:28,279{GMT}	INFO	[jepsen worker 0] jepsen.util: 0	:invoke	:echo	"Please echo 104"
2025-06-14 16:29:28,281{GMT}	INFO	[jepsen worker 0] jepsen.util: 0	:ok	:echo	{:type "echo_ok", :echo "Please echo 104", :msg_id 0, :in_reply_to 29}
2025-06-14 16:29:28,427{GMT}	INFO	[jepsen worker 0] jepsen.util: 0	:invoke	:echo	"Please echo 24"
2025-06-14 16:29:28,429{GMT}	INFO	[jepsen worker 0] jepsen.util: 0	:ok	:echo	{:type "echo_ok", :echo "Please echo 24", :msg_id 0, :in_reply_to 30}
2025-06-14 16:29:28,604{GMT}	INFO	[jepsen worker 1] jepsen.util: 1	:invoke	:echo	"Please echo 96"
2025-06-14 16:29:28,606{GMT}	INFO	[jepsen worker 1] jepsen.util: 1	:ok	:echo	{:type "echo_ok", :echo "Please echo 96", :msg_id 0, :in_reply_to 43}
2025-06-14 16:29:28,650{GMT}	INFO	[jepsen worker 0] jepsen.util: 0	:invoke	:echo	"Please echo 119"
2025-06-14 16:29:28,652{GMT}	INFO	[jepsen worker 0] jepsen.util: 0	:ok	:echo	{:type "echo_ok", :echo "Please echo 119", :msg_id 0, :in_reply_to 31}
2025-06-14 16:29:28,770{GMT}	INFO	[jepsen worker 2] jepsen.util: 2	:invoke	:echo	"Please echo 107"
2025-06-14 16:29:28,772{GMT}	INFO	[jepsen worker 2] jepsen.util: 2	:ok	:echo	{:type "echo_ok", :echo "Please echo 107", :msg_id 0, :in_reply_to 45}
2025-06-14 16:29:28,925{GMT}	INFO	[jepsen worker 3] jepsen.util: 3	:invoke	:echo	"Please echo 81"
2025-06-14 16:29:28,927{GMT}	INFO	[jepsen worker 3] jepsen.util: 3	:ok	:echo	{:type "echo_ok", :echo "Please echo 81", :msg_id 0, :in_reply_to 43}
2025-06-14 16:29:29,131{GMT}	INFO	[jepsen worker 1] jepsen.util: 1	:invoke	:echo	"Please echo 72"
2025-06-14 16:29:29,133{GMT}	INFO	[jepsen worker 1] jepsen.util: 1	:ok	:echo	{:type "echo_ok", :echo "Please echo 72", :msg_id 0, :in_reply_to 44}
2025-06-14 16:29:29,153{GMT}	INFO	[jepsen test runner] jepsen.core: Run complete, writing
2025-06-14 16:29:29,208{GMT}	INFO	[jepsen node n4] maelstrom.db: Tearing down n4
2025-06-14 16:29:29,208{GMT}	INFO	[jepsen node n3] maelstrom.db: Tearing down n3
2025-06-14 16:29:29,208{GMT}	INFO	[jepsen node n1] maelstrom.db: Tearing down n1
2025-06-14 16:29:29,208{GMT}	INFO	[jepsen node n2] maelstrom.db: Tearing down n2
2025-06-14 16:29:29,208{GMT}	INFO	[jepsen node n5] maelstrom.db: Tearing down n5
2025-06-14 16:29:31,262{GMT}	INFO	[jepsen node n1] maelstrom.net: Shutting down Maelstrom network
2025-06-14 16:29:31,264{GMT}	INFO	[jepsen test runner] jepsen.core: Analyzing...
2025-06-14 16:29:32,508{GMT}	INFO	[jepsen test runner] jepsen.core: Analysis complete
2025-06-14 16:29:32,528{GMT}	INFO	[jepsen results] jepsen.store: Wrote /Users/adr/code/maelstrom/store/echo/20250614T162857.858-0400/results.edn
2025-06-14 16:29:32,540{GMT}	INFO	[jepsen test runner] jepsen.core: {:perf {:latency-graph {:valid? true},
        :rate-graph {:valid? true},
        :valid? true},
 :timeline {:valid? true},
 :exceptions {:valid? true},
 :stats {:valid? true,
         :count 197,
         :ok-count 197,
         :fail-count 0,
         :info-count 0,
         :by-f {:echo {:valid? true,
                       :count 197,
                       :ok-count 197,
                       :fail-count 0,
                       :info-count 0}}},
 :availability {:valid? true, :ok-fraction 1.0},
 :net {:all {:send-count 404,
             :recv-count 404,
             :msg-count 404,
             :msgs-per-op 2.0507615},
       :clients {:send-count 404, :recv-count 404, :msg-count 404},
       :servers {:send-count 0,
                 :recv-count 0,
                 :msg-count 0,
                 :msgs-per-op 0.0},
       :valid? true},
 :workload {:valid? true, :errors ()},
 :valid? true}


Everything looks good! ヽ(‘ー`)ノ
