[INBOUND]{"id":1,"src":"c1","dest":"n2","body":{"type":"init","node_id":"n2","node_ids":["n1","n2","n3","n4","n5"],"msg_id":1}}
Current callback ids: []
[INIT_OK] {"src":"n2","dest":"c1","body":{"type":"init_ok","in_reply_to":1,"msg_id":0}}
[INBOUND]{"id":11,"src":"c5","dest":"n2","body":{"type":"topology","topology":{"n1":["n4","n2"],"n2":["n5","n3","n1"],"n3":["n2"],"n4":["n1","n5"],"n5":["n2","n4"]},"msg_id":1}}
Current callback ids: []
[TOPOLOGY_OK] {"src":"n2","dest":"c5","body":{"type":"topology_ok","in_reply_to":1,"msg_id":0}}
[INBOUND]{"id":22,"src":"c11","dest":"n2","body":{"type":"broadcast","message":0,"msg_id":1}}
Current callback ids: []
BEGIN GOSSIP
[BROADCAST_OK] {"src":"n2","dest":"c11","body":{"type":"broadcast_ok","in_reply_to":1,"msg_id":1}}
Neighbors: [n1; n2; n3; n4; n5]
Sending gossip broadcast from n2 to n1: {"src":"n2","dest":"n1","body":{"type":"broadcast","message":"0","msg_id":0}}
Sending gossip broadcast from n2 to n2: {"src":"n2","dest":"n2","body":{"type":"broadcast","message":"0","msg_id":1}}
Sending gossip broadcast from n2 to n3: {"src":"n2","dest":"n3","body":{"type":"broadcast","message":"0","msg_id":2}}
Sending gossip broadcast from n2 to n4: {"src":"n2","dest":"n4","body":{"type":"broadcast","message":"0","msg_id":3}}
Sending gossip broadcast from n2 to n5: {"src":"n2","dest":"n5","body":{"type":"broadcast","message":"0","msg_id":4}}
[BROADCAST] {"src":"n2","dest":"n1","body":{"type":"broadcast","message":"0","msg_id":0}}
[BROADCAST] {"src":"n2","dest":"n2","body":{"type":"broadcast","message":"0","msg_id":1}}
[BROADCAST] {"src":"n2","dest":"n3","body":{"type":"broadcast","message":"0","msg_id":2}}
[BROADCAST] {"src":"n2","dest":"n4","body":{"type":"broadcast","message":"0","msg_id":3}}
[BROADCAST] {"src":"n2","dest":"n5","body":{"type":"broadcast","message":"0","msg_id":4}}
[INBOUND]{"id":25,"src":"n2","dest":"n2","body":{"type":"broadcast","message":"0","msg_id":1}}
Current callback ids: [1; 0; 4; 3; 2]
Invoking RPC callback: 
inbound_msg: {"id":25,"src":"n2","dest":"n2","body":{"type":"broadcast","message":"0","msg_id":1}}
[INBOUND]{"id":29,"src":"n1","dest":"n2","body":{"type":"broadcast_ok","in_reply_to":0,"msg_id":0}}
[INBOUND]{"id":31,"src":"n4","dest":"n2","body":{"type":"broadcast_ok","in_reply_to":3,"msg_id":3}}
[INBOUND]{"id":30,"src":"n3","dest":"n2","body":{"type":"broadcast_ok","in_reply_to":2,"msg_id":2}}
[INBOUND]{"id":34,"src":"n5","dest":"n2","body":{"type":"broadcast_ok","in_reply_to":4,"msg_id":4}}
[INBOUND]{"id":53,"src":"c11","dest":"n2","body":{"type":"broadcast","message":2,"msg_id":2}}
Sending gossip broadcast from n2 to n1: {"src":"n2","dest":"n1","body":{"type":"broadcast","message":"0","msg_id":5}}
Sending gossip broadcast from n2 to n2: {"src":"n2","dest":"n2","body":{"type":"broadcast","message":"0","msg_id":6}}
Sending gossip broadcast from n2 to n3: {"src":"n2","dest":"n3","body":{"type":"broadcast","message":"0","msg_id":7}}
Sending gossip broadcast from n2 to n4: {"src":"n2","dest":"n4","body":{"type":"broadcast","message":"0","msg_id":8}}
Sending gossip broadcast from n2 to n5: {"src":"n2","dest":"n5","body":{"type":"broadcast","message":"0","msg_id":9}}
[BROADCAST] {"src":"n2","dest":"n1","body":{"type":"broadcast","message":"0","msg_id":5}}
[BROADCAST] {"src":"n2","dest":"n2","body":{"type":"broadcast","message":"0","msg_id":6}}
[BROADCAST] {"src":"n2","dest":"n3","body":{"type":"broadcast","message":"0","msg_id":7}}
[BROADCAST] {"src":"n2","dest":"n4","body":{"type":"broadcast","message":"0","msg_id":8}}
[BROADCAST] {"src":"n2","dest":"n5","body":{"type":"broadcast","message":"0","msg_id":9}}
[INBOUND]{"id":59,"src":"n2","dest":"n2","body":{"type":"broadcast","message":"0","msg_id":6}}
[INBOUND]{"id":79,"src":"c16","dest":"n2","body":{"type":"broadcast","message":4,"msg_id":1}}
[INBOUND]{"id":84,"src":"c18","dest":"n2","body":{"type":"broadcast","message":7,"msg_id":1}}
[INBOUND]{"id":89,"src":"c21","dest":"n2","body":{"type":"broadcast","message":12,"msg_id":1}}
[INBOUND]{"id":93,"src":"c25","dest":"n2","body":{"type":"read","msg_id":1}}
