[INBOUND]{"id":4,"src":"c4","dest":"n3","body":{"type":"init","node_id":"n3","node_ids":["n1","n2","n3","n4","n5"],"msg_id":1}}
Current callback ids: []
[INIT_OK] {"src":"n3","dest":"c4","body":{"type":"init_ok","in_reply_to":1,"msg_id":0}}
[INBOUND]{"id":13,"src":"c7","dest":"n3","body":{"type":"topology","topology":{"n1":["n4","n2"],"n2":["n5","n3","n1"],"n3":["n2"],"n4":["n1","n5"],"n5":["n2","n4"]},"msg_id":1}}
Current callback ids: []
[TOPOLOGY_OK] {"src":"n3","dest":"c7","body":{"type":"topology_ok","in_reply_to":1,"msg_id":0}}
[INBOUND]{"id":26,"src":"n2","dest":"n3","body":{"type":"broadcast","message":"0","msg_id":2}}
Current callback ids: []
BEGIN GOSSIP
[BROADCAST_OK] {"src":"n3","dest":"n2","body":{"type":"broadcast_ok","in_reply_to":2,"msg_id":2}}
Neighbors: [n1; n3; n4; n5]
Sending gossip broadcast from n3 to n1: {"src":"n3","dest":"n1","body":{"type":"broadcast","message":"0","msg_id":0}}
Sending gossip broadcast from n3 to n3: {"src":"n3","dest":"n3","body":{"type":"broadcast","message":"0","msg_id":1}}
Sending gossip broadcast from n3 to n4: {"src":"n3","dest":"n4","body":{"type":"broadcast","message":"0","msg_id":2}}
Sending gossip broadcast from n3 to n5: {"src":"n3","dest":"n5","body":{"type":"broadcast","message":"0","msg_id":3}}
[BROADCAST] {"src":"n3","dest":"n1","body":{"type":"broadcast","message":"0","msg_id":0}}
[BROADCAST] {"src":"n3","dest":"n3","body":{"type":"broadcast","message":"0","msg_id":1}}
[BROADCAST] {"src":"n3","dest":"n4","body":{"type":"broadcast","message":"0","msg_id":2}}
[INBOUND]{"id":33,"src":"n1","dest":"n3","body":{"type":"broadcast","message":"0","msg_id":1}}
[BROADCAST] {"src":"n3","dest":"n5","body":{"type":"broadcast","message":"0","msg_id":3}}
Current callback ids: [1; 0; 2]
[INBOUND]{"id":40,"src":"n4","dest":"n3","body":{"type":"broadcast","message":"0","msg_id":1}}
Invoking RPC callback: 
[INBOUND]{"id":43,"src":"n3","dest":"n3","body":{"type":"broadcast","message":"0","msg_id":1}}
inbound_msg: {"id":33,"src":"n1","dest":"n3","body":{"type":"broadcast","message":"0","msg_id":1}}
[INBOUND]{"id":36,"src":"c12","dest":"n3","body":{"type":"read","msg_id":1}}
[INBOUND]{"id":45,"src":"n5","dest":"n3","body":{"type":"broadcast","message":"0","msg_id":1}}
Sending gossip broadcast from n3 to n1: {"src":"n3","dest":"n1","body":{"type":"broadcast","message":"0","msg_id":4}}
Sending gossip broadcast from n3 to n3: {"src":"n3","dest":"n3","body":{"type":"broadcast","message":"0","msg_id":5}}
Sending gossip broadcast from n3 to n4: {"src":"n3","dest":"n4","body":{"type":"broadcast","message":"0","msg_id":6}}
[BROADCAST] {"src":"n3","dest":"n1","body":{"type":"broadcast","message":"0","msg_id":4}}
Sending gossip broadcast from n3 to n5: {"src":"n3","dest":"n5","body":{"type":"broadcast","message":"0","msg_id":7}}
[BROADCAST] {"src":"n3","dest":"n3","body":{"type":"broadcast","message":"0","msg_id":5}}
[BROADCAST] {"src":"n3","dest":"n4","body":{"type":"broadcast","message":"0","msg_id":6}}
[BROADCAST] {"src":"n3","dest":"n5","body":{"type":"broadcast","message":"0","msg_id":7}}
[INBOUND]{"id":57,"src":"n4","dest":"n3","body":{"type":"broadcast","message":"0","msg_id":5}}
[INBOUND]{"id":58,"src":"n3","dest":"n3","body":{"type":"broadcast","message":"0","msg_id":5}}
[INBOUND]{"id":62,"src":"n2","dest":"n3","body":{"type":"broadcast","message":"0","msg_id":7}}
[INBOUND]{"id":69,"src":"n5","dest":"n3","body":{"type":"broadcast","message":"0","msg_id":5}}
[INBOUND]{"id":70,"src":"n1","dest":"n3","body":{"type":"broadcast","message":"0","msg_id":5}}
[INBOUND]{"id":75,"src":"c12","dest":"n3","body":{"type":"broadcast","message":3,"msg_id":2}}
[INBOUND]{"id":80,"src":"c17","dest":"n3","body":{"type":"broadcast","message":5,"msg_id":1}}
[INBOUND]{"id":85,"src":"c19","dest":"n3","body":{"type":"broadcast","message":8,"msg_id":1}}
[INBOUND]{"id":90,"src":"c23","dest":"n3","body":{"type":"read","msg_id":1}}
