[INBOUND]{"id":3,"src":"c3","dest":"n4","body":{"type":"init","node_id":"n4","node_ids":["n1","n2","n3","n4","n5"],"msg_id":1}}
Current callback ids: []
[INIT_OK] {"src":"n4","dest":"c3","body":{"type":"init_ok","in_reply_to":1,"msg_id":0}}
[INBOUND]{"id":12,"src":"c8","dest":"n4","body":{"type":"topology","topology":{"n1":["n4","n2"],"n2":["n5","n3","n1"],"n3":["n2"],"n4":["n1","n5"],"n5":["n2","n4"]},"msg_id":1}}
Current callback ids: []
[TOPOLOGY_OK] {"src":"n4","dest":"c8","body":{"type":"topology_ok","in_reply_to":1,"msg_id":0}}
[INBOUND]{"id":27,"src":"n2","dest":"n4","body":{"type":"broadcast","message":"0","msg_id":3}}
Current callback ids: []
BEGIN GOSSIP
[BROADCAST_OK] {"src":"n4","dest":"n2","body":{"type":"broadcast_ok","in_reply_to":3,"msg_id":3}}
Neighbors: [n1; n3; n4; n5]
Sending gossip broadcast from n4 to n1: {"src":"n4","dest":"n1","body":{"type":"broadcast","message":"0","msg_id":0}}
Sending gossip broadcast from n4 to n3: {"src":"n4","dest":"n3","body":{"type":"broadcast","message":"0","msg_id":1}}
Sending gossip broadcast from n4 to n4: {"src":"n4","dest":"n4","body":{"type":"broadcast","message":"0","msg_id":2}}
Sending gossip broadcast from n4 to n5: {"src":"n4","dest":"n5","body":{"type":"broadcast","message":"0","msg_id":3}}
[BROADCAST] {"src":"n4","dest":"n1","body":{"type":"broadcast","message":"0","msg_id":0}}
[BROADCAST] {"src":"n4","dest":"n3","body":{"type":"broadcast","message":"0","msg_id":1}}
[BROADCAST] {"src":"n4","dest":"n4","body":{"type":"broadcast","message":"0","msg_id":2}}
[BROADCAST] {"src":"n4","dest":"n5","body":{"type":"broadcast","message":"0","msg_id":3}}
[INBOUND]{"id":35,"src":"n1","dest":"n4","body":{"type":"broadcast","message":"0","msg_id":2}}
Current callback ids: [1; 0; 3; 2]
Invoking RPC callback: 
[INBOUND]{"id":42,"src":"n4","dest":"n4","body":{"type":"broadcast","message":"0","msg_id":2}}
inbound_msg: {"id":35,"src":"n1","dest":"n4","body":{"type":"broadcast","message":"0","msg_id":2}}
[INBOUND]{"id":46,"src":"n3","dest":"n4","body":{"type":"broadcast","message":"0","msg_id":2}}
[INBOUND]{"id":48,"src":"n5","dest":"n4","body":{"type":"broadcast","message":"0","msg_id":2}}
[INBOUND]{"id":50,"src":"c13","dest":"n4","body":{"type":"read","msg_id":1}}
Sending gossip broadcast from n4 to n1: {"src":"n4","dest":"n1","body":{"type":"broadcast","message":"0","msg_id":4}}
Sending gossip broadcast from n4 to n3: {"src":"n4","dest":"n3","body":{"type":"broadcast","message":"0","msg_id":5}}
Sending gossip broadcast from n4 to n4: {"src":"n4","dest":"n4","body":{"type":"broadcast","message":"0","msg_id":6}}
Sending gossip broadcast from n4 to n5: {"src":"n4","dest":"n5","body":{"type":"broadcast","message":"0","msg_id":7}}
[BROADCAST] {"src":"n4","dest":"n1","body":{"type":"broadcast","message":"0","msg_id":4}}
[BROADCAST] {"src":"n4","dest":"n3","body":{"type":"broadcast","message":"0","msg_id":5}}
[BROADCAST] {"src":"n4","dest":"n4","body":{"type":"broadcast","message":"0","msg_id":6}}
[BROADCAST] {"src":"n4","dest":"n5","body":{"type":"broadcast","message":"0","msg_id":7}}
[INBOUND]{"id":60,"src":"n4","dest":"n4","body":{"type":"broadcast","message":"0","msg_id":6}}
[INBOUND]{"id":61,"src":"n3","dest":"n4","body":{"type":"broadcast","message":"0","msg_id":6}}
[INBOUND]{"id":65,"src":"n2","dest":"n4","body":{"type":"broadcast","message":"0","msg_id":8}}
[INBOUND]{"id":71,"src":"n5","dest":"n4","body":{"type":"broadcast","message":"0","msg_id":6}}
[INBOUND]{"id":72,"src":"n1","dest":"n4","body":{"type":"broadcast","message":"0","msg_id":6}}
[INBOUND]{"id":76,"src":"c13","dest":"n4","body":{"type":"read","msg_id":2}}
[INBOUND]{"id":81,"src":"c13","dest":"n4","body":{"type":"read","msg_id":3}}
[INBOUND]{"id":86,"src":"c13","dest":"n4","body":{"type":"broadcast","message":9,"msg_id":4}}
[INBOUND]{"id":92,"src":"c24","dest":"n4","body":{"type":"read","msg_id":1}}
