[INBOUND]{"id":0,"src":"c0","dest":"n5","body":{"type":"init","node_id":"n5","node_ids":["n1","n2","n3","n4","n5"],"msg_id":1}}
Current callback ids: []
[INIT_OK] {"src":"n5","dest":"c0","body":{"type":"init_ok","in_reply_to":1,"msg_id":0}}
[INBOUND]{"id":14,"src":"c9","dest":"n5","body":{"type":"topology","topology":{"n1":["n4","n2"],"n2":["n5","n3","n1"],"n3":["n2"],"n4":["n1","n5"],"n5":["n2","n4"]},"msg_id":1}}
Current callback ids: []
[TOPOLOGY_OK] {"src":"n5","dest":"c9","body":{"type":"topology_ok","in_reply_to":1,"msg_id":0}}
[INBOUND]{"id":28,"src":"n2","dest":"n5","body":{"type":"broadcast","message":"0","msg_id":4}}
Current callback ids: []
BEGIN GOSSIP
[BROADCAST_OK] {"src":"n5","dest":"n2","body":{"type":"broadcast_ok","in_reply_to":4,"msg_id":4}}
Neighbors: [n1; n3; n4; n5]
Sending gossip broadcast from n5 to n1: {"src":"n5","dest":"n1","body":{"type":"broadcast","message":"0","msg_id":0}}
Sending gossip broadcast from n5 to n3: {"src":"n5","dest":"n3","body":{"type":"broadcast","message":"0","msg_id":1}}
Sending gossip broadcast from n5 to n4: {"src":"n5","dest":"n4","body":{"type":"broadcast","message":"0","msg_id":2}}
Sending gossip broadcast from n5 to n5: {"src":"n5","dest":"n5","body":{"type":"broadcast","message":"0","msg_id":3}}
[BROADCAST] {"src":"n5","dest":"n1","body":{"type":"broadcast","message":"0","msg_id":0}}
[BROADCAST] {"src":"n5","dest":"n3","body":{"type":"broadcast","message":"0","msg_id":1}}
[BROADCAST] {"src":"n5","dest":"n4","body":{"type":"broadcast","message":"0","msg_id":2}}
[BROADCAST] {"src":"n5","dest":"n5","body":{"type":"broadcast","message":"0","msg_id":3}}
[INBOUND]{"id":37,"src":"n1","dest":"n5","body":{"type":"broadcast","message":"0","msg_id":3}}
Current callback ids: [1; 0; 3; 2]
[INBOUND]{"id":44,"src":"n4","dest":"n5","body":{"type":"broadcast","message":"0","msg_id":3}}
Invoking RPC callback: 
inbound_msg: {"id":37,"src":"n1","dest":"n5","body":{"type":"broadcast","message":"0","msg_id":3}}
[INBOUND]{"id":47,"src":"n3","dest":"n5","body":{"type":"broadcast","message":"0","msg_id":3}}
[INBOUND]{"id":49,"src":"n5","dest":"n5","body":{"type":"broadcast","message":"0","msg_id":3}}
[INBOUND]{"id":51,"src":"c14","dest":"n5","body":{"type":"read","msg_id":1}}
Sending gossip broadcast from n5 to n1: {"src":"n5","dest":"n1","body":{"type":"broadcast","message":"0","msg_id":4}}
Sending gossip broadcast from n5 to n3: {"src":"n5","dest":"n3","body":{"type":"broadcast","message":"0","msg_id":5}}
Sending gossip broadcast from n5 to n4: {"src":"n5","dest":"n4","body":{"type":"broadcast","message":"0","msg_id":6}}
Sending gossip broadcast from n5 to n5: {"src":"n5","dest":"n5","body":{"type":"broadcast","message":"0","msg_id":7}}
[BROADCAST] {"src":"n5","dest":"n1","body":{"type":"broadcast","message":"0","msg_id":4}}
[BROADCAST] {"src":"n5","dest":"n3","body":{"type":"broadcast","message":"0","msg_id":5}}
[BROADCAST] {"src":"n5","dest":"n4","body":{"type":"broadcast","message":"0","msg_id":6}}
[BROADCAST] {"src":"n5","dest":"n5","body":{"type":"broadcast","message":"0","msg_id":7}}
[INBOUND]{"id":63,"src":"n3","dest":"n5","body":{"type":"broadcast","message":"0","msg_id":7}}
[INBOUND]{"id":64,"src":"n4","dest":"n5","body":{"type":"broadcast","message":"0","msg_id":7}}
[INBOUND]{"id":68,"src":"n2","dest":"n5","body":{"type":"broadcast","message":"0","msg_id":9}}
[INBOUND]{"id":73,"src":"n5","dest":"n5","body":{"type":"broadcast","message":"0","msg_id":7}}
[INBOUND]{"id":74,"src":"n1","dest":"n5","body":{"type":"broadcast","message":"0","msg_id":7}}
[INBOUND]{"id":77,"src":"c14","dest":"n5","body":{"type":"read","msg_id":2}}
[INBOUND]{"id":82,"src":"c14","dest":"n5","body":{"type":"read","msg_id":3}}
[INBOUND]{"id":87,"src":"c14","dest":"n5","body":{"type":"broadcast","message":10,"msg_id":4}}
[INBOUND]{"id":91,"src":"c22","dest":"n5","body":{"type":"read","msg_id":1}}
