2025-06-06 12:55:49,598{GMT}	INFO	[jepsen test runner] jepsen.core: Test version 3a792863e7da0892af4384a4abff3c74374f61b6 (plus uncommitted changes)
2025-06-06 12:55:49,598{GMT}	INFO	[jepsen test runner] jepsen.core: Command line:
lein run test -w broadcast --bin self/server/_build/default/bin/main.exe --time-limit 20 --rate 10
2025-06-06 12:55:49,631{GMT}	INFO	[jepsen test runner] jepsen.core: Running test:
{:args []
 :remote
 #jepsen.control.retry.Remote{:remote #jepsen.control.scp.Remote{:cmd-remote #jepsen.control.sshj.SSHJRemote{:concurrency-limit 6,
                                                                                                             :conn-spec nil,
                                                                                                             :client nil,
                                                                                                             :semaphore nil},
                                                                 :conn-spec nil},
                              :conn nil}
 :log-net-send false
 :node-count nil
 :availability nil
 :max-txn-length 4
 :concurrency 5
 :db
 #object[maelstrom.db$db$reify__16612
         "0x54fd5f6"
         "maelstrom.db$db$reify__16612@54fd5f6"]
 :max-writes-per-key 16
 :leave-db-running? false
 :name "broadcast"
 :logging-json? false
 :start-time
 #object[org.joda.time.DateTime "0x1f9b8c23" "2025-06-06T12:55:49.565-04:00"]
 :nemesis-interval 10
 :net
 #object[maelstrom.net$jepsen_net$reify__15721
         "0x6b297a62"
         "maelstrom.net$jepsen_net$reify__15721@6b297a62"]
 :client
 #object[maelstrom.workload.broadcast$client$reify__17142
         "0x11303cb"
         "maelstrom.workload.broadcast$client$reify__17142@11303cb"]
 :barrier
 #object[java.util.concurrent.CyclicBarrier
         "0x655e3f4c"
         "java.util.concurrent.CyclicBarrier@655e3f4c"]
 :log-stderr false
 :pure-generators true
 :ssh {:dummy? true}
 :rate 10.0
 :checker
 #object[jepsen.checker$compose$reify__11089
         "0x26e74d50"
         "jepsen.checker$compose$reify__11089@26e74d50"]
 :argv
 ("test"
  "-w"
  "broadcast"
  "--bin"
  "self/server/_build/default/bin/main.exe"
  "--time-limit"
  "20"
  "--rate"
  "10")
 :nemesis
 (jepsen.nemesis.ReflCompose
  {:fm {:start-partition 0,
        :stop-partition 0,
        :kill 1,
        :start 1,
        :pause 1,
        :resume 1},
   :nemeses [#unprintable "jepsen.nemesis.combined$partition_nemesis$reify__16905@6bdc984"
             #unprintable "jepsen.nemesis.combined$db_nemesis$reify__16886@1f299fc3"]})
 :nodes ["n1" "n2" "n3" "n4" "n5"]
 :test-count 1
 :latency {:mean 0, :dist :constant}
 :bin "self/server/_build/default/bin/main.exe"
 :generator
 #object[jepsen.util.Forgettable
         "0x4b954cbb"
         ((jepsen.generator.Synchronize
           {:gen (jepsen.generator.TimeLimit
                  {:limit 20000000000,
                   :cutoff nil,
                   :gen (jepsen.generator.Any
                         {:gens [(jepsen.generator.OnThreads
                                  {:f #{:nemesis},
                                   :context-filter #object[jepsen.generator.context$make_thread_filter$lazy_filter__12077
                                                           "0x504521ae"
                                                           "jepsen.generator.context$make_thread_filter$lazy_filter__12077@504521ae"],
                                   :gen nil})
                                 (jepsen.generator.OnThreads
                                  {:f #jepsen.generator.context.AllBut{:element :nemesis},
                                   :context-filter #object[jepsen.generator.context$make_thread_filter$lazy_filter__12077
                                                           "0x4a9e6ea7"
                                                           "jepsen.generator.context$make_thread_filter$lazy_filter__12077@4a9e6ea7"],
                                   :gen (jepsen.generator.Stagger
                                         {:dt 200000000,
                                          :next-time nil,
                                          :gen (jepsen.generator.Mix
                                                {:i 1,
                                                 :gens [({:f :broadcast,
                                                          :value 0}
                                                         {:f :broadcast,
                                                          :value 1}
                                                         {:f :broadcast,
                                                          :value 2}
                                                         {:f :broadcast,
                                                          :value 3}
                                                         {:f :broadcast,
                                                          :value 4}
                                                         {:f :broadcast,
                                                          :value 5}
                                                         {:f :broadcast,
                                                          :value 6}
                                                         {:f :broadcast,
                                                          :value 7}
                                                         ...)
                                                        ({:f :read}
                                                         {:f :read}
                                                         {:f :read}
                                                         {:f :read}
                                                         {:f :read}
                                                         {:f :read}
                                                         {:f :read}
                                                         {:f :read}
                                                         ...)]})})})]})})})
          (jepsen.generator.Synchronize
           {:gen (jepsen.generator.OnThreads
                  {:f #{:nemesis},
                   :context-filter #object[jepsen.generator.context$make_thread_filter$lazy_filter__12077
                                           "0x5aaecd25"
                                           "jepsen.generator.context$make_thread_filter$lazy_filter__12077@5aaecd25"],
                   :gen ()})})
          (jepsen.generator.Synchronize
           {:gen {:type :log, :value "Waiting for recovery..."}})
          (jepsen.generator.Synchronize {:gen {:type :sleep, :value 10}})
          (jepsen.generator.Synchronize
           {:gen (jepsen.generator.OnThreads
                  {:f #jepsen.generator.context.AllBut{:element :nemesis},
                   :context-filter #object[jepsen.generator.context$make_thread_filter$lazy_filter__12077
                                           "0x239fdf8f"
                                           "jepsen.generator.context$make_thread_filter$lazy_filter__12077@239fdf8f"],
                   :gen (jepsen.generator.EachThread
                         {:fresh-gen {:f :read, :final? true},
                          :context-filters #object[clojure.core$promise$reify__8621
                                                   "0x1acd660d"
                                                   {:status :pending, :val nil}],
                          :gens {}})})}))]
 :log-net-recv false
 :os
 #object[maelstrom.net$jepsen_os$reify__15724
         "0x22f3b213"
         "maelstrom.net$jepsen_os$reify__15724@22f3b213"]
 :time-limit 20
 :workload :broadcast
 :consistency-models [:strict-serializable]
 :topology :grid}

2025-06-06 12:55:50,446{GMT}	INFO	[jepsen node n1] maelstrom.net: Starting Maelstrom network
2025-06-06 12:55:50,446{GMT}	INFO	[jepsen test runner] jepsen.db: Tearing down DB
2025-06-06 12:55:50,447{GMT}	INFO	[jepsen test runner] jepsen.db: Setting up DB
2025-06-06 12:55:50,448{GMT}	INFO	[jepsen node n2] maelstrom.db: Setting up n2
2025-06-06 12:55:50,448{GMT}	INFO	[jepsen node n4] maelstrom.db: Setting up n4
2025-06-06 12:55:50,448{GMT}	INFO	[jepsen node n5] maelstrom.db: Setting up n5
2025-06-06 12:55:50,448{GMT}	INFO	[jepsen node n3] maelstrom.db: Setting up n3
2025-06-06 12:55:50,448{GMT}	INFO	[jepsen node n4] maelstrom.process: launching self/server/_build/default/bin/main.exe []
2025-06-06 12:55:50,448{GMT}	INFO	[jepsen node n5] maelstrom.process: launching self/server/_build/default/bin/main.exe []
2025-06-06 12:55:50,448{GMT}	INFO	[jepsen node n3] maelstrom.process: launching self/server/_build/default/bin/main.exe []
2025-06-06 12:55:50,448{GMT}	INFO	[jepsen node n2] maelstrom.process: launching self/server/_build/default/bin/main.exe []
2025-06-06 12:55:50,448{GMT}	INFO	[jepsen node n1] maelstrom.service: Starting services: (lin-kv lin-tso lww-kv seq-kv)
2025-06-06 12:55:50,449{GMT}	INFO	[jepsen node n1] maelstrom.db: Setting up n1
2025-06-06 12:55:50,449{GMT}	INFO	[jepsen node n1] maelstrom.process: launching self/server/_build/default/bin/main.exe []
2025-06-06 12:55:59,644{GMT}	INFO	[jepsen test runner] jepsen.core: Relative time begins now
2025-06-06 12:55:59,715{GMT}	INFO	[jepsen worker 0] jepsen.util: 0	:invoke	:read	nil
2025-06-06 12:55:59,727{GMT}	INFO	[jepsen worker 0] jepsen.util: 0	:ok	:read	[]
2025-06-06 12:55:59,844{GMT}	INFO	[jepsen worker 1] jepsen.util: 1	:invoke	:broadcast	0
2025-06-06 12:55:59,845{GMT}	INFO	[jepsen worker 1] jepsen.util: 1	:ok	:broadcast	0
2025-06-06 12:55:59,846{GMT}	INFO	[jepsen worker 2] jepsen.util: 2	:invoke	:read	nil
2025-06-06 12:56:00,013{GMT}	INFO	[jepsen worker 3] jepsen.util: 3	:invoke	:read	nil
2025-06-06 12:56:00,029{GMT}	INFO	[jepsen worker 4] jepsen.util: 4	:invoke	:read	nil
2025-06-06 12:56:00,153{GMT}	INFO	[jepsen worker 0] jepsen.util: 0	:invoke	:broadcast	1
2025-06-06 12:56:00,359{GMT}	INFO	[jepsen worker 1] jepsen.util: 1	:invoke	:broadcast	2
2025-06-06 12:56:04,855{GMT}	INFO	[jepsen worker 2] jepsen.util: 2	:fail	:read	nil	:net-timeout
2025-06-06 12:56:04,856{GMT}	INFO	[jepsen worker 2] jepsen.util: 2	:invoke	:broadcast	3
2025-06-06 12:56:05,077{GMT}	INFO	[jepsen worker 3] jepsen.util: 3	:fail	:read	nil	:net-timeout
2025-06-06 12:56:05,077{GMT}	INFO	[jepsen worker 3] jepsen.util: 3	:invoke	:read	nil
2025-06-06 12:56:05,079{GMT}	INFO	[jepsen worker 4] jepsen.util: 4	:fail	:read	nil	:net-timeout
2025-06-06 12:56:05,158{GMT}	INFO	[jepsen worker 0] jepsen.util: 0	:info	:broadcast	1	:net-timeout
2025-06-06 12:56:05,211{GMT}	INFO	[jepsen worker 4] jepsen.util: 4	:invoke	:read	nil
2025-06-06 12:56:05,279{GMT}	INFO	[jepsen worker 0] jepsen.util: 5	:invoke	:read	nil
2025-06-06 12:56:05,362{GMT}	INFO	[jepsen worker 1] jepsen.util: 1	:info	:broadcast	2	:net-timeout
2025-06-06 12:56:05,362{GMT}	INFO	[jepsen worker 1] jepsen.util: 6	:invoke	:broadcast	4
2025-06-06 12:56:09,862{GMT}	INFO	[jepsen worker 2] jepsen.util: 2	:info	:broadcast	3	:net-timeout
2025-06-06 12:56:09,863{GMT}	INFO	[jepsen worker 2] jepsen.util: 7	:invoke	:broadcast	5
2025-06-06 12:56:10,082{GMT}	INFO	[jepsen worker 3] jepsen.util: 3	:fail	:read	nil	:net-timeout
2025-06-06 12:56:10,082{GMT}	INFO	[jepsen worker 3] jepsen.util: 3	:invoke	:read	nil
2025-06-06 12:56:10,216{GMT}	INFO	[jepsen worker 4] jepsen.util: 4	:fail	:read	nil	:net-timeout
2025-06-06 12:56:10,283{GMT}	INFO	[jepsen worker 4] jepsen.util: 4	:invoke	:read	nil
2025-06-06 12:56:10,284{GMT}	INFO	[jepsen worker 0] jepsen.util: 5	:fail	:read	nil	:net-timeout
2025-06-06 12:56:10,315{GMT}	INFO	[jepsen worker 0] jepsen.util: 5	:invoke	:broadcast	6
2025-06-06 12:56:10,367{GMT}	INFO	[jepsen worker 1] jepsen.util: 6	:info	:broadcast	4	:net-timeout
2025-06-06 12:56:10,434{GMT}	INFO	[jepsen worker 1] jepsen.util: 11	:invoke	:broadcast	7
2025-06-06 12:56:14,869{GMT}	INFO	[jepsen worker 2] jepsen.util: 7	:info	:broadcast	5	:net-timeout
2025-06-06 12:56:14,870{GMT}	INFO	[jepsen worker 2] jepsen.util: 12	:invoke	:broadcast	8
2025-06-06 12:56:15,088{GMT}	INFO	[jepsen worker 3] jepsen.util: 3	:fail	:read	nil	:net-timeout
2025-06-06 12:56:15,088{GMT}	INFO	[jepsen worker 3] jepsen.util: 3	:invoke	:broadcast	9
2025-06-06 12:56:15,288{GMT}	INFO	[jepsen worker 4] jepsen.util: 4	:fail	:read	nil	:net-timeout
2025-06-06 12:56:15,289{GMT}	INFO	[jepsen worker 4] jepsen.util: 4	:invoke	:broadcast	10
2025-06-06 12:56:15,320{GMT}	INFO	[jepsen worker 0] jepsen.util: 5	:info	:broadcast	6	:net-timeout
2025-06-06 12:56:15,365{GMT}	INFO	[jepsen worker 0] jepsen.util: 10	:invoke	:broadcast	11
2025-06-06 12:56:15,436{GMT}	INFO	[jepsen worker 1] jepsen.util: 11	:info	:broadcast	7	:net-timeout
2025-06-06 12:56:15,519{GMT}	INFO	[jepsen worker 1] jepsen.util: 16	:invoke	:broadcast	12
2025-06-06 12:56:19,873{GMT}	INFO	[jepsen worker 2] jepsen.util: 12	:info	:broadcast	8	:net-timeout
2025-06-06 12:56:20,091{GMT}	INFO	[jepsen worker 3] jepsen.util: 3	:info	:broadcast	9	:net-timeout
2025-06-06 12:56:20,295{GMT}	INFO	[jepsen worker 4] jepsen.util: 4	:info	:broadcast	10	:net-timeout
2025-06-06 12:56:20,370{GMT}	INFO	[jepsen worker 0] jepsen.util: 10	:info	:broadcast	11	:net-timeout
2025-06-06 12:56:20,525{GMT}	INFO	[jepsen worker 1] jepsen.util: 16	:info	:broadcast	12	:net-timeout
2025-06-06 12:56:20,525{GMT}	INFO	[jepsen worker 4] jepsen.generator.interpreter: Waiting for recovery...
2025-06-06 12:56:30,534{GMT}	INFO	[jepsen worker 4] jepsen.util: 9	:invoke	:read	nil
2025-06-06 12:56:30,534{GMT}	INFO	[jepsen worker 2] jepsen.util: 17	:invoke	:read	nil
2025-06-06 12:56:30,534{GMT}	INFO	[jepsen worker 3] jepsen.util: 8	:invoke	:read	nil
2025-06-06 12:56:30,535{GMT}	INFO	[jepsen worker 1] jepsen.util: 21	:invoke	:read	nil
2025-06-06 12:56:30,535{GMT}	INFO	[jepsen worker 0] jepsen.util: 15	:invoke	:read	nil
2025-06-06 12:56:35,539{GMT}	INFO	[jepsen worker 2] jepsen.util: 17	:fail	:read	nil	:net-timeout
2025-06-06 12:56:35,540{GMT}	INFO	[jepsen worker 3] jepsen.util: 8	:fail	:read	nil	:net-timeout
2025-06-06 12:56:35,539{GMT}	INFO	[jepsen worker 4] jepsen.util: 9	:fail	:read	nil	:net-timeout
2025-06-06 12:56:35,540{GMT}	INFO	[jepsen worker 1] jepsen.util: 21	:fail	:read	nil	:net-timeout
2025-06-06 12:56:35,540{GMT}	INFO	[jepsen worker 0] jepsen.util: 15	:fail	:read	nil	:net-timeout
2025-06-06 12:56:35,562{GMT}	INFO	[jepsen test runner] jepsen.core: Run complete, writing
2025-06-06 12:56:35,603{GMT}	INFO	[jepsen node n5] maelstrom.db: Tearing down n5
2025-06-06 12:56:35,603{GMT}	INFO	[jepsen node n2] maelstrom.db: Tearing down n2
2025-06-06 12:56:35,603{GMT}	INFO	[jepsen node n1] maelstrom.db: Tearing down n1
2025-06-06 12:56:35,603{GMT}	INFO	[jepsen node n4] maelstrom.db: Tearing down n4
2025-06-06 12:56:35,603{GMT}	INFO	[jepsen node n3] maelstrom.db: Tearing down n3
2025-06-06 12:56:36,616{GMT}	INFO	[jepsen node n1] maelstrom.net: Shutting down Maelstrom network
2025-06-06 12:56:36,618{GMT}	INFO	[jepsen test runner] jepsen.core: Analyzing...
2025-06-06 12:56:36,737{GMT}	INFO	[jepsen test runner] jepsen.core: Analysis complete
2025-06-06 12:56:36,743{GMT}	INFO	[jepsen results] jepsen.store: Wrote /Users/adr/code/maelstrom/store/broadcast/20250606T125549.565-0400/results.edn
2025-06-06 12:56:36,778{GMT}	INFO	[jepsen test runner] jepsen.core: {:perf {:latency-graph {:valid? true},
        :rate-graph {:valid? true},
        :valid? true},
 :timeline {:valid? true},
 :exceptions {:valid? true},
 :stats {:valid? true,
         :count 27,
         :ok-count 2,
         :fail-count 13,
         :info-count 12,
         :by-f {:broadcast {:valid? true,
                            :count 13,
                            :ok-count 1,
                            :fail-count 0,
                            :info-count 12},
                :read {:valid? true,
                       :count 14,
                       :ok-count 1,
                       :fail-count 13,
                       :info-count 0}}},
 :availability {:valid? true, :ok-fraction 0.074074075},
 :net {:all {:send-count 95,
             :recv-count 95,
             :msg-count 95,
             :msgs-per-op 3.5185184},
       :clients {:send-count 49, :recv-count 49, :msg-count 49},
       :servers {:send-count 46,
                 :recv-count 46,
                 :msg-count 46,
                 :msgs-per-op 1.7037038},
       :valid? true},
 :workload {:worst-stale (),
            :duplicated-count 0,
            :valid? :unknown,
            :lost-count 0,
            :lost (),
            :stable-count 0,
            :stale-count 0,
            :stale (),
            :never-read-count 13,
            :attempt-count 13,
            :never-read (0 1 2 3 4 5 6 7 8 9 10 11 12),
            :duplicated {}},
 :valid? :unknown}


Errors occurred during analysis, but no anomalies found. ಠ~ಠ
