[INBOUND]{"id":3,"src":"c3","dest":"n1","body":{"type":"init","node_id":"n1","node_ids":["n1","n2","n3","n4","n5"],"msg_id":1}}
Current callback ids: []
[INIT_OK] {"src":"n1","dest":"c3","body":{"type":"init_ok","in_reply_to":1,"msg_id":0}}
[INBOUND]{"id":12,"src":"c5","dest":"n1","body":{"type":"topology","topology":{"n1":["n4","n2"],"n2":["n5","n3","n1"],"n3":["n2"],"n4":["n1","n5"],"n5":["n2","n4"]},"msg_id":1}}
Current callback ids: []
[TOPOLOGY_OK] {"src":"n1","dest":"c5","body":{"type":"topology_ok","in_reply_to":1,"msg_id":0}}
[INBOUND]{"id":20,"src":"c10","dest":"n1","body":{"type":"read","msg_id":1}}
Current callback ids: []
[READ_OK] {"src":"n1","dest":"c10","body":{"type":"read_ok","messages":[],"in_reply_to":1,"msg_id":0}}
[INBOUND]{"id":28,"src":"n2","dest":"n1","body":{"type":"broadcast","message":"0","msg_id":0}}
Current callback ids: []
BEGIN GOSSIP
[BROADCAST_OK] {"src":"n1","dest":"n2","body":{"type":"broadcast_ok","in_reply_to":0,"msg_id":0}}
Neighbors: [n4]
Sending gossip broadcast from n1 to n4: {"src":"n1","dest":"n4","body":{"type":"broadcast","message":"0","msg_id":0}}
[BROADCAST] {"src":"n1","dest":"n4","body":{"type":"broadcast","message":"0","msg_id":0}}
[INBOUND]{"id":34,"src":"n4","dest":"n1","body":{"type":"broadcast_ok","in_reply_to":0,"msg_id":0}}
Current callback ids: [0]
Invoking RPC callback: 
inbound_msg: {"id":34,"src":"n4","dest":"n1","body":{"type":"broadcast_ok","in_reply_to":0,"msg_id":0}}
[INBOUND]{"id":39,"src":"n4","dest":"n1","body":{"type":"broadcast","message":"1","msg_id":1}}
[INBOUND]{"id":42,"src":"c10","dest":"n1","body":{"type":"broadcast","message":2,"msg_id":2}}
Sending gossip broadcast from n1 to n4: {"src":"n1","dest":"n4","body":{"type":"broadcast","message":"0","msg_id":1}}
[INBOUND]{"id":47,"src":"n2","dest":"n1","body":{"type":"broadcast","message":"0","msg_id":2}}
[BROADCAST] {"src":"n1","dest":"n4","body":{"type":"broadcast","message":"0","msg_id":1}}
[INBOUND]{"id":52,"src":"n4","dest":"n1","body":{"type":"broadcast","message":"1","msg_id":4}}
[INBOUND]{"id":55,"src":"c15","dest":"n1","body":{"type":"broadcast","message":6,"msg_id":1}}
[INBOUND]{"id":60,"src":"c19","dest":"n1","body":{"type":"broadcast","message":8,"msg_id":1}}
[INBOUND]{"id":65,"src":"c21","dest":"n1","body":{"type":"broadcast","message":13,"msg_id":1}}
[INBOUND]{"id":73,"src":"c27","dest":"n1","body":{"type":"read","msg_id":1}}
