[INBOUND]{"id":4,"src":"c4","dest":"n2","body":{"type":"init","node_id":"n2","node_ids":["n1","n2","n3","n4","n5"],"msg_id":1}}
Current callback ids: []
[INIT_OK] {"src":"n2","dest":"c4","body":{"type":"init_ok","in_reply_to":1,"msg_id":0}}
[INBOUND]{"id":11,"src":"c6","dest":"n2","body":{"type":"topology","topology":{"n1":["n4","n2"],"n2":["n5","n3","n1"],"n3":["n2"],"n4":["n1","n5"],"n5":["n2","n4"]},"msg_id":1}}
Current callback ids: []
[TOPOLOGY_OK] {"src":"n2","dest":"c6","body":{"type":"topology_ok","in_reply_to":1,"msg_id":0}}
[INBOUND]{"id":22,"src":"c11","dest":"n2","body":{"type":"read","msg_id":1}}
Current callback ids: []
[READ_OK] {"src":"n2","dest":"c11","body":{"type":"read_ok","messages":[],"in_reply_to":1,"msg_id":0}}
[INBOUND]{"id":26,"src":"n3","dest":"n2","body":{"type":"broadcast","message":"0","msg_id":0}}
Current callback ids: []
BEGIN GOSSIP
[BROADCAST_OK] {"src":"n2","dest":"n3","body":{"type":"broadcast_ok","in_reply_to":0,"msg_id":0}}
Neighbors: [n1; n5]
Sending gossip broadcast from n2 to n1: {"src":"n2","dest":"n1","body":{"type":"broadcast","message":"0","msg_id":0}}
Sending gossip broadcast from n2 to n5: {"src":"n2","dest":"n5","body":{"type":"broadcast","message":"0","msg_id":1}}
[BROADCAST] {"src":"n2","dest":"n1","body":{"type":"broadcast","message":"0","msg_id":0}}
[BROADCAST] {"src":"n2","dest":"n5","body":{"type":"broadcast","message":"0","msg_id":1}}
[INBOUND]{"id":30,"src":"n1","dest":"n2","body":{"type":"broadcast_ok","in_reply_to":0,"msg_id":0}}
Current callback ids: [1; 0]
[INBOUND]{"id":31,"src":"n5","dest":"n2","body":{"type":"broadcast_ok","in_reply_to":1,"msg_id":1}}
Invoking RPC callback: 
inbound_msg: {"id":30,"src":"n1","dest":"n2","body":{"type":"broadcast_ok","in_reply_to":0,"msg_id":0}}
[INBOUND]{"id":43,"src":"c11","dest":"n2","body":{"type":"broadcast","message":3,"msg_id":2}}
Sending gossip broadcast from n2 to n1: {"src":"n2","dest":"n1","body":{"type":"broadcast","message":"0","msg_id":2}}
Sending gossip broadcast from n2 to n5: {"src":"n2","dest":"n5","body":{"type":"broadcast","message":"0","msg_id":3}}
[INBOUND]{"id":46,"src":"n3","dest":"n2","body":{"type":"broadcast","message":"0","msg_id":1}}
[BROADCAST] {"src":"n2","dest":"n1","body":{"type":"broadcast","message":"0","msg_id":2}}
[BROADCAST] {"src":"n2","dest":"n5","body":{"type":"broadcast","message":"0","msg_id":3}}
[INBOUND]{"id":56,"src":"c16","dest":"n2","body":{"type":"read","msg_id":1}}
[INBOUND]{"id":61,"src":"c16","dest":"n2","body":{"type":"broadcast","message":9,"msg_id":2}}
[INBOUND]{"id":66,"src":"c22","dest":"n2","body":{"type":"broadcast","message":14,"msg_id":1}}
[INBOUND]{"id":71,"src":"c26","dest":"n2","body":{"type":"read","msg_id":1}}
