[INBOUND]{"id":1,"src":"c1","dest":"n3","body":{"type":"init","node_id":"n3","node_ids":["n1","n2","n3","n4","n5"],"msg_id":1}}
Current callback ids: []
[INIT_OK] {"src":"n3","dest":"c1","body":{"type":"init_ok","in_reply_to":1,"msg_id":0}}
[INBOUND]{"id":13,"src":"c7","dest":"n3","body":{"type":"topology","topology":{"n1":["n4","n2"],"n2":["n5","n3","n1"],"n3":["n2"],"n4":["n1","n5"],"n5":["n2","n4"]},"msg_id":1}}
Current callback ids: []
[TOPOLOGY_OK] {"src":"n3","dest":"c7","body":{"type":"topology_ok","in_reply_to":1,"msg_id":0}}
[INBOUND]{"id":24,"src":"c12","dest":"n3","body":{"type":"broadcast","message":0,"msg_id":1}}
Current callback ids: []
BEGIN GOSSIP
[BROADCAST_OK] {"src":"n3","dest":"c12","body":{"type":"broadcast_ok","in_reply_to":1,"msg_id":1}}
Neighbors: [n2]
Sending gossip broadcast from n3 to n2: {"src":"n3","dest":"n2","body":{"type":"broadcast","message":"0","msg_id":0}}
[BROADCAST] {"src":"n3","dest":"n2","body":{"type":"broadcast","message":"0","msg_id":0}}
[INBOUND]{"id":27,"src":"n2","dest":"n3","body":{"type":"broadcast_ok","in_reply_to":0,"msg_id":0}}
Current callback ids: [0]
Invoking RPC callback: 
inbound_msg: {"id":27,"src":"n2","dest":"n3","body":{"type":"broadcast_ok","in_reply_to":0,"msg_id":0}}
[INBOUND]{"id":44,"src":"c12","dest":"n3","body":{"type":"broadcast","message":4,"msg_id":2}}
Sending gossip broadcast from n3 to n2: {"src":"n3","dest":"n2","body":{"type":"broadcast","message":"0","msg_id":1}}
[BROADCAST] {"src":"n3","dest":"n2","body":{"type":"broadcast","message":"0","msg_id":1}}
[INBOUND]{"id":57,"src":"c17","dest":"n3","body":{"type":"broadcast","message":7,"msg_id":1}}
[INBOUND]{"id":62,"src":"c20","dest":"n3","body":{"type":"broadcast","message":10,"msg_id":1}}
[INBOUND]{"id":67,"src":"c23","dest":"n3","body":{"type":"read","msg_id":1}}
[INBOUND]{"id":69,"src":"c23","dest":"n3","body":{"type":"read","msg_id":2}}
