[INBOUND]{"id":3,"src":"c4","dest":"n3","body":{"type":"init","node_id":"n3","node_ids":["n1","n2","n3","n4","n5"],"msg_id":1}}
Current callback ids: []
[INIT_OK] {"src":"n3","dest":"c4","body":{"type":"init_ok","in_reply_to":1,"msg_id":0}}
[INBOUND]{"id":12,"src":"c8","dest":"n3","body":{"type":"topology","topology":{"n1":["n4","n2"],"n2":["n5","n3","n1"],"n3":["n2"],"n4":["n1","n5"],"n5":["n2","n4"]},"msg_id":1}}
Current callback ids: []
[TOPOLOGY_OK] {"src":"n3","dest":"c8","body":{"type":"topology_ok","in_reply_to":1,"msg_id":0}}
[INBOUND]{"id":24,"src":"c12","dest":"n3","body":{"type":"broadcast","message":0,"msg_id":1}}
Current callback ids: []
BEGIN GOSSIP
[BROADCAST_OK] {"src":"n3","dest":"c12","body":{"type":"broadcast_ok","in_reply_to":1,"msg_id":1}}
Neighbors: [n2]
Sending gossip broadcast from n3 to n2: {"src":"n3","dest":"n2","body":{"type":"broadcast","message":"0","msg_id":0}}
[BROADCAST] {"src":"n3","dest":"n2","body":{"type":"broadcast","message":"0","msg_id":0}}
[INBOUND]{"id":27,"src":"n2","dest":"n3","body":{"type":"broadcast_ok","in_reply_to":0,"msg_id":0}}
Current callback ids: [0]
Invoking RPC callback: 
inbound_msg: {"id":27,"src":"n2","dest":"n3","body":{"type":"broadcast_ok","in_reply_to":0,"msg_id":0}}
[INBOUND]{"id":42,"src":"c12","dest":"n3","body":{"type":"read","msg_id":2}}
Sending gossip broadcast from n3 to n2: {"src":"n3","dest":"n2","body":{"type":"broadcast","message":"0","msg_id":1}}
[BROADCAST] {"src":"n3","dest":"n2","body":{"type":"broadcast","message":"0","msg_id":1}}
[INBOUND]{"id":68,"src":"c12","dest":"n3","body":{"type":"read","msg_id":3}}
[INBOUND]{"id":73,"src":"c12","dest":"n3","body":{"type":"broadcast","message":8,"msg_id":4}}
[INBOUND]{"id":78,"src":"c21","dest":"n3","body":{"type":"read","msg_id":1}}
[INBOUND]{"id":80,"src":"c21","dest":"n3","body":{"type":"read","msg_id":2}}
