[INBOUND]{"id":2,"src":"c3","dest":"n4","body":{"type":"init","node_id":"n4","node_ids":["n1","n2","n3","n4","n5"],"msg_id":1}}
Current callback ids: []
[INIT_OK] {"src":"n4","dest":"c3","body":{"type":"init_ok","in_reply_to":1,"msg_id":0}}
[INBOUND]{"id":11,"src":"c9","dest":"n4","body":{"type":"topology","topology":{"n1":["n4","n2"],"n2":["n5","n3","n1"],"n3":["n2"],"n4":["n1","n5"],"n5":["n2","n4"]},"msg_id":1}}
Current callback ids: []
[TOPOLOGY_OK] {"src":"n4","dest":"c9","body":{"type":"topology_ok","in_reply_to":1,"msg_id":0}}
[INBOUND]{"id":31,"src":"n5","dest":"n4","body":{"type":"broadcast","message":"0","msg_id":0}}
Current callback ids: []
[INBOUND]{"id":33,"src":"n1","dest":"n4","body":{"type":"broadcast","message":"0","msg_id":0}}
BEGIN GOSSIP
[BROADCAST_OK] {"src":"n4","dest":"n5","body":{"type":"broadcast_ok","in_reply_to":0,"msg_id":0}}
Current callback ids: []
Neighbors: [n1]
[BROADCAST_OK] {"src":"n4","dest":"n1","body":{"type":"broadcast_ok","in_reply_to":0,"msg_id":0}}
Sending gossip broadcast from n4 to n1: {"src":"n4","dest":"n1","body":{"type":"broadcast","message":"0","msg_id":0}}
[BROADCAST] {"src":"n4","dest":"n1","body":{"type":"broadcast","message":"0","msg_id":0}}
[INBOUND]{"id":37,"src":"c13","dest":"n4","body":{"type":"read","msg_id":1}}
Current callback ids: [0]
[READ_OK] {"src":"n4","dest":"c13","body":{"type":"read_ok","messages":["0"],"in_reply_to":1,"msg_id":1}}
[INBOUND]{"id":43,"src":"c13","dest":"n4","body":{"type":"read","msg_id":2}}
Current callback ids: [0]
[READ_OK] {"src":"n4","dest":"c13","body":{"type":"read_ok","messages":["0"],"in_reply_to":2,"msg_id":1}}
[INBOUND]{"id":45,"src":"c13","dest":"n4","body":{"type":"read","msg_id":3}}
Current callback ids: [0]
[READ_OK] {"src":"n4","dest":"c13","body":{"type":"read_ok","messages":["0"],"in_reply_to":3,"msg_id":1}}
[INBOUND]{"id":47,"src":"c13","dest":"n4","body":{"type":"read","msg_id":4}}
Current callback ids: [0]
[READ_OK] {"src":"n4","dest":"c13","body":{"type":"read_ok","messages":["0"],"in_reply_to":4,"msg_id":1}}
[INBOUND]{"id":49,"src":"c13","dest":"n4","body":{"type":"read","msg_id":5}}
Current callback ids: [0]
[READ_OK] {"src":"n4","dest":"c13","body":{"type":"read_ok","messages":["0"],"in_reply_to":5,"msg_id":1}}
[INBOUND]{"id":51,"src":"c13","dest":"n4","body":{"type":"broadcast","message":3,"msg_id":6}}
Current callback ids: [0]
BEGIN GOSSIP
[BROADCAST_OK] {"src":"n4","dest":"c13","body":{"type":"broadcast_ok","in_reply_to":6,"msg_id":6}}
Neighbors: [n1; n5]
Sending gossip broadcast from n4 to n1: {"src":"n4","dest":"n1","body":{"type":"broadcast","message":"3","msg_id":1}}
Sending gossip broadcast from n4 to n5: {"src":"n4","dest":"n5","body":{"type":"broadcast","message":"3","msg_id":2}}
[BROADCAST] {"src":"n4","dest":"n1","body":{"type":"broadcast","message":"3","msg_id":1}}
[BROADCAST] {"src":"n4","dest":"n5","body":{"type":"broadcast","message":"3","msg_id":2}}
Sending gossip broadcast from n4 to n1: {"src":"n4","dest":"n1","body":{"type":"broadcast","message":"0","msg_id":3}}
[INBOUND]{"id":57,"src":"n5","dest":"n4","body":{"type":"broadcast","message":"0","msg_id":1}}
[BROADCAST] {"src":"n4","dest":"n1","body":{"type":"broadcast","message":"0","msg_id":3}}
Current callback ids: [1; 0; 2]
Invoking RPC callback: 
inbound_msg: {"id":57,"src":"n5","dest":"n4","body":{"type":"broadcast","message":"0","msg_id":1}}
[INBOUND]{"id":59,"src":"n1","dest":"n4","body":{"type":"broadcast","message":"0","msg_id":1}}
[INBOUND]{"id":61,"src":"c13","dest":"n4","body":{"type":"read","msg_id":7}}
Sending gossip broadcast from n4 to n1: {"src":"n4","dest":"n1","body":{"type":"broadcast","message":"3","msg_id":4}}
Sending gossip broadcast from n4 to n5: {"src":"n4","dest":"n5","body":{"type":"broadcast","message":"3","msg_id":5}}
[BROADCAST] {"src":"n4","dest":"n1","body":{"type":"broadcast","message":"3","msg_id":4}}
[BROADCAST] {"src":"n4","dest":"n5","body":{"type":"broadcast","message":"3","msg_id":5}}
Sending gossip broadcast from n4 to n1: {"src":"n4","dest":"n1","body":{"type":"broadcast","message":"0","msg_id":6}}
[BROADCAST] {"src":"n4","dest":"n1","body":{"type":"broadcast","message":"0","msg_id":6}}
[INBOUND]{"id":69,"src":"c13","dest":"n4","body":{"type":"read","msg_id":8}}
[INBOUND]{"id":74,"src":"c13","dest":"n4","body":{"type":"broadcast","message":9,"msg_id":9}}
[INBOUND]{"id":79,"src":"c22","dest":"n4","body":{"type":"read","msg_id":1}}
[INBOUND]{"id":82,"src":"c22","dest":"n4","body":{"type":"read","msg_id":2}}
