[INBOUND]{"id":0,"src":"c1","dest":"n5","body":{"type":"init","node_id":"n5","node_ids":["n1","n2","n3","n4","n5"],"msg_id":1}}
Current callback ids: []
[INIT_OK] {"src":"n5","dest":"c1","body":{"type":"init_ok","in_reply_to":1,"msg_id":0}}
[INBOUND]{"id":14,"src":"c7","dest":"n5","body":{"type":"topology","topology":{"n1":["n4","n2"],"n2":["n5","n3","n1"],"n3":["n2"],"n4":["n1","n5"],"n5":["n2","n4"]},"msg_id":1}}
Current callback ids: []
[TOPOLOGY_OK] {"src":"n5","dest":"c7","body":{"type":"topology_ok","in_reply_to":1,"msg_id":0}}
[INBOUND]{"id":29,"src":"n2","dest":"n5","body":{"type":"broadcast","message":"0","msg_id":1}}
Current callback ids: []
BEGIN GOSSIP
[BROADCAST_OK] {"src":"n5","dest":"n2","body":{"type":"broadcast_ok","in_reply_to":1,"msg_id":1}}
Neighbors: [n4]
Sending gossip broadcast from n5 to n4: {"src":"n5","dest":"n4","body":{"type":"broadcast","message":"0","msg_id":0}}
[BROADCAST] {"src":"n5","dest":"n4","body":{"type":"broadcast","message":"0","msg_id":0}}
[INBOUND]{"id":34,"src":"n4","dest":"n5","body":{"type":"broadcast_ok","in_reply_to":0,"msg_id":0}}
Current callback ids: [0]
Invoking RPC callback: 
inbound_msg: {"id":34,"src":"n4","dest":"n5","body":{"type":"broadcast_ok","in_reply_to":0,"msg_id":0}}
[INBOUND]{"id":39,"src":"c14","dest":"n5","body":{"type":"broadcast","message":1,"msg_id":1}}
[INBOUND]{"id":54,"src":"n4","dest":"n5","body":{"type":"broadcast","message":"3","msg_id":2}}
Sending gossip broadcast from n5 to n4: {"src":"n5","dest":"n4","body":{"type":"broadcast","message":"0","msg_id":1}}
[BROADCAST] {"src":"n5","dest":"n4","body":{"type":"broadcast","message":"0","msg_id":1}}
[INBOUND]{"id":58,"src":"n2","dest":"n5","body":{"type":"broadcast","message":"0","msg_id":3}}
[INBOUND]{"id":63,"src":"n4","dest":"n5","body":{"type":"broadcast","message":"3","msg_id":5}}
[INBOUND]{"id":65,"src":"c15","dest":"n5","body":{"type":"read","msg_id":1}}
[INBOUND]{"id":70,"src":"c15","dest":"n5","body":{"type":"broadcast","message":5,"msg_id":2}}
[INBOUND]{"id":75,"src":"c18","dest":"n5","body":{"type":"read","msg_id":1}}
[INBOUND]{"id":83,"src":"c18","dest":"n5","body":{"type":"read","msg_id":2}}
