[INBOUND]{"id":0,"src":"c0","dest":"n4","body":{"type":"init","node_id":"n4","node_ids":["n1","n2","n3","n4","n5"],"msg_id":1}}
Current callback ids: []
[INIT_OK] {"src":"n4","dest":"c0","body":{"type":"init_ok","in_reply_to":1,"msg_id":0}}
[INBOUND]{"id":14,"src":"c9","dest":"n4","body":{"type":"topology","topology":{"n1":["n4","n2"],"n2":["n5","n3","n1"],"n3":["n2"],"n4":["n1","n5"],"n5":["n2","n4"]},"msg_id":1}}
Current callback ids: []
[TOPOLOGY_OK] {"src":"n4","dest":"c9","body":{"type":"topology_ok","in_reply_to":1,"msg_id":0}}
[INBOUND]{"id":23,"src":"n1","dest":"n4","body":{"type":"broadcast","message":"0","msg_id":1}}
Current callback ids: []
BEGIN GOSSIP
[BROADCAST_OK] {"src":"n4","dest":"n1","body":{"type":"broadcast_ok","in_reply_to":1,"msg_id":1}}
Neighbors: [n5]
Sending gossip broadcast from n4 to n5: {"src":"n4","dest":"n5","body":{"type":"broadcast","message":"0","msg_id":0}}
[BROADCAST] {"src":"n4","dest":"n5","body":{"type":"broadcast","message":"0","msg_id":0}}
[INBOUND]{"id":29,"src":"n5","dest":"n4","body":{"type":"broadcast_ok","in_reply_to":0,"msg_id":0}}
Current callback ids: [0]
Invoking RPC callback: 
inbound_msg: {"id":29,"src":"n5","dest":"n4","body":{"type":"broadcast_ok","in_reply_to":0,"msg_id":0}}
[INBOUND]{"id":37,"src":"c13","dest":"n4","body":{"type":"read","msg_id":1}}
[INBOUND]{"id":41,"src":"n5","dest":"n4","body":{"type":"broadcast","message":"3","msg_id":2}}
[INBOUND]{"id":48,"src":"n1","dest":"n4","body":{"type":"broadcast","message":"0","msg_id":3}}
Sending gossip broadcast from n4 to n5: {"src":"n4","dest":"n5","body":{"type":"broadcast","message":"0","msg_id":1}}
[BROADCAST] {"src":"n4","dest":"n5","body":{"type":"broadcast","message":"0","msg_id":1}}
[INBOUND]{"id":67,"src":"n5","dest":"n4","body":{"type":"broadcast","message":"3","msg_id":5}}
[INBOUND]{"id":188,"src":"c13","dest":"n4","body":{"type":"read","msg_id":2}}
[INBOUND]{"id":200,"src":"c13","dest":"n4","body":{"type":"read","msg_id":3}}
[INBOUND]{"id":205,"src":"c13","dest":"n4","body":{"type":"broadcast","message":24,"msg_id":4}}
[INBOUND]{"id":211,"src":"c21","dest":"n4","body":{"type":"read","msg_id":1}}
