[INBOUND]{"id":1,"src":"c1","dest":"n5","body":{"type":"init","node_id":"n5","node_ids":["n1","n2","n3","n4","n5"],"msg_id":1}}
Current callback ids: []
[INIT_OK] {"src":"n5","dest":"c1","body":{"type":"init_ok","in_reply_to":1,"msg_id":0}}
[INBOUND]{"id":10,"src":"c8","dest":"n5","body":{"type":"topology","topology":{"n1":["n4","n2"],"n2":["n5","n3","n1"],"n3":["n2"],"n4":["n1","n5"],"n5":["n2","n4"]},"msg_id":1}}
Current callback ids: []
[TOPOLOGY_OK] {"src":"n5","dest":"c8","body":{"type":"topology_ok","in_reply_to":1,"msg_id":0}}
[INBOUND]{"id":26,"src":"n4","dest":"n5","body":{"type":"broadcast","message":"0","msg_id":0}}
Current callback ids: []
BEGIN GOSSIP
[BROADCAST_OK] {"src":"n5","dest":"n4","body":{"type":"broadcast_ok","in_reply_to":0,"msg_id":0}}
Neighbors: [n2]
[INBOUND]{"id":28,"src":"n2","dest":"n5","body":{"type":"broadcast","message":"0","msg_id":1}}
Sending gossip broadcast from n5 to n2: {"src":"n5","dest":"n2","body":{"type":"broadcast","message":"0","msg_id":0}}
Current callback ids: []
[BROADCAST] {"src":"n5","dest":"n2","body":{"type":"broadcast","message":"0","msg_id":0}}
[BROADCAST_OK] {"src":"n5","dest":"n2","body":{"type":"broadcast_ok","in_reply_to":1,"msg_id":1}}
[INBOUND]{"id":38,"src":"c14","dest":"n5","body":{"type":"broadcast","message":3,"msg_id":1}}
Current callback ids: [0]
BEGIN GOSSIP
[BROADCAST_OK] {"src":"n5","dest":"c14","body":{"type":"broadcast_ok","in_reply_to":1,"msg_id":1}}
Neighbors: [n2; n4]
Sending gossip broadcast from n5 to n2: {"src":"n5","dest":"n2","body":{"type":"broadcast","message":"3","msg_id":1}}
Sending gossip broadcast from n5 to n4: {"src":"n5","dest":"n4","body":{"type":"broadcast","message":"3","msg_id":2}}
[BROADCAST] {"src":"n5","dest":"n2","body":{"type":"broadcast","message":"3","msg_id":1}}
[BROADCAST] {"src":"n5","dest":"n4","body":{"type":"broadcast","message":"3","msg_id":2}}
[INBOUND]{"id":49,"src":"n4","dest":"n5","body":{"type":"broadcast","message":"0","msg_id":1}}
Current callback ids: [1; 0; 2]
Invoking RPC callback: 
inbound_msg: {"id":49,"src":"n4","dest":"n5","body":{"type":"broadcast","message":"0","msg_id":1}}
[INBOUND]{"id":51,"src":"n2","dest":"n5","body":{"type":"broadcast","message":"0","msg_id":3}}
Sending gossip broadcast from n5 to n2: {"src":"n5","dest":"n2","body":{"type":"broadcast","message":"0","msg_id":3}}
[BROADCAST] {"src":"n5","dest":"n2","body":{"type":"broadcast","message":"0","msg_id":3}}
[INBOUND]{"id":57,"src":"c14","dest":"n5","body":{"type":"read","msg_id":2}}
Sending gossip broadcast from n5 to n2: {"src":"n5","dest":"n2","body":{"type":"broadcast","message":"3","msg_id":4}}
Sending gossip broadcast from n5 to n4: {"src":"n5","dest":"n4","body":{"type":"broadcast","message":"3","msg_id":5}}
[BROADCAST] {"src":"n5","dest":"n2","body":{"type":"broadcast","message":"3","msg_id":4}}
[BROADCAST] {"src":"n5","dest":"n4","body":{"type":"broadcast","message":"3","msg_id":5}}
[INBOUND]{"id":197,"src":"c14","dest":"n5","body":{"type":"read","msg_id":3}}
[INBOUND]{"id":202,"src":"c14","dest":"n5","body":{"type":"read","msg_id":4}}
[INBOUND]{"id":207,"src":"c14","dest":"n5","body":{"type":"broadcast","message":26,"msg_id":5}}
[INBOUND]{"id":209,"src":"c23","dest":"n5","body":{"type":"read","msg_id":1}}
