[INBOUND]{"id":3,"src":"c3","dest":"n1","body":{"type":"init","node_id":"n1","node_ids":["n1","n2","n3","n4","n5"],"msg_id":1}}
Current callback ids: []
[INIT_OK] {"src":"n1","dest":"c3","body":{"type":"init_ok","in_reply_to":1,"msg_id":0}}
[INBOUND]{"id":14,"src":"c11","dest":"n1","body":{"echo":"Please echo 40","type":"echo","msg_id":1}}
Current callback ids: []
[ECHO_OK] {"src":"n1","dest":"c11","body":{"type":"echo_ok","echo":"Please echo 40","msg_id":0,"in_reply_to":1}}
[INBOUND]{"id":30,"src":"c11","dest":"n1","body":{"echo":"Please echo 113","type":"echo","msg_id":2}}
Current callback ids: []
[ECHO_OK] {"src":"n1","dest":"c11","body":{"type":"echo_ok","echo":"Please echo 113","msg_id":0,"in_reply_to":2}}
[INBOUND]{"id":52,"src":"c11","dest":"n1","body":{"echo":"Please echo 106","type":"echo","msg_id":3}}
Current callback ids: []
[ECHO_OK] {"src":"n1","dest":"c11","body":{"type":"echo_ok","echo":"Please echo 106","msg_id":0,"in_reply_to":3}}
[INBOUND]{"id":60,"src":"c11","dest":"n1","body":{"echo":"Please echo 69","type":"echo","msg_id":4}}
Current callback ids: []
[ECHO_OK] {"src":"n1","dest":"c11","body":{"type":"echo_ok","echo":"Please echo 69","msg_id":0,"in_reply_to":4}}
[INBOUND]{"id":66,"src":"c11","dest":"n1","body":{"echo":"Please echo 104","type":"echo","msg_id":5}}
Current callback ids: []
[ECHO_OK] {"src":"n1","dest":"c11","body":{"type":"echo_ok","echo":"Please echo 104","msg_id":0,"in_reply_to":5}}
[INBOUND]{"id":74,"src":"c11","dest":"n1","body":{"echo":"Please echo 127","type":"echo","msg_id":6}}
Current callback ids: []
[ECHO_OK] {"src":"n1","dest":"c11","body":{"type":"echo_ok","echo":"Please echo 127","msg_id":0,"in_reply_to":6}}
[INBOUND]{"id":84,"src":"c11","dest":"n1","body":{"echo":"Please echo 4","type":"echo","msg_id":7}}
Current callback ids: []
[ECHO_OK] {"src":"n1","dest":"c11","body":{"type":"echo_ok","echo":"Please echo 4","msg_id":0,"in_reply_to":7}}
[INBOUND]{"id":86,"src":"c11","dest":"n1","body":{"echo":"Please echo 98","type":"echo","msg_id":8}}
Current callback ids: []
[ECHO_OK] {"src":"n1","dest":"c11","body":{"type":"echo_ok","echo":"Please echo 98","msg_id":0,"in_reply_to":8}}
[INBOUND]{"id":104,"src":"c11","dest":"n1","body":{"echo":"Please echo 108","type":"echo","msg_id":9}}
Current callback ids: []
[ECHO_OK] {"src":"n1","dest":"c11","body":{"type":"echo_ok","echo":"Please echo 108","msg_id":0,"in_reply_to":9}}
[INBOUND]{"id":110,"src":"c11","dest":"n1","body":{"echo":"Please echo 35","type":"echo","msg_id":10}}
Current callback ids: []
[ECHO_OK] {"src":"n1","dest":"c11","body":{"type":"echo_ok","echo":"Please echo 35","msg_id":0,"in_reply_to":10}}
[INBOUND]{"id":120,"src":"c11","dest":"n1","body":{"echo":"Please echo 54","type":"echo","msg_id":11}}
Current callback ids: []
[ECHO_OK] {"src":"n1","dest":"c11","body":{"type":"echo_ok","echo":"Please echo 54","msg_id":0,"in_reply_to":11}}
[INBOUND]{"id":140,"src":"c11","dest":"n1","body":{"echo":"Please echo 37","type":"echo","msg_id":12}}
Current callback ids: []
[ECHO_OK] {"src":"n1","dest":"c11","body":{"type":"echo_ok","echo":"Please echo 37","msg_id":0,"in_reply_to":12}}
[INBOUND]{"id":150,"src":"c11","dest":"n1","body":{"echo":"Please echo 45","type":"echo","msg_id":13}}
Current callback ids: []
[ECHO_OK] {"src":"n1","dest":"c11","body":{"type":"echo_ok","echo":"Please echo 45","msg_id":0,"in_reply_to":13}}
[INBOUND]{"id":172,"src":"c11","dest":"n1","body":{"echo":"Please echo 117","type":"echo","msg_id":14}}
Current callback ids: []
[ECHO_OK] {"src":"n1","dest":"c11","body":{"type":"echo_ok","echo":"Please echo 117","msg_id":0,"in_reply_to":14}}
[INBOUND]{"id":180,"src":"c11","dest":"n1","body":{"echo":"Please echo 109","type":"echo","msg_id":15}}
Current callback ids: []
[ECHO_OK] {"src":"n1","dest":"c11","body":{"type":"echo_ok","echo":"Please echo 109","msg_id":0,"in_reply_to":15}}
[INBOUND]{"id":192,"src":"c11","dest":"n1","body":{"echo":"Please echo 19","type":"echo","msg_id":16}}
Current callback ids: []
[ECHO_OK] {"src":"n1","dest":"c11","body":{"type":"echo_ok","echo":"Please echo 19","msg_id":0,"in_reply_to":16}}
[INBOUND]{"id":197,"src":"c11","dest":"n1","body":{"echo":"Please echo 75","type":"echo","msg_id":17}}
Current callback ids: []
[ECHO_OK] {"src":"n1","dest":"c11","body":{"type":"echo_ok","echo":"Please echo 75","msg_id":0,"in_reply_to":17}}
[INBOUND]{"id":204,"src":"c11","dest":"n1","body":{"echo":"Please echo 88","type":"echo","msg_id":18}}
Current callback ids: []
[ECHO_OK] {"src":"n1","dest":"c11","body":{"type":"echo_ok","echo":"Please echo 88","msg_id":0,"in_reply_to":18}}
[INBOUND]{"id":206,"src":"c11","dest":"n1","body":{"echo":"Please echo 3","type":"echo","msg_id":19}}
Current callback ids: []
[ECHO_OK] {"src":"n1","dest":"c11","body":{"type":"echo_ok","echo":"Please echo 3","msg_id":0,"in_reply_to":19}}
[INBOUND]{"id":218,"src":"c11","dest":"n1","body":{"echo":"Please echo 24","type":"echo","msg_id":20}}
Current callback ids: []
[ECHO_OK] {"src":"n1","dest":"c11","body":{"type":"echo_ok","echo":"Please echo 24","msg_id":0,"in_reply_to":20}}
[INBOUND]{"id":222,"src":"c11","dest":"n1","body":{"echo":"Please echo 73","type":"echo","msg_id":21}}
Current callback ids: []
[ECHO_OK] {"src":"n1","dest":"c11","body":{"type":"echo_ok","echo":"Please echo 73","msg_id":0,"in_reply_to":21}}
[INBOUND]{"id":278,"src":"c11","dest":"n1","body":{"echo":"Please echo 122","type":"echo","msg_id":22}}
Current callback ids: []
[ECHO_OK] {"src":"n1","dest":"c11","body":{"type":"echo_ok","echo":"Please echo 122","msg_id":0,"in_reply_to":22}}
[INBOUND]{"id":316,"src":"c11","dest":"n1","body":{"echo":"Please echo 62","type":"echo","msg_id":23}}
Current callback ids: []
[ECHO_OK] {"src":"n1","dest":"c11","body":{"type":"echo_ok","echo":"Please echo 62","msg_id":0,"in_reply_to":23}}
[INBOUND]{"id":326,"src":"c11","dest":"n1","body":{"echo":"Please echo 30","type":"echo","msg_id":24}}
Current callback ids: []
[ECHO_OK] {"src":"n1","dest":"c11","body":{"type":"echo_ok","echo":"Please echo 30","msg_id":0,"in_reply_to":24}}
[INBOUND]{"id":328,"src":"c11","dest":"n1","body":{"echo":"Please echo 99","type":"echo","msg_id":25}}
Current callback ids: []
[ECHO_OK] {"src":"n1","dest":"c11","body":{"type":"echo_ok","echo":"Please echo 99","msg_id":0,"in_reply_to":25}}
[INBOUND]{"id":334,"src":"c11","dest":"n1","body":{"echo":"Please echo 22","type":"echo","msg_id":26}}
Current callback ids: []
[ECHO_OK] {"src":"n1","dest":"c11","body":{"type":"echo_ok","echo":"Please echo 22","msg_id":0,"in_reply_to":26}}
[INBOUND]{"id":358,"src":"c11","dest":"n1","body":{"echo":"Please echo 49","type":"echo","msg_id":27}}
Current callback ids: []
[ECHO_OK] {"src":"n1","dest":"c11","body":{"type":"echo_ok","echo":"Please echo 49","msg_id":0,"in_reply_to":27}}
[INBOUND]{"id":386,"src":"c11","dest":"n1","body":{"echo":"Please echo 25","type":"echo","msg_id":28}}
Current callback ids: []
[ECHO_OK] {"src":"n1","dest":"c11","body":{"type":"echo_ok","echo":"Please echo 25","msg_id":0,"in_reply_to":28}}
[INBOUND]{"id":390,"src":"c11","dest":"n1","body":{"echo":"Please echo 104","type":"echo","msg_id":29}}
Current callback ids: []
[ECHO_OK] {"src":"n1","dest":"c11","body":{"type":"echo_ok","echo":"Please echo 104","msg_id":0,"in_reply_to":29}}
[INBOUND]{"id":392,"src":"c11","dest":"n1","body":{"echo":"Please echo 24","type":"echo","msg_id":30}}
Current callback ids: []
[ECHO_OK] {"src":"n1","dest":"c11","body":{"type":"echo_ok","echo":"Please echo 24","msg_id":0,"in_reply_to":30}}
[INBOUND]{"id":396,"src":"c11","dest":"n1","body":{"echo":"Please echo 119","type":"echo","msg_id":31}}
Current callback ids: []
[ECHO_OK] {"src":"n1","dest":"c11","body":{"type":"echo_ok","echo":"Please echo 119","msg_id":0,"in_reply_to":31}}
