[INBOUND]{"id":1,"src":"c0","dest":"n2","body":{"type":"init","node_id":"n2","node_ids":["n1","n2","n3","n4","n5"],"msg_id":1}}
Current callback ids: []
[INIT_OK] {"src":"n2","dest":"c0","body":{"type":"init_ok","in_reply_to":1,"msg_id":0}}
[INBOUND]{"id":10,"src":"c10","dest":"n2","body":{"echo":"Please echo 8","type":"echo","msg_id":1}}
Current callback ids: []
[ECHO_OK] {"src":"n2","dest":"c10","body":{"type":"echo_ok","echo":"Please echo 8","msg_id":0,"in_reply_to":1}}
[INBOUND]{"id":12,"src":"c10","dest":"n2","body":{"echo":"Please echo 98","type":"echo","msg_id":2}}
Current callback ids: []
[ECHO_OK] {"src":"n2","dest":"c10","body":{"type":"echo_ok","echo":"Please echo 98","msg_id":0,"in_reply_to":2}}
[INBOUND]{"id":20,"src":"c10","dest":"n2","body":{"echo":"Please echo 23","type":"echo","msg_id":3}}
Current callback ids: []
[ECHO_OK] {"src":"n2","dest":"c10","body":{"type":"echo_ok","echo":"Please echo 23","msg_id":0,"in_reply_to":3}}
[INBOUND]{"id":28,"src":"c10","dest":"n2","body":{"echo":"Please echo 7","type":"echo","msg_id":4}}
Current callback ids: []
[ECHO_OK] {"src":"n2","dest":"c10","body":{"type":"echo_ok","echo":"Please echo 7","msg_id":0,"in_reply_to":4}}
[INBOUND]{"id":34,"src":"c10","dest":"n2","body":{"echo":"Please echo 1","type":"echo","msg_id":5}}
Current callback ids: []
[ECHO_OK] {"src":"n2","dest":"c10","body":{"type":"echo_ok","echo":"Please echo 1","msg_id":0,"in_reply_to":5}}
[INBOUND]{"id":38,"src":"c10","dest":"n2","body":{"echo":"Please echo 61","type":"echo","msg_id":6}}
Current callback ids: []
[ECHO_OK] {"src":"n2","dest":"c10","body":{"type":"echo_ok","echo":"Please echo 61","msg_id":0,"in_reply_to":6}}
[INBOUND]{"id":42,"src":"c10","dest":"n2","body":{"echo":"Please echo 43","type":"echo","msg_id":7}}
Current callback ids: []
[ECHO_OK] {"src":"n2","dest":"c10","body":{"type":"echo_ok","echo":"Please echo 43","msg_id":0,"in_reply_to":7}}
[INBOUND]{"id":44,"src":"c10","dest":"n2","body":{"echo":"Please echo 77","type":"echo","msg_id":8}}
Current callback ids: []
[ECHO_OK] {"src":"n2","dest":"c10","body":{"type":"echo_ok","echo":"Please echo 77","msg_id":0,"in_reply_to":8}}
[INBOUND]{"id":48,"src":"c10","dest":"n2","body":{"echo":"Please echo 31","type":"echo","msg_id":9}}
Current callback ids: []
[ECHO_OK] {"src":"n2","dest":"c10","body":{"type":"echo_ok","echo":"Please echo 31","msg_id":0,"in_reply_to":9}}
[INBOUND]{"id":56,"src":"c10","dest":"n2","body":{"echo":"Please echo 118","type":"echo","msg_id":10}}
Current callback ids: []
[ECHO_OK] {"src":"n2","dest":"c10","body":{"type":"echo_ok","echo":"Please echo 118","msg_id":0,"in_reply_to":10}}
[INBOUND]{"id":72,"src":"c10","dest":"n2","body":{"echo":"Please echo 75","type":"echo","msg_id":11}}
Current callback ids: []
[ECHO_OK] {"src":"n2","dest":"c10","body":{"type":"echo_ok","echo":"Please echo 75","msg_id":0,"in_reply_to":11}}
[INBOUND]{"id":94,"src":"c10","dest":"n2","body":{"echo":"Please echo 90","type":"echo","msg_id":12}}
Current callback ids: []
[ECHO_OK] {"src":"n2","dest":"c10","body":{"type":"echo_ok","echo":"Please echo 90","msg_id":0,"in_reply_to":12}}
[INBOUND]{"id":122,"src":"c10","dest":"n2","body":{"echo":"Please echo 52","type":"echo","msg_id":13}}
Current callback ids: []
[ECHO_OK] {"src":"n2","dest":"c10","body":{"type":"echo_ok","echo":"Please echo 52","msg_id":0,"in_reply_to":13}}
[INBOUND]{"id":126,"src":"c10","dest":"n2","body":{"echo":"Please echo 19","type":"echo","msg_id":14}}
Current callback ids: []
[ECHO_OK] {"src":"n2","dest":"c10","body":{"type":"echo_ok","echo":"Please echo 19","msg_id":0,"in_reply_to":14}}
[INBOUND]{"id":134,"src":"c10","dest":"n2","body":{"echo":"Please echo 18","type":"echo","msg_id":15}}
Current callback ids: []
[ECHO_OK] {"src":"n2","dest":"c10","body":{"type":"echo_ok","echo":"Please echo 18","msg_id":0,"in_reply_to":15}}
[INBOUND]{"id":136,"src":"c10","dest":"n2","body":{"echo":"Please echo 114","type":"echo","msg_id":16}}
Current callback ids: []
[ECHO_OK] {"src":"n2","dest":"c10","body":{"type":"echo_ok","echo":"Please echo 114","msg_id":0,"in_reply_to":16}}
[INBOUND]{"id":160,"src":"c10","dest":"n2","body":{"echo":"Please echo 91","type":"echo","msg_id":17}}
Current callback ids: []
[ECHO_OK] {"src":"n2","dest":"c10","body":{"type":"echo_ok","echo":"Please echo 91","msg_id":0,"in_reply_to":17}}
[INBOUND]{"id":166,"src":"c10","dest":"n2","body":{"echo":"Please echo 24","type":"echo","msg_id":18}}
Current callback ids: []
[ECHO_OK] {"src":"n2","dest":"c10","body":{"type":"echo_ok","echo":"Please echo 24","msg_id":0,"in_reply_to":18}}
[INBOUND]{"id":176,"src":"c10","dest":"n2","body":{"echo":"Please echo 0","type":"echo","msg_id":19}}
Current callback ids: []
[ECHO_OK] {"src":"n2","dest":"c10","body":{"type":"echo_ok","echo":"Please echo 0","msg_id":0,"in_reply_to":19}}
[INBOUND]{"id":187,"src":"c10","dest":"n2","body":{"echo":"Please echo 24","type":"echo","msg_id":20}}
Current callback ids: []
[ECHO_OK] {"src":"n2","dest":"c10","body":{"type":"echo_ok","echo":"Please echo 24","msg_id":0,"in_reply_to":20}}
[INBOUND]{"id":210,"src":"c10","dest":"n2","body":{"echo":"Please echo 86","type":"echo","msg_id":21}}
Current callback ids: []
[ECHO_OK] {"src":"n2","dest":"c10","body":{"type":"echo_ok","echo":"Please echo 86","msg_id":0,"in_reply_to":21}}
[INBOUND]{"id":238,"src":"c10","dest":"n2","body":{"echo":"Please echo 47","type":"echo","msg_id":22}}
Current callback ids: []
[ECHO_OK] {"src":"n2","dest":"c10","body":{"type":"echo_ok","echo":"Please echo 47","msg_id":0,"in_reply_to":22}}
[INBOUND]{"id":242,"src":"c10","dest":"n2","body":{"echo":"Please echo 21","type":"echo","msg_id":23}}
Current callback ids: []
[ECHO_OK] {"src":"n2","dest":"c10","body":{"type":"echo_ok","echo":"Please echo 21","msg_id":0,"in_reply_to":23}}
[INBOUND]{"id":248,"src":"c10","dest":"n2","body":{"echo":"Please echo 118","type":"echo","msg_id":24}}
Current callback ids: []
[ECHO_OK] {"src":"n2","dest":"c10","body":{"type":"echo_ok","echo":"Please echo 118","msg_id":0,"in_reply_to":24}}
[INBOUND]{"id":254,"src":"c10","dest":"n2","body":{"echo":"Please echo 32","type":"echo","msg_id":25}}
Current callback ids: []
[ECHO_OK] {"src":"n2","dest":"c10","body":{"type":"echo_ok","echo":"Please echo 32","msg_id":0,"in_reply_to":25}}
[INBOUND]{"id":256,"src":"c10","dest":"n2","body":{"echo":"Please echo 126","type":"echo","msg_id":26}}
Current callback ids: []
[ECHO_OK] {"src":"n2","dest":"c10","body":{"type":"echo_ok","echo":"Please echo 126","msg_id":0,"in_reply_to":26}}
[INBOUND]{"id":266,"src":"c10","dest":"n2","body":{"echo":"Please echo 64","type":"echo","msg_id":27}}
Current callback ids: []
[ECHO_OK] {"src":"n2","dest":"c10","body":{"type":"echo_ok","echo":"Please echo 64","msg_id":0,"in_reply_to":27}}
[INBOUND]{"id":268,"src":"c10","dest":"n2","body":{"echo":"Please echo 107","type":"echo","msg_id":28}}
Current callback ids: []
[ECHO_OK] {"src":"n2","dest":"c10","body":{"type":"echo_ok","echo":"Please echo 107","msg_id":0,"in_reply_to":28}}
[INBOUND]{"id":270,"src":"c10","dest":"n2","body":{"echo":"Please echo 75","type":"echo","msg_id":29}}
Current callback ids: []
[ECHO_OK] {"src":"n2","dest":"c10","body":{"type":"echo_ok","echo":"Please echo 75","msg_id":0,"in_reply_to":29}}
[INBOUND]{"id":282,"src":"c10","dest":"n2","body":{"echo":"Please echo 123","type":"echo","msg_id":30}}
Current callback ids: []
[ECHO_OK] {"src":"n2","dest":"c10","body":{"type":"echo_ok","echo":"Please echo 123","msg_id":0,"in_reply_to":30}}
[INBOUND]{"id":284,"src":"c10","dest":"n2","body":{"echo":"Please echo 11","type":"echo","msg_id":31}}
Current callback ids: []
[ECHO_OK] {"src":"n2","dest":"c10","body":{"type":"echo_ok","echo":"Please echo 11","msg_id":0,"in_reply_to":31}}
[INBOUND]{"id":288,"src":"c10","dest":"n2","body":{"echo":"Please echo 68","type":"echo","msg_id":32}}
Current callback ids: []
[ECHO_OK] {"src":"n2","dest":"c10","body":{"type":"echo_ok","echo":"Please echo 68","msg_id":0,"in_reply_to":32}}
[INBOUND]{"id":296,"src":"c10","dest":"n2","body":{"echo":"Please echo 79","type":"echo","msg_id":33}}
Current callback ids: []
[ECHO_OK] {"src":"n2","dest":"c10","body":{"type":"echo_ok","echo":"Please echo 79","msg_id":0,"in_reply_to":33}}
[INBOUND]{"id":306,"src":"c10","dest":"n2","body":{"echo":"Please echo 20","type":"echo","msg_id":34}}
Current callback ids: []
[ECHO_OK] {"src":"n2","dest":"c10","body":{"type":"echo_ok","echo":"Please echo 20","msg_id":0,"in_reply_to":34}}
[INBOUND]{"id":308,"src":"c10","dest":"n2","body":{"echo":"Please echo 49","type":"echo","msg_id":35}}
Current callback ids: []
[ECHO_OK] {"src":"n2","dest":"c10","body":{"type":"echo_ok","echo":"Please echo 49","msg_id":0,"in_reply_to":35}}
[INBOUND]{"id":314,"src":"c10","dest":"n2","body":{"echo":"Please echo 85","type":"echo","msg_id":36}}
Current callback ids: []
[ECHO_OK] {"src":"n2","dest":"c10","body":{"type":"echo_ok","echo":"Please echo 85","msg_id":0,"in_reply_to":36}}
[INBOUND]{"id":318,"src":"c10","dest":"n2","body":{"echo":"Please echo 40","type":"echo","msg_id":37}}
Current callback ids: []
[ECHO_OK] {"src":"n2","dest":"c10","body":{"type":"echo_ok","echo":"Please echo 40","msg_id":0,"in_reply_to":37}}
[INBOUND]{"id":322,"src":"c10","dest":"n2","body":{"echo":"Please echo 24","type":"echo","msg_id":38}}
Current callback ids: []
[ECHO_OK] {"src":"n2","dest":"c10","body":{"type":"echo_ok","echo":"Please echo 24","msg_id":0,"in_reply_to":38}}
[INBOUND]{"id":330,"src":"c10","dest":"n2","body":{"echo":"Please echo 90","type":"echo","msg_id":39}}
Current callback ids: []
[ECHO_OK] {"src":"n2","dest":"c10","body":{"type":"echo_ok","echo":"Please echo 90","msg_id":0,"in_reply_to":39}}
[INBOUND]{"id":332,"src":"c10","dest":"n2","body":{"echo":"Please echo 84","type":"echo","msg_id":40}}
Current callback ids: []
[ECHO_OK] {"src":"n2","dest":"c10","body":{"type":"echo_ok","echo":"Please echo 84","msg_id":0,"in_reply_to":40}}
[INBOUND]{"id":380,"src":"c10","dest":"n2","body":{"echo":"Please echo 125","type":"echo","msg_id":41}}
Current callback ids: []
[ECHO_OK] {"src":"n2","dest":"c10","body":{"type":"echo_ok","echo":"Please echo 125","msg_id":0,"in_reply_to":41}}
[INBOUND]{"id":384,"src":"c10","dest":"n2","body":{"echo":"Please echo 74","type":"echo","msg_id":42}}
Current callback ids: []
[ECHO_OK] {"src":"n2","dest":"c10","body":{"type":"echo_ok","echo":"Please echo 74","msg_id":0,"in_reply_to":42}}
[INBOUND]{"id":394,"src":"c10","dest":"n2","body":{"echo":"Please echo 96","type":"echo","msg_id":43}}
Current callback ids: []
[ECHO_OK] {"src":"n2","dest":"c10","body":{"type":"echo_ok","echo":"Please echo 96","msg_id":0,"in_reply_to":43}}
[INBOUND]{"id":402,"src":"c10","dest":"n2","body":{"echo":"Please echo 72","type":"echo","msg_id":44}}
Current callback ids: []
[ECHO_OK] {"src":"n2","dest":"c10","body":{"type":"echo_ok","echo":"Please echo 72","msg_id":0,"in_reply_to":44}}
