[INBOUND]{"id":2,"src":"c2","dest":"n3","body":{"type":"init","node_id":"n3","node_ids":["n1","n2","n3","n4","n5"],"msg_id":1}}
Current callback ids: []
[INIT_OK] {"src":"n3","dest":"c2","body":{"type":"init_ok","in_reply_to":1,"msg_id":0}}
[INBOUND]{"id":16,"src":"c12","dest":"n3","body":{"echo":"Please echo 52","type":"echo","msg_id":1}}
Current callback ids: []
[ECHO_OK] {"src":"n3","dest":"c12","body":{"type":"echo_ok","echo":"Please echo 52","msg_id":0,"in_reply_to":1}}
[INBOUND]{"id":22,"src":"c12","dest":"n3","body":{"echo":"Please echo 3","type":"echo","msg_id":2}}
Current callback ids: []
[ECHO_OK] {"src":"n3","dest":"c12","body":{"type":"echo_ok","echo":"Please echo 3","msg_id":0,"in_reply_to":2}}
[INBOUND]{"id":24,"src":"c12","dest":"n3","body":{"echo":"Please echo 96","type":"echo","msg_id":3}}
Current callback ids: []
[ECHO_OK] {"src":"n3","dest":"c12","body":{"type":"echo_ok","echo":"Please echo 96","msg_id":0,"in_reply_to":3}}
[INBOUND]{"id":32,"src":"c12","dest":"n3","body":{"echo":"Please echo 98","type":"echo","msg_id":4}}
Current callback ids: []
[ECHO_OK] {"src":"n3","dest":"c12","body":{"type":"echo_ok","echo":"Please echo 98","msg_id":0,"in_reply_to":4}}
[INBOUND]{"id":36,"src":"c12","dest":"n3","body":{"echo":"Please echo 110","type":"echo","msg_id":5}}
Current callback ids: []
[ECHO_OK] {"src":"n3","dest":"c12","body":{"type":"echo_ok","echo":"Please echo 110","msg_id":0,"in_reply_to":5}}
[INBOUND]{"id":40,"src":"c12","dest":"n3","body":{"echo":"Please echo 12","type":"echo","msg_id":6}}
Current callback ids: []
[ECHO_OK] {"src":"n3","dest":"c12","body":{"type":"echo_ok","echo":"Please echo 12","msg_id":0,"in_reply_to":6}}
[INBOUND]{"id":50,"src":"c12","dest":"n3","body":{"echo":"Please echo 89","type":"echo","msg_id":7}}
Current callback ids: []
[ECHO_OK] {"src":"n3","dest":"c12","body":{"type":"echo_ok","echo":"Please echo 89","msg_id":0,"in_reply_to":7}}
[INBOUND]{"id":64,"src":"c12","dest":"n3","body":{"echo":"Please echo 18","type":"echo","msg_id":8}}
Current callback ids: []
[ECHO_OK] {"src":"n3","dest":"c12","body":{"type":"echo_ok","echo":"Please echo 18","msg_id":0,"in_reply_to":8}}
[INBOUND]{"id":70,"src":"c12","dest":"n3","body":{"echo":"Please echo 49","type":"echo","msg_id":9}}
Current callback ids: []
[ECHO_OK] {"src":"n3","dest":"c12","body":{"type":"echo_ok","echo":"Please echo 49","msg_id":0,"in_reply_to":9}}
[INBOUND]{"id":92,"src":"c12","dest":"n3","body":{"echo":"Please echo 46","type":"echo","msg_id":10}}
Current callback ids: []
[ECHO_OK] {"src":"n3","dest":"c12","body":{"type":"echo_ok","echo":"Please echo 46","msg_id":0,"in_reply_to":10}}
[INBOUND]{"id":102,"src":"c12","dest":"n3","body":{"echo":"Please echo 20","type":"echo","msg_id":11}}
Current callback ids: []
[ECHO_OK] {"src":"n3","dest":"c12","body":{"type":"echo_ok","echo":"Please echo 20","msg_id":0,"in_reply_to":11}}
[INBOUND]{"id":112,"src":"c12","dest":"n3","body":{"echo":"Please echo 116","type":"echo","msg_id":12}}
Current callback ids: []
[ECHO_OK] {"src":"n3","dest":"c12","body":{"type":"echo_ok","echo":"Please echo 116","msg_id":0,"in_reply_to":12}}
[INBOUND]{"id":114,"src":"c12","dest":"n3","body":{"echo":"Please echo 18","type":"echo","msg_id":13}}
Current callback ids: []
[ECHO_OK] {"src":"n3","dest":"c12","body":{"type":"echo_ok","echo":"Please echo 18","msg_id":0,"in_reply_to":13}}
[INBOUND]{"id":118,"src":"c12","dest":"n3","body":{"echo":"Please echo 82","type":"echo","msg_id":14}}
Current callback ids: []
[ECHO_OK] {"src":"n3","dest":"c12","body":{"type":"echo_ok","echo":"Please echo 82","msg_id":0,"in_reply_to":14}}
[INBOUND]{"id":130,"src":"c12","dest":"n3","body":{"echo":"Please echo 72","type":"echo","msg_id":15}}
Current callback ids: []
[ECHO_OK] {"src":"n3","dest":"c12","body":{"type":"echo_ok","echo":"Please echo 72","msg_id":0,"in_reply_to":15}}
[INBOUND]{"id":144,"src":"c12","dest":"n3","body":{"echo":"Please echo 72","type":"echo","msg_id":16}}
Current callback ids: []
[ECHO_OK] {"src":"n3","dest":"c12","body":{"type":"echo_ok","echo":"Please echo 72","msg_id":0,"in_reply_to":16}}
[INBOUND]{"id":148,"src":"c12","dest":"n3","body":{"echo":"Please echo 18","type":"echo","msg_id":17}}
Current callback ids: []
[ECHO_OK] {"src":"n3","dest":"c12","body":{"type":"echo_ok","echo":"Please echo 18","msg_id":0,"in_reply_to":17}}
[INBOUND]{"id":156,"src":"c12","dest":"n3","body":{"echo":"Please echo 48","type":"echo","msg_id":18}}
Current callback ids: []
[ECHO_OK] {"src":"n3","dest":"c12","body":{"type":"echo_ok","echo":"Please echo 48","msg_id":0,"in_reply_to":18}}
[INBOUND]{"id":158,"src":"c12","dest":"n3","body":{"echo":"Please echo 103","type":"echo","msg_id":19}}
Current callback ids: []
[ECHO_OK] {"src":"n3","dest":"c12","body":{"type":"echo_ok","echo":"Please echo 103","msg_id":0,"in_reply_to":19}}
[INBOUND]{"id":168,"src":"c12","dest":"n3","body":{"echo":"Please echo 47","type":"echo","msg_id":20}}
Current callback ids: []
[ECHO_OK] {"src":"n3","dest":"c12","body":{"type":"echo_ok","echo":"Please echo 47","msg_id":0,"in_reply_to":20}}
[INBOUND]{"id":170,"src":"c12","dest":"n3","body":{"echo":"Please echo 65","type":"echo","msg_id":21}}
Current callback ids: []
[ECHO_OK] {"src":"n3","dest":"c12","body":{"type":"echo_ok","echo":"Please echo 65","msg_id":0,"in_reply_to":21}}
[INBOUND]{"id":208,"src":"c12","dest":"n3","body":{"echo":"Please echo 33","type":"echo","msg_id":22}}
Current callback ids: []
[ECHO_OK] {"src":"n3","dest":"c12","body":{"type":"echo_ok","echo":"Please echo 33","msg_id":0,"in_reply_to":22}}
[INBOUND]{"id":230,"src":"c12","dest":"n3","body":{"echo":"Please echo 42","type":"echo","msg_id":23}}
Current callback ids: []
[ECHO_OK] {"src":"n3","dest":"c12","body":{"type":"echo_ok","echo":"Please echo 42","msg_id":0,"in_reply_to":23}}
[INBOUND]{"id":236,"src":"c12","dest":"n3","body":{"echo":"Please echo 126","type":"echo","msg_id":24}}
Current callback ids: []
[ECHO_OK] {"src":"n3","dest":"c12","body":{"type":"echo_ok","echo":"Please echo 126","msg_id":0,"in_reply_to":24}}
[INBOUND]{"id":244,"src":"c12","dest":"n3","body":{"echo":"Please echo 40","type":"echo","msg_id":25}}
Current callback ids: []
[ECHO_OK] {"src":"n3","dest":"c12","body":{"type":"echo_ok","echo":"Please echo 40","msg_id":0,"in_reply_to":25}}
[INBOUND]{"id":250,"src":"c12","dest":"n3","body":{"echo":"Please echo 123","type":"echo","msg_id":26}}
Current callback ids: []
[ECHO_OK] {"src":"n3","dest":"c12","body":{"type":"echo_ok","echo":"Please echo 123","msg_id":0,"in_reply_to":26}}
[INBOUND]{"id":252,"src":"c12","dest":"n3","body":{"echo":"Please echo 102","type":"echo","msg_id":27}}
Current callback ids: []
[ECHO_OK] {"src":"n3","dest":"c12","body":{"type":"echo_ok","echo":"Please echo 102","msg_id":0,"in_reply_to":27}}
[INBOUND]{"id":272,"src":"c12","dest":"n3","body":{"echo":"Please echo 92","type":"echo","msg_id":28}}
Current callback ids: []
[ECHO_OK] {"src":"n3","dest":"c12","body":{"type":"echo_ok","echo":"Please echo 92","msg_id":0,"in_reply_to":28}}
[INBOUND]{"id":276,"src":"c12","dest":"n3","body":{"echo":"Please echo 65","type":"echo","msg_id":29}}
Current callback ids: []
[ECHO_OK] {"src":"n3","dest":"c12","body":{"type":"echo_ok","echo":"Please echo 65","msg_id":0,"in_reply_to":29}}
[INBOUND]{"id":290,"src":"c12","dest":"n3","body":{"echo":"Please echo 67","type":"echo","msg_id":30}}
Current callback ids: []
[ECHO_OK] {"src":"n3","dest":"c12","body":{"type":"echo_ok","echo":"Please echo 67","msg_id":0,"in_reply_to":30}}
[INBOUND]{"id":292,"src":"c12","dest":"n3","body":{"echo":"Please echo 71","type":"echo","msg_id":31}}
Current callback ids: []
[ECHO_OK] {"src":"n3","dest":"c12","body":{"type":"echo_ok","echo":"Please echo 71","msg_id":0,"in_reply_to":31}}
[INBOUND]{"id":294,"src":"c12","dest":"n3","body":{"echo":"Please echo 95","type":"echo","msg_id":32}}
Current callback ids: []
[ECHO_OK] {"src":"n3","dest":"c12","body":{"type":"echo_ok","echo":"Please echo 95","msg_id":0,"in_reply_to":32}}
[INBOUND]{"id":298,"src":"c12","dest":"n3","body":{"echo":"Please echo 19","type":"echo","msg_id":33}}
Current callback ids: []
[ECHO_OK] {"src":"n3","dest":"c12","body":{"type":"echo_ok","echo":"Please echo 19","msg_id":0,"in_reply_to":33}}
[INBOUND]{"id":300,"src":"c12","dest":"n3","body":{"echo":"Please echo 83","type":"echo","msg_id":34}}
Current callback ids: []
[ECHO_OK] {"src":"n3","dest":"c12","body":{"type":"echo_ok","echo":"Please echo 83","msg_id":0,"in_reply_to":34}}
[INBOUND]{"id":312,"src":"c12","dest":"n3","body":{"echo":"Please echo 117","type":"echo","msg_id":35}}
Current callback ids: []
[ECHO_OK] {"src":"n3","dest":"c12","body":{"type":"echo_ok","echo":"Please echo 117","msg_id":0,"in_reply_to":35}}
[INBOUND]{"id":320,"src":"c12","dest":"n3","body":{"echo":"Please echo 40","type":"echo","msg_id":36}}
Current callback ids: []
[ECHO_OK] {"src":"n3","dest":"c12","body":{"type":"echo_ok","echo":"Please echo 40","msg_id":0,"in_reply_to":36}}
[INBOUND]{"id":338,"src":"c12","dest":"n3","body":{"echo":"Please echo 98","type":"echo","msg_id":37}}
Current callback ids: []
[ECHO_OK] {"src":"n3","dest":"c12","body":{"type":"echo_ok","echo":"Please echo 98","msg_id":0,"in_reply_to":37}}
[INBOUND]{"id":350,"src":"c12","dest":"n3","body":{"echo":"Please echo 96","type":"echo","msg_id":38}}
Current callback ids: []
[ECHO_OK] {"src":"n3","dest":"c12","body":{"type":"echo_ok","echo":"Please echo 96","msg_id":0,"in_reply_to":38}}
[INBOUND]{"id":352,"src":"c12","dest":"n3","body":{"echo":"Please echo 78","type":"echo","msg_id":39}}
Current callback ids: []
[ECHO_OK] {"src":"n3","dest":"c12","body":{"type":"echo_ok","echo":"Please echo 78","msg_id":0,"in_reply_to":39}}
[INBOUND]{"id":354,"src":"c12","dest":"n3","body":{"echo":"Please echo 6","type":"echo","msg_id":40}}
Current callback ids: []
[ECHO_OK] {"src":"n3","dest":"c12","body":{"type":"echo_ok","echo":"Please echo 6","msg_id":0,"in_reply_to":40}}
[INBOUND]{"id":360,"src":"c12","dest":"n3","body":{"echo":"Please echo 20","type":"echo","msg_id":41}}
Current callback ids: []
[ECHO_OK] {"src":"n3","dest":"c12","body":{"type":"echo_ok","echo":"Please echo 20","msg_id":0,"in_reply_to":41}}
[INBOUND]{"id":364,"src":"c12","dest":"n3","body":{"echo":"Please echo 44","type":"echo","msg_id":42}}
Current callback ids: []
[ECHO_OK] {"src":"n3","dest":"c12","body":{"type":"echo_ok","echo":"Please echo 44","msg_id":0,"in_reply_to":42}}
[INBOUND]{"id":376,"src":"c12","dest":"n3","body":{"echo":"Please echo 95","type":"echo","msg_id":43}}
Current callback ids: []
[ECHO_OK] {"src":"n3","dest":"c12","body":{"type":"echo_ok","echo":"Please echo 95","msg_id":0,"in_reply_to":43}}
[INBOUND]{"id":382,"src":"c12","dest":"n3","body":{"echo":"Please echo 62","type":"echo","msg_id":44}}
Current callback ids: []
[ECHO_OK] {"src":"n3","dest":"c12","body":{"type":"echo_ok","echo":"Please echo 62","msg_id":0,"in_reply_to":44}}
[INBOUND]{"id":398,"src":"c12","dest":"n3","body":{"echo":"Please echo 107","type":"echo","msg_id":45}}
Current callback ids: []
[ECHO_OK] {"src":"n3","dest":"c12","body":{"type":"echo_ok","echo":"Please echo 107","msg_id":0,"in_reply_to":45}}
