[INBOUND]{"id":0,"src":"c1","dest":"n4","body":{"type":"init","node_id":"n4","node_ids":["n1","n2","n3","n4","n5"],"msg_id":1}}
Current callback ids: []
[INIT_OK] {"src":"n4","dest":"c1","body":{"type":"init_ok","in_reply_to":1,"msg_id":0}}
[INBOUND]{"id":18,"src":"c13","dest":"n4","body":{"echo":"Please echo 54","type":"echo","msg_id":1}}
Current callback ids: []
[ECHO_OK] {"src":"n4","dest":"c13","body":{"type":"echo_ok","echo":"Please echo 54","msg_id":0,"in_reply_to":1}}
[INBOUND]{"id":26,"src":"c13","dest":"n4","body":{"echo":"Please echo 0","type":"echo","msg_id":2}}
Current callback ids: []
[ECHO_OK] {"src":"n4","dest":"c13","body":{"type":"echo_ok","echo":"Please echo 0","msg_id":0,"in_reply_to":2}}
[INBOUND]{"id":46,"src":"c13","dest":"n4","body":{"echo":"Please echo 66","type":"echo","msg_id":3}}
Current callback ids: []
[ECHO_OK] {"src":"n4","dest":"c13","body":{"type":"echo_ok","echo":"Please echo 66","msg_id":0,"in_reply_to":3}}
[INBOUND]{"id":54,"src":"c13","dest":"n4","body":{"echo":"Please echo 43","type":"echo","msg_id":4}}
Current callback ids: []
[ECHO_OK] {"src":"n4","dest":"c13","body":{"type":"echo_ok","echo":"Please echo 43","msg_id":0,"in_reply_to":4}}
[INBOUND]{"id":78,"src":"c13","dest":"n4","body":{"echo":"Please echo 46","type":"echo","msg_id":5}}
Current callback ids: []
[ECHO_OK] {"src":"n4","dest":"c13","body":{"type":"echo_ok","echo":"Please echo 46","msg_id":0,"in_reply_to":5}}
[INBOUND]{"id":80,"src":"c13","dest":"n4","body":{"echo":"Please echo 67","type":"echo","msg_id":6}}
Current callback ids: []
[ECHO_OK] {"src":"n4","dest":"c13","body":{"type":"echo_ok","echo":"Please echo 67","msg_id":0,"in_reply_to":6}}
[INBOUND]{"id":88,"src":"c13","dest":"n4","body":{"echo":"Please echo 88","type":"echo","msg_id":7}}
Current callback ids: []
[ECHO_OK] {"src":"n4","dest":"c13","body":{"type":"echo_ok","echo":"Please echo 88","msg_id":0,"in_reply_to":7}}
[INBOUND]{"id":90,"src":"c13","dest":"n4","body":{"echo":"Please echo 122","type":"echo","msg_id":8}}
Current callback ids: []
[ECHO_OK] {"src":"n4","dest":"c13","body":{"type":"echo_ok","echo":"Please echo 122","msg_id":0,"in_reply_to":8}}
[INBOUND]{"id":106,"src":"c13","dest":"n4","body":{"echo":"Please echo 52","type":"echo","msg_id":9}}
Current callback ids: []
[ECHO_OK] {"src":"n4","dest":"c13","body":{"type":"echo_ok","echo":"Please echo 52","msg_id":0,"in_reply_to":9}}
[INBOUND]{"id":108,"src":"c13","dest":"n4","body":{"echo":"Please echo 74","type":"echo","msg_id":10}}
Current callback ids: []
[ECHO_OK] {"src":"n4","dest":"c13","body":{"type":"echo_ok","echo":"Please echo 74","msg_id":0,"in_reply_to":10}}
[INBOUND]{"id":116,"src":"c13","dest":"n4","body":{"echo":"Please echo 121","type":"echo","msg_id":11}}
Current callback ids: []
[ECHO_OK] {"src":"n4","dest":"c13","body":{"type":"echo_ok","echo":"Please echo 121","msg_id":0,"in_reply_to":11}}
[INBOUND]{"id":152,"src":"c13","dest":"n4","body":{"echo":"Please echo 70","type":"echo","msg_id":12}}
Current callback ids: []
[ECHO_OK] {"src":"n4","dest":"c13","body":{"type":"echo_ok","echo":"Please echo 70","msg_id":0,"in_reply_to":12}}
[INBOUND]{"id":154,"src":"c13","dest":"n4","body":{"echo":"Please echo 81","type":"echo","msg_id":13}}
Current callback ids: []
[ECHO_OK] {"src":"n4","dest":"c13","body":{"type":"echo_ok","echo":"Please echo 81","msg_id":0,"in_reply_to":13}}
[INBOUND]{"id":162,"src":"c13","dest":"n4","body":{"echo":"Please echo 105","type":"echo","msg_id":14}}
Current callback ids: []
[ECHO_OK] {"src":"n4","dest":"c13","body":{"type":"echo_ok","echo":"Please echo 105","msg_id":0,"in_reply_to":14}}
[INBOUND]{"id":164,"src":"c13","dest":"n4","body":{"echo":"Please echo 46","type":"echo","msg_id":15}}
Current callback ids: []
[ECHO_OK] {"src":"n4","dest":"c13","body":{"type":"echo_ok","echo":"Please echo 46","msg_id":0,"in_reply_to":15}}
[INBOUND]{"id":174,"src":"c13","dest":"n4","body":{"echo":"Please echo 86","type":"echo","msg_id":16}}
Current callback ids: []
[ECHO_OK] {"src":"n4","dest":"c13","body":{"type":"echo_ok","echo":"Please echo 86","msg_id":0,"in_reply_to":16}}
[INBOUND]{"id":178,"src":"c13","dest":"n4","body":{"echo":"Please echo 89","type":"echo","msg_id":17}}
Current callback ids: []
[ECHO_OK] {"src":"n4","dest":"c13","body":{"type":"echo_ok","echo":"Please echo 89","msg_id":0,"in_reply_to":17}}
[INBOUND]{"id":190,"src":"c13","dest":"n4","body":{"echo":"Please echo 52","type":"echo","msg_id":18}}
Current callback ids: []
[ECHO_OK] {"src":"n4","dest":"c13","body":{"type":"echo_ok","echo":"Please echo 52","msg_id":0,"in_reply_to":18}}
[INBOUND]{"id":194,"src":"c13","dest":"n4","body":{"echo":"Please echo 19","type":"echo","msg_id":19}}
Current callback ids: []
[ECHO_OK] {"src":"n4","dest":"c13","body":{"type":"echo_ok","echo":"Please echo 19","msg_id":0,"in_reply_to":19}}
[INBOUND]{"id":214,"src":"c13","dest":"n4","body":{"echo":"Please echo 1","type":"echo","msg_id":20}}
Current callback ids: []
[ECHO_OK] {"src":"n4","dest":"c13","body":{"type":"echo_ok","echo":"Please echo 1","msg_id":0,"in_reply_to":20}}
[INBOUND]{"id":224,"src":"c13","dest":"n4","body":{"echo":"Please echo 52","type":"echo","msg_id":21}}
Current callback ids: []
[ECHO_OK] {"src":"n4","dest":"c13","body":{"type":"echo_ok","echo":"Please echo 52","msg_id":0,"in_reply_to":21}}
[INBOUND]{"id":226,"src":"c13","dest":"n4","body":{"echo":"Please echo 56","type":"echo","msg_id":22}}
Current callback ids: []
[ECHO_OK] {"src":"n4","dest":"c13","body":{"type":"echo_ok","echo":"Please echo 56","msg_id":0,"in_reply_to":22}}
[INBOUND]{"id":228,"src":"c13","dest":"n4","body":{"echo":"Please echo 127","type":"echo","msg_id":23}}
Current callback ids: []
[ECHO_OK] {"src":"n4","dest":"c13","body":{"type":"echo_ok","echo":"Please echo 127","msg_id":0,"in_reply_to":23}}
[INBOUND]{"id":232,"src":"c13","dest":"n4","body":{"echo":"Please echo 73","type":"echo","msg_id":24}}
Current callback ids: []
[ECHO_OK] {"src":"n4","dest":"c13","body":{"type":"echo_ok","echo":"Please echo 73","msg_id":0,"in_reply_to":24}}
[INBOUND]{"id":234,"src":"c13","dest":"n4","body":{"echo":"Please echo 29","type":"echo","msg_id":25}}
Current callback ids: []
[ECHO_OK] {"src":"n4","dest":"c13","body":{"type":"echo_ok","echo":"Please echo 29","msg_id":0,"in_reply_to":25}}
[INBOUND]{"id":258,"src":"c13","dest":"n4","body":{"echo":"Please echo 86","type":"echo","msg_id":26}}
Current callback ids: []
[ECHO_OK] {"src":"n4","dest":"c13","body":{"type":"echo_ok","echo":"Please echo 86","msg_id":0,"in_reply_to":26}}
[INBOUND]{"id":260,"src":"c13","dest":"n4","body":{"echo":"Please echo 80","type":"echo","msg_id":27}}
Current callback ids: []
[ECHO_OK] {"src":"n4","dest":"c13","body":{"type":"echo_ok","echo":"Please echo 80","msg_id":0,"in_reply_to":27}}
[INBOUND]{"id":262,"src":"c13","dest":"n4","body":{"echo":"Please echo 77","type":"echo","msg_id":28}}
Current callback ids: []
[ECHO_OK] {"src":"n4","dest":"c13","body":{"type":"echo_ok","echo":"Please echo 77","msg_id":0,"in_reply_to":28}}
[INBOUND]{"id":264,"src":"c13","dest":"n4","body":{"echo":"Please echo 84","type":"echo","msg_id":29}}
Current callback ids: []
[ECHO_OK] {"src":"n4","dest":"c13","body":{"type":"echo_ok","echo":"Please echo 84","msg_id":0,"in_reply_to":29}}
[INBOUND]{"id":274,"src":"c13","dest":"n4","body":{"echo":"Please echo 2","type":"echo","msg_id":30}}
Current callback ids: []
[ECHO_OK] {"src":"n4","dest":"c13","body":{"type":"echo_ok","echo":"Please echo 2","msg_id":0,"in_reply_to":30}}
[INBOUND]{"id":286,"src":"c13","dest":"n4","body":{"echo":"Please echo 3","type":"echo","msg_id":31}}
Current callback ids: []
[ECHO_OK] {"src":"n4","dest":"c13","body":{"type":"echo_ok","echo":"Please echo 3","msg_id":0,"in_reply_to":31}}
[INBOUND]{"id":302,"src":"c13","dest":"n4","body":{"echo":"Please echo 99","type":"echo","msg_id":32}}
Current callback ids: []
[ECHO_OK] {"src":"n4","dest":"c13","body":{"type":"echo_ok","echo":"Please echo 99","msg_id":0,"in_reply_to":32}}
[INBOUND]{"id":324,"src":"c13","dest":"n4","body":{"echo":"Please echo 99","type":"echo","msg_id":33}}
Current callback ids: []
[ECHO_OK] {"src":"n4","dest":"c13","body":{"type":"echo_ok","echo":"Please echo 99","msg_id":0,"in_reply_to":33}}
[INBOUND]{"id":336,"src":"c13","dest":"n4","body":{"echo":"Please echo 95","type":"echo","msg_id":34}}
Current callback ids: []
[ECHO_OK] {"src":"n4","dest":"c13","body":{"type":"echo_ok","echo":"Please echo 95","msg_id":0,"in_reply_to":34}}
[INBOUND]{"id":340,"src":"c13","dest":"n4","body":{"echo":"Please echo 101","type":"echo","msg_id":35}}
Current callback ids: []
[ECHO_OK] {"src":"n4","dest":"c13","body":{"type":"echo_ok","echo":"Please echo 101","msg_id":0,"in_reply_to":35}}
[INBOUND]{"id":342,"src":"c13","dest":"n4","body":{"echo":"Please echo 58","type":"echo","msg_id":36}}
Current callback ids: []
[ECHO_OK] {"src":"n4","dest":"c13","body":{"type":"echo_ok","echo":"Please echo 58","msg_id":0,"in_reply_to":36}}
[INBOUND]{"id":344,"src":"c13","dest":"n4","body":{"echo":"Please echo 97","type":"echo","msg_id":37}}
Current callback ids: []
[ECHO_OK] {"src":"n4","dest":"c13","body":{"type":"echo_ok","echo":"Please echo 97","msg_id":0,"in_reply_to":37}}
[INBOUND]{"id":346,"src":"c13","dest":"n4","body":{"echo":"Please echo 126","type":"echo","msg_id":38}}
Current callback ids: []
[ECHO_OK] {"src":"n4","dest":"c13","body":{"type":"echo_ok","echo":"Please echo 126","msg_id":0,"in_reply_to":38}}
[INBOUND]{"id":362,"src":"c13","dest":"n4","body":{"echo":"Please echo 111","type":"echo","msg_id":39}}
Current callback ids: []
[ECHO_OK] {"src":"n4","dest":"c13","body":{"type":"echo_ok","echo":"Please echo 111","msg_id":0,"in_reply_to":39}}
[INBOUND]{"id":368,"src":"c13","dest":"n4","body":{"echo":"Please echo 125","type":"echo","msg_id":40}}
Current callback ids: []
[ECHO_OK] {"src":"n4","dest":"c13","body":{"type":"echo_ok","echo":"Please echo 125","msg_id":0,"in_reply_to":40}}
[INBOUND]{"id":372,"src":"c13","dest":"n4","body":{"echo":"Please echo 88","type":"echo","msg_id":41}}
Current callback ids: []
[ECHO_OK] {"src":"n4","dest":"c13","body":{"type":"echo_ok","echo":"Please echo 88","msg_id":0,"in_reply_to":41}}
[INBOUND]{"id":374,"src":"c13","dest":"n4","body":{"echo":"Please echo 63","type":"echo","msg_id":42}}
Current callback ids: []
[ECHO_OK] {"src":"n4","dest":"c13","body":{"type":"echo_ok","echo":"Please echo 63","msg_id":0,"in_reply_to":42}}
[INBOUND]{"id":400,"src":"c13","dest":"n4","body":{"echo":"Please echo 81","type":"echo","msg_id":43}}
Current callback ids: []
[ECHO_OK] {"src":"n4","dest":"c13","body":{"type":"echo_ok","echo":"Please echo 81","msg_id":0,"in_reply_to":43}}
