[INBOUND]{"id":4,"src":"c4","dest":"n5","body":{"type":"init","node_id":"n5","node_ids":["n1","n2","n3","n4","n5"],"msg_id":1}}
Current callback ids: []
[INIT_OK] {"src":"n5","dest":"c4","body":{"type":"init_ok","in_reply_to":1,"msg_id":0}}
[INBOUND]{"id":58,"src":"c14","dest":"n5","body":{"echo":"Please echo 123","type":"echo","msg_id":1}}
Current callback ids: []
[ECHO_OK] {"src":"n5","dest":"c14","body":{"type":"echo_ok","echo":"Please echo 123","msg_id":0,"in_reply_to":1}}
[INBOUND]{"id":62,"src":"c14","dest":"n5","body":{"echo":"Please echo 10","type":"echo","msg_id":2}}
Current callback ids: []
[ECHO_OK] {"src":"n5","dest":"c14","body":{"type":"echo_ok","echo":"Please echo 10","msg_id":0,"in_reply_to":2}}
[INBOUND]{"id":68,"src":"c14","dest":"n5","body":{"echo":"Please echo 18","type":"echo","msg_id":3}}
Current callback ids: []
[ECHO_OK] {"src":"n5","dest":"c14","body":{"type":"echo_ok","echo":"Please echo 18","msg_id":0,"in_reply_to":3}}
[INBOUND]{"id":76,"src":"c14","dest":"n5","body":{"echo":"Please echo 82","type":"echo","msg_id":4}}
Current callback ids: []
[ECHO_OK] {"src":"n5","dest":"c14","body":{"type":"echo_ok","echo":"Please echo 82","msg_id":0,"in_reply_to":4}}
[INBOUND]{"id":82,"src":"c14","dest":"n5","body":{"echo":"Please echo 95","type":"echo","msg_id":5}}
Current callback ids: []
[ECHO_OK] {"src":"n5","dest":"c14","body":{"type":"echo_ok","echo":"Please echo 95","msg_id":0,"in_reply_to":5}}
[INBOUND]{"id":96,"src":"c14","dest":"n5","body":{"echo":"Please echo 98","type":"echo","msg_id":6}}
Current callback ids: []
[ECHO_OK] {"src":"n5","dest":"c14","body":{"type":"echo_ok","echo":"Please echo 98","msg_id":0,"in_reply_to":6}}
[INBOUND]{"id":98,"src":"c14","dest":"n5","body":{"echo":"Please echo 1","type":"echo","msg_id":7}}
Current callback ids: []
[ECHO_OK] {"src":"n5","dest":"c14","body":{"type":"echo_ok","echo":"Please echo 1","msg_id":0,"in_reply_to":7}}
[INBOUND]{"id":100,"src":"c14","dest":"n5","body":{"echo":"Please echo 108","type":"echo","msg_id":8}}
Current callback ids: []
[ECHO_OK] {"src":"n5","dest":"c14","body":{"type":"echo_ok","echo":"Please echo 108","msg_id":0,"in_reply_to":8}}
[INBOUND]{"id":124,"src":"c14","dest":"n5","body":{"echo":"Please echo 3","type":"echo","msg_id":9}}
Current callback ids: []
[ECHO_OK] {"src":"n5","dest":"c14","body":{"type":"echo_ok","echo":"Please echo 3","msg_id":0,"in_reply_to":9}}
[INBOUND]{"id":128,"src":"c14","dest":"n5","body":{"echo":"Please echo 30","type":"echo","msg_id":10}}
Current callback ids: []
[ECHO_OK] {"src":"n5","dest":"c14","body":{"type":"echo_ok","echo":"Please echo 30","msg_id":0,"in_reply_to":10}}
[INBOUND]{"id":132,"src":"c14","dest":"n5","body":{"echo":"Please echo 91","type":"echo","msg_id":11}}
Current callback ids: []
[ECHO_OK] {"src":"n5","dest":"c14","body":{"type":"echo_ok","echo":"Please echo 91","msg_id":0,"in_reply_to":11}}
[INBOUND]{"id":138,"src":"c14","dest":"n5","body":{"echo":"Please echo 72","type":"echo","msg_id":12}}
Current callback ids: []
[ECHO_OK] {"src":"n5","dest":"c14","body":{"type":"echo_ok","echo":"Please echo 72","msg_id":0,"in_reply_to":12}}
[INBOUND]{"id":142,"src":"c14","dest":"n5","body":{"echo":"Please echo 123","type":"echo","msg_id":13}}
Current callback ids: []
[ECHO_OK] {"src":"n5","dest":"c14","body":{"type":"echo_ok","echo":"Please echo 123","msg_id":0,"in_reply_to":13}}
[INBOUND]{"id":146,"src":"c14","dest":"n5","body":{"echo":"Please echo 4","type":"echo","msg_id":14}}
Current callback ids: []
[ECHO_OK] {"src":"n5","dest":"c14","body":{"type":"echo_ok","echo":"Please echo 4","msg_id":0,"in_reply_to":14}}
[INBOUND]{"id":182,"src":"c14","dest":"n5","body":{"echo":"Please echo 100","type":"echo","msg_id":15}}
Current callback ids: []
[ECHO_OK] {"src":"n5","dest":"c14","body":{"type":"echo_ok","echo":"Please echo 100","msg_id":0,"in_reply_to":15}}
[INBOUND]{"id":184,"src":"c14","dest":"n5","body":{"echo":"Please echo 89","type":"echo","msg_id":16}}
Current callback ids: []
[ECHO_OK] {"src":"n5","dest":"c14","body":{"type":"echo_ok","echo":"Please echo 89","msg_id":0,"in_reply_to":16}}
[INBOUND]{"id":186,"src":"c14","dest":"n5","body":{"echo":"Please echo 110","type":"echo","msg_id":17}}
Current callback ids: []
[ECHO_OK] {"src":"n5","dest":"c14","body":{"type":"echo_ok","echo":"Please echo 110","msg_id":0,"in_reply_to":17}}
[INBOUND]{"id":196,"src":"c14","dest":"n5","body":{"echo":"Please echo 33","type":"echo","msg_id":18}}
Current callback ids: []
[ECHO_OK] {"src":"n5","dest":"c14","body":{"type":"echo_ok","echo":"Please echo 33","msg_id":0,"in_reply_to":18}}
[INBOUND]{"id":200,"src":"c14","dest":"n5","body":{"echo":"Please echo 71","type":"echo","msg_id":19}}
Current callback ids: []
[ECHO_OK] {"src":"n5","dest":"c14","body":{"type":"echo_ok","echo":"Please echo 71","msg_id":0,"in_reply_to":19}}
[INBOUND]{"id":202,"src":"c14","dest":"n5","body":{"echo":"Please echo 104","type":"echo","msg_id":20}}
Current callback ids: []
[ECHO_OK] {"src":"n5","dest":"c14","body":{"type":"echo_ok","echo":"Please echo 104","msg_id":0,"in_reply_to":20}}
[INBOUND]{"id":212,"src":"c14","dest":"n5","body":{"echo":"Please echo 62","type":"echo","msg_id":21}}
Current callback ids: []
[ECHO_OK] {"src":"n5","dest":"c14","body":{"type":"echo_ok","echo":"Please echo 62","msg_id":0,"in_reply_to":21}}
[INBOUND]{"id":216,"src":"c14","dest":"n5","body":{"echo":"Please echo 20","type":"echo","msg_id":22}}
Current callback ids: []
[ECHO_OK] {"src":"n5","dest":"c14","body":{"type":"echo_ok","echo":"Please echo 20","msg_id":0,"in_reply_to":22}}
[INBOUND]{"id":220,"src":"c14","dest":"n5","body":{"echo":"Please echo 18","type":"echo","msg_id":23}}
Current callback ids: []
[ECHO_OK] {"src":"n5","dest":"c14","body":{"type":"echo_ok","echo":"Please echo 18","msg_id":0,"in_reply_to":23}}
[INBOUND]{"id":240,"src":"c14","dest":"n5","body":{"echo":"Please echo 115","type":"echo","msg_id":24}}
Current callback ids: []
[ECHO_OK] {"src":"n5","dest":"c14","body":{"type":"echo_ok","echo":"Please echo 115","msg_id":0,"in_reply_to":24}}
[INBOUND]{"id":246,"src":"c14","dest":"n5","body":{"echo":"Please echo 64","type":"echo","msg_id":25}}
Current callback ids: []
[ECHO_OK] {"src":"n5","dest":"c14","body":{"type":"echo_ok","echo":"Please echo 64","msg_id":0,"in_reply_to":25}}
[INBOUND]{"id":280,"src":"c14","dest":"n5","body":{"echo":"Please echo 1","type":"echo","msg_id":26}}
Current callback ids: []
[ECHO_OK] {"src":"n5","dest":"c14","body":{"type":"echo_ok","echo":"Please echo 1","msg_id":0,"in_reply_to":26}}
[INBOUND]{"id":304,"src":"c14","dest":"n5","body":{"echo":"Please echo 35","type":"echo","msg_id":27}}
Current callback ids: []
[ECHO_OK] {"src":"n5","dest":"c14","body":{"type":"echo_ok","echo":"Please echo 35","msg_id":0,"in_reply_to":27}}
[INBOUND]{"id":310,"src":"c14","dest":"n5","body":{"echo":"Please echo 96","type":"echo","msg_id":28}}
Current callback ids: []
[ECHO_OK] {"src":"n5","dest":"c14","body":{"type":"echo_ok","echo":"Please echo 96","msg_id":0,"in_reply_to":28}}
[INBOUND]{"id":348,"src":"c14","dest":"n5","body":{"echo":"Please echo 80","type":"echo","msg_id":29}}
Current callback ids: []
[ECHO_OK] {"src":"n5","dest":"c14","body":{"type":"echo_ok","echo":"Please echo 80","msg_id":0,"in_reply_to":29}}
[INBOUND]{"id":356,"src":"c14","dest":"n5","body":{"echo":"Please echo 54","type":"echo","msg_id":30}}
Current callback ids: []
[ECHO_OK] {"src":"n5","dest":"c14","body":{"type":"echo_ok","echo":"Please echo 54","msg_id":0,"in_reply_to":30}}
[INBOUND]{"id":366,"src":"c14","dest":"n5","body":{"echo":"Please echo 54","type":"echo","msg_id":31}}
Current callback ids: []
[ECHO_OK] {"src":"n5","dest":"c14","body":{"type":"echo_ok","echo":"Please echo 54","msg_id":0,"in_reply_to":31}}
[INBOUND]{"id":370,"src":"c14","dest":"n5","body":{"echo":"Please echo 36","type":"echo","msg_id":32}}
Current callback ids: []
[ECHO_OK] {"src":"n5","dest":"c14","body":{"type":"echo_ok","echo":"Please echo 36","msg_id":0,"in_reply_to":32}}
[INBOUND]{"id":378,"src":"c14","dest":"n5","body":{"echo":"Please echo 116","type":"echo","msg_id":33}}
Current callback ids: []
[ECHO_OK] {"src":"n5","dest":"c14","body":{"type":"echo_ok","echo":"Please echo 116","msg_id":0,"in_reply_to":33}}
[INBOUND]{"id":388,"src":"c14","dest":"n5","body":{"echo":"Please echo 27","type":"echo","msg_id":34}}
Current callback ids: []
[ECHO_OK] {"src":"n5","dest":"c14","body":{"type":"echo_ok","echo":"Please echo 27","msg_id":0,"in_reply_to":34}}
